Archive member included to satisfy reference by file (symbol)

c:/chibistudio/tools/gnu tools arm embedded/9.0 2019q4/bin/../lib/gcc/arm-none-eabi/9.2.1/../../../../arm-none-eabi/lib/thumb/v7e-m/nofp\libg.a(lib_a-memcpy.o)
                              C:\Users\kunal\AppData\Local\Temp\ch.elf.kUmEDF.ltrans0.ltrans.o (memcpy)

Discarded input sections

 .data          0x00000000        0x0 ./build/obj/crt0_v7m.o
 .bss           0x00000000        0x0 ./build/obj/crt0_v7m.o
 .data          0x00000000        0x0 ./build/obj/vectors.o
 .bss           0x00000000        0x0 ./build/obj/vectors.o
 .data          0x00000000        0x0 ./build/obj/chcoreasm_v7m.o
 .bss           0x00000000        0x0 ./build/obj/chcoreasm_v7m.o
 .text          0x00000000        0x0 C:\Users\kunal\AppData\Local\Temp\ch.elf.kUmEDF.ltrans0.ltrans.o
 .data          0x00000000        0x0 C:\Users\kunal\AppData\Local\Temp\ch.elf.kUmEDF.ltrans0.ltrans.o
 .bss           0x00000000        0x0 C:\Users\kunal\AppData\Local\Temp\ch.elf.kUmEDF.ltrans0.ltrans.o
 .comment       0x00000000       0x7a C:\Users\kunal\AppData\Local\Temp\ccl25jkm.debug.temp.o
 .comment       0x00000000       0x7a C:\Users\kunal\AppData\Local\Temp\cci9ffWu.debug.temp.o
 .comment       0x00000000       0x7a C:\Users\kunal\AppData\Local\Temp\ccxdGBCD.debug.temp.o
 .comment       0x00000000       0x7a C:\Users\kunal\AppData\Local\Temp\cciQxrjL.debug.temp.o
 .comment       0x00000000       0x7a C:\Users\kunal\AppData\Local\Temp\cct6uR8S.debug.temp.o
 .comment       0x00000000       0x7a C:\Users\kunal\AppData\Local\Temp\ccabq960.debug.temp.o
 .debug_info    0x00000000     0x15fe C:\Users\kunal\AppData\Local\Temp\ccrcUAe9.debug.temp.o
 .debug_abbrev  0x00000000      0x1bc C:\Users\kunal\AppData\Local\Temp\ccrcUAe9.debug.temp.o
 .debug_line    0x00000000      0x559 C:\Users\kunal\AppData\Local\Temp\ccrcUAe9.debug.temp.o
 .debug_str     0x00000000      0xc4f C:\Users\kunal\AppData\Local\Temp\ccrcUAe9.debug.temp.o
 .comment       0x00000000       0x7a C:\Users\kunal\AppData\Local\Temp\ccrcUAe9.debug.temp.o
 .comment       0x00000000       0x7a C:\Users\kunal\AppData\Local\Temp\ccW22bqh.debug.temp.o
 .comment       0x00000000       0x7a C:\Users\kunal\AppData\Local\Temp\ccJ4oHxo.debug.temp.o
 .comment       0x00000000       0x7a C:\Users\kunal\AppData\Local\Temp\cc62jmOv.debug.temp.o
 .comment       0x00000000       0x7a C:\Users\kunal\AppData\Local\Temp\ccZPcTdD.debug.temp.o
 .comment       0x00000000       0x7a C:\Users\kunal\AppData\Local\Temp\ccsvy1LK.debug.temp.o
 .comment       0x00000000       0x7a C:\Users\kunal\AppData\Local\Temp\ccP9GSUV.debug.temp.o
 .comment       0x00000000       0x7a C:\Users\kunal\AppData\Local\Temp\ccGxtkc7.debug.temp.o
 .debug_info    0x00000000     0x1e7c C:\Users\kunal\AppData\Local\Temp\cczM0UEi.debug.temp.o
 .debug_abbrev  0x00000000      0x21f C:\Users\kunal\AppData\Local\Temp\cczM0UEi.debug.temp.o
 .debug_line    0x00000000      0x57a C:\Users\kunal\AppData\Local\Temp\cczM0UEi.debug.temp.o
 .debug_str     0x00000000     0x103f C:\Users\kunal\AppData\Local\Temp\cczM0UEi.debug.temp.o
 .comment       0x00000000       0x7a C:\Users\kunal\AppData\Local\Temp\cczM0UEi.debug.temp.o
 .comment       0x00000000       0x7a C:\Users\kunal\AppData\Local\Temp\ccYRyEgu.debug.temp.o
 .debug_info    0x00000000     0x15fe C:\Users\kunal\AppData\Local\Temp\ccpw2AQE.debug.temp.o
 .debug_abbrev  0x00000000      0x1bc C:\Users\kunal\AppData\Local\Temp\ccpw2AQE.debug.temp.o
 .debug_line    0x00000000      0x559 C:\Users\kunal\AppData\Local\Temp\ccpw2AQE.debug.temp.o
 .debug_str     0x00000000      0xc63 C:\Users\kunal\AppData\Local\Temp\ccpw2AQE.debug.temp.o
 .comment       0x00000000       0x7a C:\Users\kunal\AppData\Local\Temp\ccpw2AQE.debug.temp.o
 .comment       0x00000000       0x7a C:\Users\kunal\AppData\Local\Temp\cciRS7yP.debug.temp.o
 .comment       0x00000000       0x7a C:\Users\kunal\AppData\Local\Temp\ccH0Gwq0.debug.temp.o
 .comment       0x00000000       0x7a C:\Users\kunal\AppData\Local\Temp\ccsfmEmb.debug.temp.o
 .comment       0x00000000       0x7a C:\Users\kunal\AppData\Local\Temp\ccVMF3om.debug.temp.o
 .comment       0x00000000       0x7a C:\Users\kunal\AppData\Local\Temp\ccA8hHpw.debug.temp.o
 .comment       0x00000000       0x7a C:\Users\kunal\AppData\Local\Temp\ccRtKuzG.debug.temp.o
 .debug_info    0x00000000      0xb1f C:\Users\kunal\AppData\Local\Temp\ccCAT9RQ.debug.temp.o
 .debug_abbrev  0x00000000      0x16f C:\Users\kunal\AppData\Local\Temp\ccCAT9RQ.debug.temp.o
 .debug_line    0x00000000      0x338 C:\Users\kunal\AppData\Local\Temp\ccCAT9RQ.debug.temp.o
 .debug_str     0x00000000      0x7b2 C:\Users\kunal\AppData\Local\Temp\ccCAT9RQ.debug.temp.o
 .comment       0x00000000       0x7a C:\Users\kunal\AppData\Local\Temp\ccCAT9RQ.debug.temp.o
 .comment       0x00000000       0x7a C:\Users\kunal\AppData\Local\Temp\ccPnppj1.debug.temp.o
 .comment       0x00000000       0x7a C:\Users\kunal\AppData\Local\Temp\cckaenPb.debug.temp.o
[...]
Memory Configuration

Name             Origin             Length             Attributes
flash0           0x08000000         0x00100000         xr
flash1           0x00000000         0x00000000         xr
flash2           0x00000000         0x00000000         xr
flash3           0x00000000         0x00000000         xr
flash4           0x00000000         0x00000000         xr
flash5           0x00000000         0x00000000         xr
flash6           0x00000000         0x00000000         xr
flash7           0x00000000         0x00000000         xr
ram0             0x20000000         0x00020000         xw
ram1             0x20000000         0x0001c000         xw
ram2             0x2001c000         0x00004000         xw
ram3             0x00000000         0x00000000         xw
ram4             0x10000000         0x00010000         xw
ram5             0x40024000         0x00001000         xw
ram6             0x00000000         0x00000000         xw
ram7             0x00000000         0x00000000         xw
*default*        0x00000000         0xffffffff

Linker script and memory map

LOAD ./build/obj/crt0_v7m.o
LOAD ./build/obj/vectors.o
LOAD ./build/obj/chcoreasm_v7m.o
LOAD C:\Users\kunal\AppData\Local\Temp\ch.elf.kUmEDF.ltrans0.ltrans.o
LOAD C:\Users\kunal\AppData\Local\Temp\ccl25jkm.debug.temp.o
LOAD C:\Users\kunal\AppData\Local\Temp\cci9ffWu.debug.temp.o
LOAD C:\Users\kunal\AppData\Local\Temp\ccxdGBCD.debug.temp.o
LOAD C:\Users\kunal\AppData\Local\Temp\cciQxrjL.debug.temp.o
LOAD C:\Users\kunal\AppData\Local\Temp\cct6uR8S.debug.temp.o
LOAD C:\Users\kunal\AppData\Local\Temp\ccabq960.debug.temp.o
LOAD C:\Users\kunal\AppData\Local\Temp\ccrcUAe9.debug.temp.o
LOAD C:\Users\kunal\AppData\Local\Temp\ccW22bqh.debug.temp.o
LOAD C:\Users\kunal\AppData\Local\Temp\ccJ4oHxo.debug.temp.o
LOAD C:\Users\kunal\AppData\Local\Temp\cc62jmOv.debug.temp.o
LOAD C:\Users\kunal\AppData\Local\Temp\ccZPcTdD.debug.temp.o
LOAD C:\Users\kunal\AppData\Local\Temp\ccsvy1LK.debug.temp.o
LOAD C:\Users\kunal\AppData\Local\Temp\ccP9GSUV.debug.temp.o
LOAD C:\Users\kunal\AppData\Local\Temp\ccGxtkc7.debug.temp.o
LOAD C:\Users\kunal\AppData\Local\Temp\cczM0UEi.debug.temp.o
LOAD C:\Users\kunal\AppData\Local\Temp\ccYRyEgu.debug.temp.o
LOAD C:\Users\kunal\AppData\Local\Temp\ccpw2AQE.debug.temp.o
LOAD C:\Users\kunal\AppData\Local\Temp\cciRS7yP.debug.temp.o
LOAD C:\Users\kunal\AppData\Local\Temp\ccH0Gwq0.debug.temp.o
LOAD C:\Users\kunal\AppData\Local\Temp\ccsfmEmb.debug.temp.o
LOAD C:\Users\kunal\AppData\Local\Temp\ccVMF3om.debug.temp.o
LOAD C:\Users\kunal\AppData\Local\Temp\ccA8hHpw.debug.temp.o
LOAD C:\Users\kunal\AppData\Local\Temp\ccRtKuzG.debug.temp.o
LOAD C:\Users\kunal\AppData\Local\Temp\ccCAT9RQ.debug.temp.o
LOAD C:\Users\kunal\AppData\Local\Temp\ccPnppj1.debug.temp.o
LOAD C:\Users\kunal\AppData\Local\Temp\cckaenPb.debug.temp.o
LOAD C:\Users\kunal\AppData\Local\Temp\ccDsKfql.debug.temp.o
LOAD C:\Users\kunal\AppData\Local\Temp\ccaAVh5u.debug.temp.o
LOAD C:\Users\kunal\AppData\Local\Temp\ccfBotTE.debug.temp.o
LOAD C:\Users\kunal\AppData\Local\Temp\ccQqPwQO.debug.temp.o
LOAD C:\Users\kunal\AppData\Local\Temp\ccdZQJn2.debug.temp.o
LOAD C:\Users\kunal\AppData\Local\Temp\cc8qa63f.debug.temp.o
LOAD C:\Users\kunal\AppData\Local\Temp\cc3EE3Qt.debug.temp.o
LOAD C:\Users\kunal\AppData\Local\Temp\ccqzvBMH.debug.temp.o
LOAD C:\Users\kunal\AppData\Local\Temp\ccNZ0lGU.debug.temp.o
LOAD C:\Users\kunal\AppData\Local\Temp\ccMpmgJ7.debug.temp.o
LOAD C:\Users\kunal\AppData\Local\Temp\ccTvxjQk.debug.temp.o
LOAD C:\Users\kunal\AppData\Local\Temp\ccAyhw6x.debug.temp.o
LOAD C:\Users\kunal\AppData\Local\Temp\cclv3RxL.debug.temp.o
LOAD C:\Users\kunal\AppData\Local\Temp\cc4S98WX.debug.temp.o
LOAD C:\Users\kunal\AppData\Local\Temp\ccTfyS7b.debug.temp.o
LOAD C:\Users\kunal\AppData\Local\Temp\ccMceKmq.debug.temp.o
LOAD C:\Users\kunal\AppData\Local\Temp\ccnizMKE.debug.temp.o
LOAD C:\Users\kunal\AppData\Local\Temp\ccucSGhT.debug.temp.o
LOAD C:\Users\kunal\AppData\Local\Temp\ccBGtbtb.debug.temp.o
LOAD C:\Users\kunal\AppData\Local\Temp\cc2YPZPt.debug.temp.o
LOAD C:\Users\kunal\AppData\Local\Temp\ccBZ4dhM.debug.temp.o
LOAD C:\Users\kunal\AppData\Local\Temp\ccO0nlR4.debug.temp.o
LOAD C:\Users\kunal\AppData\Local\Temp\cctI32zn.debug.temp.o
LOAD C:\Users\kunal\AppData\Local\Temp\cc8VnXgF.debug.temp.o
LOAD C:\Users\kunal\AppData\Local\Temp\ccn6g16W.debug.temp.o
LOAD C:\Users\kunal\AppData\Local\Temp\ccsPgc8e.debug.temp.o
LOAD C:\Users\kunal\AppData\Local\Temp\ccNqcxdx.debug.temp.o
LOAD C:\Users\kunal\AppData\Local\Temp\cckStnhO.debug.temp.o
LOAD C:\Users\kunal\AppData\Local\Temp\ccl5r5t5.debug.temp.o
LOAD C:\Users\kunal\AppData\Local\Temp\ccQ13nPm.debug.temp.o
LOAD C:\Users\kunal\AppData\Local\Temp\cclKQhhE.debug.temp.o
LOAD C:\Users\kunal\AppData\Local\Temp\ccU6SFHU.debug.temp.o
LOAD C:\Users\kunal\AppData\Local\Temp\ccZhTVgb.debug.temp.o
LOAD C:\Users\kunal\AppData\Local\Temp\ccycxMYr.debug.temp.o
LOAD C:\Users\kunal\AppData\Local\Temp\cchUnkLI.debug.temp.o
LOAD C:\Users\kunal\AppData\Local\Temp\cculSsGZ.debug.temp.o
LOAD C:\Users\kunal\AppData\Local\Temp\ccnGSKik.debug.temp.o
LOAD C:\Users\kunal\AppData\Local\Temp\ccGI4a4E.debug.temp.o
LOAD C:\Users\kunal\AppData\Local\Temp\ccDLkuYZ.debug.temp.o
LOAD C:\Users\kunal\AppData\Local\Temp\ccUiRm1k.debug.temp.o
LOAD C:\Users\kunal\AppData\Local\Temp\ccjy8s2E.debug.temp.o
LOAD C:\Users\kunal\AppData\Local\Temp\cckNfJcZ.debug.temp.o
LOAD C:\Users\kunal\AppData\Local\Temp\ccbzaztj.debug.temp.o
LOAD C:\Users\kunal\AppData\Local\Temp\ccu1rZSD.debug.temp.o
LOAD C:\Users\kunal\AppData\Local\Temp\ccXeLDgX.debug.temp.o
LOAD C:\Users\kunal\AppData\Local\Temp\ccO6YpNg.debug.temp.o
LOAD C:\Users\kunal\AppData\Local\Temp\ccn5O5sA.debug.temp.o

.mstack         0x20000000      0x400
                0x20000000                . = ALIGN (0x8)
                0x20000000                __main_stack_base__ = .
                0x20000400                . = (. + __main_stack_size__)
 *fill*         0x20000000      0x400 
                0x20000400                . = ALIGN (0x8)
                0x20000400                __main_stack_end__ = .

.pstack         0x20000400      0x400
                0x20000400                . = ALIGN (0x8)
                0x20000400                __process_stack_base__ = .
                0x20000400                __main_thread_stack_base__ = .
                0x20000800                . = (. + __process_stack_size__)
 *fill*         0x20000400      0x400 
                0x20000800                . = ALIGN (0x8)
                0x20000800                __process_stack_end__ = .
                0x20000800                __main_thread_stack_end__ = .

.vectors        0x08000000      0x1e0
 *(.vectors)
 .vectors       0x08000000      0x1e0 ./build/obj/vectors.o
                0x08000000                _vectors

.xtors          0x080001e0        0x0
                0x080001e0                __init_array_base__ = .
 *(SORT_BY_NAME(.init_array.*))
 *(.init_array)
                0x080001e0                __init_array_end__ = .
                0x080001e0                __fini_array_base__ = .
 *(.fini_array)
 *(SORT_BY_NAME(.fini_array.*))
                0x080001e0                __fini_array_end__ = .

.text           0x080001e0     0x32c4
                0x080001e0                __text_base__ = .
 *(.text)
 .text          0x080001e0       0xd8 ./build/obj/crt0_v7m.o
                0x080001e0                _crt0_entry
 .text          0x080002b8        0x8 ./build/obj/vectors.o
                0x080002b8                Reset_Handler
                0x080002ba                VectorE8
                0x080002ba                Vector9C
                0x080002ba                VectorAC
                0x080002ba                DebugMon_Handler
                0x080002ba                Vector1A0
                0x080002ba                Vector5C
                0x080002ba                Vector11C
                0x080002ba                HardFault_Handler
                0x080002ba                Vector1B8
                0x080002ba                Vector19C
                0x080002ba                Vector8C
                0x080002ba                SysTick_Handler
                0x080002ba                VectorDC
                0x080002ba                PendSV_Handler
                0x080002ba                Vector168
                0x080002ba                NMI_Handler
                0x080002ba                Vector1D8
                0x080002ba                VectorC8
                0x080002ba                Vector94
                0x080002ba                VectorA8
                0x080002ba                VectorB4
                0x080002ba                Vector1B0
                0x080002ba                UsageFault_Handler
                0x080002ba                VectorEC
                0x080002ba                Vector40
                0x080002ba                VectorF8
                0x080002ba                Vector108
                0x080002ba                VectorBC
                0x080002ba                Vector190
                0x080002ba                Vector1C4
                0x080002ba                Vector1CC
                0x080002ba                Vector148
                0x080002ba                Vector188
                0x080002ba                Vector198
                0x080002ba                Vector118
                0x080002ba                Vector64
                0x080002ba                Vector58
                0x080002ba                VectorCC
                0x080002ba                Vector54
                0x080002ba                Vector98
                0x080002ba                Vector138
                0x080002ba                Vector24
                0x080002ba                Vector1AC
                0x080002ba                Vector178
                0x080002ba                Vector1A4
                0x080002ba                VectorD0
                0x080002ba                Vector1B4
                0x080002ba                Vector140
                0x080002ba                VectorE4
                0x080002ba                VectorC0
                0x080002ba                Vector1C0
                0x080002ba                Vector134
                0x080002ba                Vector1D0
                0x080002ba                VectorF0
                0x080002ba                Vector13C
                0x080002ba                Vector100
                0x080002ba                VectorE0
                0x080002ba                VectorF4
                0x080002ba                MemManage_Handler
                0x080002ba                VectorA0
                0x080002ba                VectorC4
                0x080002ba                Vector180
                0x080002ba                Vector90
                0x080002ba                Vector114
                0x080002ba                Vector60
                0x080002ba                Vector1C
                0x080002ba                Vector1BC
                0x080002ba                Vector1D4
                0x080002ba                Vector17C
                0x080002ba                Vector48
                0x080002ba                Vector1A8
                0x080002ba                Vector16C
                0x080002ba                VectorD4
                0x080002ba                Vector4C
                0x080002ba                Vector144
                0x080002ba                Vector15C
                0x080002ba                Vector68
                0x080002ba                Vector18C
                0x080002ba                Vector170
                0x080002ba                Vector88
                0x080002ba                Vector104
                0x080002ba                Vector184
                0x080002ba                Vector10C
                0x080002ba                Vector14C
                0x080002ba                BusFault_Handler
                0x080002ba                Vector50
                0x080002ba                Vector1C8
                0x080002ba                Vector194
                0x080002ba                Vector1DC
                0x080002ba                Vector44
                0x080002ba                Vector28
                0x080002ba                VectorB8
                0x080002ba                Vector34
                0x080002ba                VectorA4
                0x080002ba                Vector20
                0x080002ba                Vector174
                0x080002be                _unhandled_exception
 .text          0x080002c0       0x42 ./build/obj/chcoreasm_v7m.o
                0x080002c0                _port_switch
                0x080002d0                _port_thread_start
                0x080002ea                _port_switch_from_isr
                0x080002fe                _port_exit_from_isr
 *fill*         0x08000302        0x2 
 .text          0x08000304      0x134 c:/chibistudio/tools/gnu tools arm embedded/9.0 2019q4/bin/../lib/gcc/arm-none-eabi/9.2.1/../../../../arm-none-eabi/lib/thumb/v7e-m/nofp\libg.a(lib_a-memcpy.o)
                0x08000304                memcpy
 *(.text.*)
 *fill*         0x08000438        0x8 
 .text.sdObjectInit.constprop.0
                0x08000440       0x54 C:\Users\kunal\AppData\Local\Temp\ch.elf.kUmEDF.ltrans0.ltrans.o
 *fill*         0x08000494        0xc 
 .text.dmaStreamAllocI.part.0.constprop.0
                0x080004a0       0xb0 C:\Users\kunal\AppData\Local\Temp\ch.elf.kUmEDF.ltrans0.ltrans.o
 .text.notify2  0x08000550       0x10 C:\Users\kunal\AppData\Local\Temp\ch.elf.kUmEDF.ltrans0.ltrans.o
 .text.notify4  0x08000560       0x10 C:\Users\kunal\AppData\Local\Temp\ch.elf.kUmEDF.ltrans0.ltrans.o
 .text._port_irq_epilogue
                0x08000570       0x4c C:\Users\kunal\AppData\Local\Temp\ch.elf.kUmEDF.ltrans0.ltrans.o
 *fill*         0x080005bc        0x4 
 .text._stats_increase_irq
                0x080005c0       0x20 C:\Users\kunal\AppData\Local\Temp\ch.elf.kUmEDF.ltrans0.ltrans.o
 .text.chTMChainMeasurementToX
                0x080005e0       0x3c C:\Users\kunal\AppData\Local\Temp\ch.elf.kUmEDF.ltrans0.ltrans.o
 *fill*         0x0800061c        0x4 
 .text.chTMStopMeasurementX
                0x08000620       0x44 C:\Users\kunal\AppData\Local\Temp\ch.elf.kUmEDF.ltrans0.ltrans.o
 *fill*         0x08000664        0xc 
 .text._stats_stop_measure_crit_isr
                0x08000670        0xc C:\Users\kunal\AppData\Local\Temp\ch.elf.kUmEDF.ltrans0.ltrans.o
 *fill*         0x0800067c        0x4 
 .text.chTMStartMeasurementX
                0x08000680        0xc C:\Users\kunal\AppData\Local\Temp\ch.elf.kUmEDF.ltrans0.ltrans.o
 *fill*         0x0800068c        0x4 
 .text._stats_start_measure_crit_isr
                0x08000690        0xc C:\Users\kunal\AppData\Local\Temp\ch.elf.kUmEDF.ltrans0.ltrans.o
 *fill*         0x0800069c        0x4 
 .text.chDbgCheckClassS
                0x080006a0       0x20 C:\Users\kunal\AppData\Local\Temp\ch.elf.kUmEDF.ltrans0.ltrans.o
 .text.chDbgCheckClassI
                0x080006c0       0x20 C:\Users\kunal\AppData\Local\Temp\ch.elf.kUmEDF.ltrans0.ltrans.o
 .text.chCoreAllocFromTopI
                0x080006e0       0x44 C:\Users\kunal\AppData\Local\Temp\ch.elf.kUmEDF.ltrans0.ltrans.o
 *fill*         0x08000724        0xc 
 .text.chCoreAllocAlignedI
                0x08000730        0x8 C:\Users\kunal\AppData\Local\Temp\ch.elf.kUmEDF.ltrans0.ltrans.o
 *fill*         0x08000738        0x8 
 .text.chSchReadyAheadI
                0x08000740       0x4c C:\Users\kunal\AppData\Local\Temp\ch.elf.kUmEDF.ltrans0.ltrans.o
 *fill*         0x0800078c        0x4 
 .text.chSchReadyI
                0x08000790       0x4c C:\Users\kunal\AppData\Local\Temp\ch.elf.kUmEDF.ltrans0.ltrans.o
 *fill*         0x080007dc        0x4 
 .text.chThdDequeueNextI.constprop.0
                0x080007e0       0x34 C:\Users\kunal\AppData\Local\Temp\ch.elf.kUmEDF.ltrans0.ltrans.o
 *fill*         0x08000814        0xc 
 .text.chEvtBroadcastFlagsI
                0x08000820       0x74 C:\Users\kunal\AppData\Local\Temp\ch.elf.kUmEDF.ltrans0.ltrans.o
 *fill*         0x08000894        0xc 
 .text.chThdResumeI
                0x080008a0       0x2c C:\Users\kunal\AppData\Local\Temp\ch.elf.kUmEDF.ltrans0.ltrans.o
 *fill*         0x080008cc        0x4 
 .text._dbg_check_leave_isr
                0x080008d0       0x2c C:\Users\kunal\AppData\Local\Temp\ch.elf.kUmEDF.ltrans0.ltrans.o
 *fill*         0x080008fc        0x4 
 .text._dbg_check_enter_isr
                0x08000900       0x2c C:\Users\kunal\AppData\Local\Temp\ch.elf.kUmEDF.ltrans0.ltrans.o
 *fill*         0x0800092c        0x4 
 .text._dbg_check_unlock_from_isr
                0x08000930       0x24 C:\Users\kunal\AppData\Local\Temp\ch.elf.kUmEDF.ltrans0.ltrans.o
 *fill*         0x08000954        0xc 
 .text._dbg_check_lock_from_isr
                0x08000960       0x24 C:\Users\kunal\AppData\Local\Temp\ch.elf.kUmEDF.ltrans0.ltrans.o
 *fill*         0x08000984        0xc 
 .text.wakeup   0x08000990       0x60 C:\Users\kunal\AppData\Local\Temp\ch.elf.kUmEDF.ltrans0.ltrans.o
 .text._idle_thread
                0x080009f0        0x4 C:\Users\kunal\AppData\Local\Temp\ch.elf.kUmEDF.ltrans0.ltrans.o
 *fill*         0x080009f4        0xc 
 .text.serve_interrupt
                0x08000a00      0x1e4 C:\Users\kunal\AppData\Local\Temp\ch.elf.kUmEDF.ltrans0.ltrans.o
 *fill*         0x08000be4        0xc 
 .text.i2c_lld_serve_tx_end_irq
                0x08000bf0       0x44 C:\Users\kunal\AppData\Local\Temp\ch.elf.kUmEDF.ltrans0.ltrans.o
 *fill*         0x08000c34        0xc 
 .text.i2c_lld_serve_rx_end_irq
                0x08000c40       0x7c C:\Users\kunal\AppData\Local\Temp\ch.elf.kUmEDF.ltrans0.ltrans.o
 *fill*         0x08000cbc        0x4 
 .text._pal_lld_setgroupmode
                0x08000cc0       0xd4 C:\Users\kunal\AppData\Local\Temp\ch.elf.kUmEDF.ltrans0.ltrans.o
 *fill*         0x08000d94        0xc 
 .text.dmaStreamFreeI
                0x08000da0       0x98 C:\Users\kunal\AppData\Local\Temp\ch.elf.kUmEDF.ltrans0.ltrans.o
 *fill*         0x08000e38        0x8 
 .text._ctl     0x08000e40       0x38 C:\Users\kunal\AppData\Local\Temp\ch.elf.kUmEDF.ltrans0.ltrans.o
 *fill*         0x08000e78        0x8 
 .text.stSetAlarm
                0x08000e80       0x20 C:\Users\kunal\AppData\Local\Temp\ch.elf.kUmEDF.ltrans0.ltrans.o
 .text.chSchGoSleepS
                0x08000ea0       0x5c C:\Users\kunal\AppData\Local\Temp\ch.elf.kUmEDF.ltrans0.ltrans.o
 *fill*         0x08000efc        0x4 
 .text.chMtxLockS
                0x08000f00       0xe4 C:\Users\kunal\AppData\Local\Temp\ch.elf.kUmEDF.ltrans0.ltrans.o
 *fill*         0x08000fe4        0xc 
 .text.chSchGoSleepTimeoutS
                0x08000ff0      0x158 C:\Users\kunal\AppData\Local\Temp\ch.elf.kUmEDF.ltrans0.ltrans.o
 *fill*         0x08001148        0x8 
 .text.chThdEnqueueTimeoutS
                0x08001150       0x28 C:\Users\kunal\AppData\Local\Temp\ch.elf.kUmEDF.ltrans0.ltrans.o
 *fill*         0x08001178        0x8 
 .text.SVC_Handler
                0x08001180       0x14 C:\Users\kunal\AppData\Local\Temp\ch.elf.kUmEDF.ltrans0.ltrans.o
                0x08001180                SVC_Handler
 *fill*         0x08001194        0xc 
 .text._stats_stop_measure_crit_thd
                0x080011a0        0xc C:\Users\kunal\AppData\Local\Temp\ch.elf.kUmEDF.ltrans0.ltrans.o
                0x080011a0                _stats_stop_measure_crit_thd
 *fill*         0x080011ac        0x4 
 .text._stats_start_measure_crit_thd
                0x080011b0        0xc C:\Users\kunal\AppData\Local\Temp\ch.elf.kUmEDF.ltrans0.ltrans.o
                0x080011b0                _stats_start_measure_crit_thd
 *fill*         0x080011bc        0x4 
 .text.chSchDoRescheduleAhead
                0x080011c0       0x58 C:\Users\kunal\AppData\Local\Temp\ch.elf.kUmEDF.ltrans0.ltrans.o
                0x080011c0                chSchDoReschedule
 *fill*         0x08001218        0x8 
 .text._dbg_check_unlock
                0x08001220       0x20 C:\Users\kunal\AppData\Local\Temp\ch.elf.kUmEDF.ltrans0.ltrans.o
                0x08001220                _dbg_check_unlock
 .text.chSysUnlock.lto_priv.4
                0x08001240       0x34 C:\Users\kunal\AppData\Local\Temp\ch.elf.kUmEDF.ltrans0.ltrans.o
 *fill*         0x08001274        0xc 
 .text._dbg_check_lock
                0x08001280       0x20 C:\Users\kunal\AppData\Local\Temp\ch.elf.kUmEDF.ltrans0.ltrans.o
                0x08001280                _dbg_check_lock
 .text.i2cStart.constprop.0
                0x080012a0      0x2d8 C:\Users\kunal\AppData\Local\Temp\ch.elf.kUmEDF.ltrans0.ltrans.o
 *fill*         0x08001578        0x8 
 .text.i2c_lld_master_transmit_timeout.constprop.0
                0x08001580      0x170 C:\Users\kunal\AppData\Local\Temp\ch.elf.kUmEDF.ltrans0.ltrans.o
 .text.chCoreAllocFromTop
                0x080016f0       0x58 C:\Users\kunal\AppData\Local\Temp\ch.elf.kUmEDF.ltrans0.ltrans.o
 *fill*         0x08001748        0x8 
 .text.chMtxUnlock
                0x08001750       0xd0 C:\Users\kunal\AppData\Local\Temp\ch.elf.kUmEDF.ltrans0.ltrans.o
 .text.chThdExit
                0x08001820       0x5c C:\Users\kunal\AppData\Local\Temp\ch.elf.kUmEDF.ltrans0.ltrans.o
                0x08001820                chThdExit
 *fill*         0x0800187c        0x4 
 .text.oqWriteTimeout
                0x08001880      0x134 C:\Users\kunal\AppData\Local\Temp\ch.elf.kUmEDF.ltrans0.ltrans.o
 *fill*         0x080019b4        0xc 
 .text._writet  0x080019c0        0x8 C:\Users\kunal\AppData\Local\Temp\ch.elf.kUmEDF.ltrans0.ltrans.o
 *fill*         0x080019c8        0x8 
 .text._write   0x080019d0        0xc C:\Users\kunal\AppData\Local\Temp\ch.elf.kUmEDF.ltrans0.ltrans.o
 *fill*         0x080019dc        0x4 
 .text.oqPutTimeout
                0x080019e0       0xac C:\Users\kunal\AppData\Local\Temp\ch.elf.kUmEDF.ltrans0.ltrans.o
 *fill*         0x08001a8c        0x4 
 .text.println.constprop.0
                0x08001a90       0x18 C:\Users\kunal\AppData\Local\Temp\ch.elf.kUmEDF.ltrans0.ltrans.o
 *fill*         0x08001aa8        0x8 
 .text.printn   0x08001ab0       0x8c C:\Users\kunal\AppData\Local\Temp\ch.elf.kUmEDF.ltrans0.ltrans.o
 *fill*         0x08001b3c        0x4 
 .text.startup.main
                0x08001b40      0xc74 C:\Users\kunal\AppData\Local\Temp\ch.elf.kUmEDF.ltrans0.ltrans.o
                0x08001b40                main
 *fill*         0x080027b4        0xc 
 .text._putt    0x080027c0        0x8 C:\Users\kunal\AppData\Local\Temp\ch.elf.kUmEDF.ltrans0.ltrans.o
 *fill*         0x080027c8        0x8 
 .text._put     0x080027d0        0xc C:\Users\kunal\AppData\Local\Temp\ch.elf.kUmEDF.ltrans0.ltrans.o
 *fill*         0x080027dc        0x4 
 .text.iqReadTimeout
                0x080027e0      0x134 C:\Users\kunal\AppData\Local\Temp\ch.elf.kUmEDF.ltrans0.ltrans.o
 *fill*         0x08002914        0xc 
 .text._readt   0x08002920        0x8 C:\Users\kunal\AppData\Local\Temp\ch.elf.kUmEDF.ltrans0.ltrans.o
 *fill*         0x08002928        0x8 
 .text._read    0x08002930        0xc C:\Users\kunal\AppData\Local\Temp\ch.elf.kUmEDF.ltrans0.ltrans.o
 *fill*         0x0800293c        0x4 
 .text.iqGetTimeout
                0x08002940       0xa0 C:\Users\kunal\AppData\Local\Temp\ch.elf.kUmEDF.ltrans0.ltrans.o
 .text._gett    0x080029e0        0x8 C:\Users\kunal\AppData\Local\Temp\ch.elf.kUmEDF.ltrans0.ltrans.o
 *fill*         0x080029e8        0x8 
 .text._get     0x080029f0        0xc C:\Users\kunal\AppData\Local\Temp\ch.elf.kUmEDF.ltrans0.ltrans.o
 *fill*         0x080029fc        0x4 
 .text.__early_init
                0x08002a00      0x268 C:\Users\kunal\AppData\Local\Temp\ch.elf.kUmEDF.ltrans0.ltrans.o
                0x08002a00                __early_init
 *fill*         0x08002c68        0x8 
 .text.Vector110
                0x08002c70       0x20 C:\Users\kunal\AppData\Local\Temp\ch.elf.kUmEDF.ltrans0.ltrans.o
                0x08002c70                Vector110
 .text.VectorD8
                0x08002c90       0x20 C:\Users\kunal\AppData\Local\Temp\ch.elf.kUmEDF.ltrans0.ltrans.o
                0x08002c90                VectorD8
 .text.VectorB0
                0x08002cb0      0x104 C:\Users\kunal\AppData\Local\Temp\ch.elf.kUmEDF.ltrans0.ltrans.o
                0x08002cb0                VectorB0
 *fill*         0x08002db4        0xc 
 .text.Vector164
                0x08002dc0      0x104 C:\Users\kunal\AppData\Local\Temp\ch.elf.kUmEDF.ltrans0.ltrans.o
                0x08002dc0                Vector164
 *fill*         0x08002ec4        0xc 
 .text.Vector160
                0x08002ed0      0x13c C:\Users\kunal\AppData\Local\Temp\ch.elf.kUmEDF.ltrans0.ltrans.o
                0x08002ed0                Vector160
 *fill*         0x0800300c        0x4 
 .text.Vector158
                0x08003010       0x38 C:\Users\kunal\AppData\Local\Temp\ch.elf.kUmEDF.ltrans0.ltrans.o
                0x08003010                Vector158
 *fill*         0x08003048        0x8 
 .text.Vector154
                0x08003050       0x38 C:\Users\kunal\AppData\Local\Temp\ch.elf.kUmEDF.ltrans0.ltrans.o
                0x08003050                Vector154
 *fill*         0x08003088        0x8 
 .text.Vector150
                0x08003090       0x38 C:\Users\kunal\AppData\Local\Temp\ch.elf.kUmEDF.ltrans0.ltrans.o
                0x08003090                Vector150
 *fill*         0x080030c8        0x8 
 .text.Vector130
                0x080030d0       0x34 C:\Users\kunal\AppData\Local\Temp\ch.elf.kUmEDF.ltrans0.ltrans.o
                0x080030d0                Vector130
 *fill*         0x08003104        0xc 
 .text.Vector12C
                0x08003110       0x38 C:\Users\kunal\AppData\Local\Temp\ch.elf.kUmEDF.ltrans0.ltrans.o
                0x08003110                Vector12C
 *fill*         0x08003148        0x8 
 .text.Vector128
                0x08003150       0x38 C:\Users\kunal\AppData\Local\Temp\ch.elf.kUmEDF.ltrans0.ltrans.o
                0x08003150                Vector128
 *fill*         0x08003188        0x8 
 .text.Vector124
                0x08003190       0x38 C:\Users\kunal\AppData\Local\Temp\ch.elf.kUmEDF.ltrans0.ltrans.o
                0x08003190                Vector124
 *fill*         0x080031c8        0x8 
 .text.Vector120
                0x080031d0       0x34 C:\Users\kunal\AppData\Local\Temp\ch.elf.kUmEDF.ltrans0.ltrans.o
                0x080031d0                Vector120
 *fill*         0x08003204        0xc 
 .text.VectorFC
                0x08003210       0x38 C:\Users\kunal\AppData\Local\Temp\ch.elf.kUmEDF.ltrans0.ltrans.o
                0x08003210                VectorFC
 *fill*         0x08003248        0x8 
 .text.Vector84
                0x08003250       0x38 C:\Users\kunal\AppData\Local\Temp\ch.elf.kUmEDF.ltrans0.ltrans.o
                0x08003250                Vector84
 *fill*         0x08003288        0x8 
 .text.Vector80
                0x08003290       0x38 C:\Users\kunal\AppData\Local\Temp\ch.elf.kUmEDF.ltrans0.ltrans.o
                0x08003290                Vector80
 *fill*         0x080032c8        0x8 
 .text.Vector7C
                0x080032d0       0x34 C:\Users\kunal\AppData\Local\Temp\ch.elf.kUmEDF.ltrans0.ltrans.o
                0x080032d0                Vector7C
 *fill*         0x08003304        0xc 
 .text.Vector78
                0x08003310       0x38 C:\Users\kunal\AppData\Local\Temp\ch.elf.kUmEDF.ltrans0.ltrans.o
                0x08003310                Vector78
 *fill*         0x08003348        0x8 
 .text.Vector74
                0x08003350       0x38 C:\Users\kunal\AppData\Local\Temp\ch.elf.kUmEDF.ltrans0.ltrans.o
                0x08003350                Vector74
 *fill*         0x08003388        0x8 
 .text.Vector70
                0x08003390       0x38 C:\Users\kunal\AppData\Local\Temp\ch.elf.kUmEDF.ltrans0.ltrans.o
                0x08003390                Vector70
 *fill*         0x080033c8        0x8 
 .text.Vector6C
                0x080033d0       0x34 C:\Users\kunal\AppData\Local\Temp\ch.elf.kUmEDF.ltrans0.ltrans.o
                0x080033d0                Vector6C
 *fill*         0x08003404        0xc 
 .text.__init_ram_areas
                0x08003410       0x68 C:\Users\kunal\AppData\Local\Temp\ch.elf.kUmEDF.ltrans0.ltrans.o
                0x08003410                __init_ram_areas
 *fill*         0x08003478        0x8 
 .text.__default_exit
                0x08003480        0x4 C:\Users\kunal\AppData\Local\Temp\ch.elf.kUmEDF.ltrans0.ltrans.o
                0x08003480                __default_exit
 *fill*         0x08003484        0xc 
 .text.__late_init
                0x08003490        0x4 C:\Users\kunal\AppData\Local\Temp\ch.elf.kUmEDF.ltrans0.ltrans.o
                0x08003490                __late_init
 *fill*         0x08003494        0xc 
 .text.__core_init
                0x080034a0        0x4 C:\Users\kunal\AppData\Local\Temp\ch.elf.kUmEDF.ltrans0.ltrans.o
                0x080034a0                __core_init
 *(.glue_7t)
 .glue_7t       0x080034a4        0x0 linker stubs
 *(.glue_7)
 .glue_7        0x080034a4        0x0 linker stubs
 *(.gcc*)
                0x080034a4                __text_end__ = .

.vfp11_veneer   0x080034a4        0x0
 .vfp11_veneer  0x080034a4        0x0 linker stubs

.v4_bx          0x080034a4        0x0
 .v4_bx         0x080034a4        0x0 linker stubs

.iplt           0x080034a4        0x0
 .iplt          0x080034a4        0x0 ./build/obj/crt0_v7m.o

.rodata         0x080034a4      0x45c
                0x080034a4                __rodata_base__ = .
 *(.rodata)
 *(.rodata.*)
 .rodata.chDbgCheckClassS.str1.4
                0x080034a4        0x6 C:\Users\kunal\AppData\Local\Temp\ch.elf.kUmEDF.ltrans0.ltrans.o
 *fill*         0x080034aa        0x2 
 .rodata.chDbgCheckClassI.str1.4
                0x080034ac        0x6 C:\Users\kunal\AppData\Local\Temp\ch.elf.kUmEDF.ltrans0.ltrans.o
 *fill*         0x080034b2        0x2 
 .rodata._dbg_check_leave_isr.str1.4
                0x080034b4        0x5 C:\Users\kunal\AppData\Local\Temp\ch.elf.kUmEDF.ltrans0.ltrans.o
 *fill*         0x080034b9        0x3 
 .rodata._dbg_check_enter_isr.str1.4
                0x080034bc        0x5 C:\Users\kunal\AppData\Local\Temp\ch.elf.kUmEDF.ltrans0.ltrans.o
 *fill*         0x080034c1        0x3 
 .rodata._dbg_check_unlock_from_isr.str1.4
                0x080034c4        0x5 C:\Users\kunal\AppData\Local\Temp\ch.elf.kUmEDF.ltrans0.ltrans.o
 *fill*         0x080034c9        0x3 
 .rodata._dbg_check_lock_from_isr.str1.4
                0x080034cc        0x5 C:\Users\kunal\AppData\Local\Temp\ch.elf.kUmEDF.ltrans0.ltrans.o
 *fill*         0x080034d1        0x3 
 .rodata.i2c_lld_serve_tx_end_irq.str1.4
                0x080034d4        0xc C:\Users\kunal\AppData\Local\Temp\ch.elf.kUmEDF.ltrans0.ltrans.o
 .rodata.chSchGoSleepS.str1.4
                0x080034e0        0xf C:\Users\kunal\AppData\Local\Temp\ch.elf.kUmEDF.ltrans0.ltrans.o
 *fill*         0x080034ef        0x1 
 .rodata._dbg_check_unlock.str1.4
                0x080034f0        0x5 C:\Users\kunal\AppData\Local\Temp\ch.elf.kUmEDF.ltrans0.ltrans.o
 *fill*         0x080034f5        0x3 
 .rodata._dbg_check_lock.str1.4
                0x080034f8        0x5 C:\Users\kunal\AppData\Local\Temp\ch.elf.kUmEDF.ltrans0.ltrans.o
 *fill*         0x080034fd        0x3 
 .rodata.println.constprop.0.str1.4
                0x08003500        0x3 C:\Users\kunal\AppData\Local\Temp\ch.elf.kUmEDF.ltrans0.ltrans.o
 *fill*         0x08003503        0x1 
 .rodata.main.str1.4
                0x08003504       0x41 C:\Users\kunal\AppData\Local\Temp\ch.elf.kUmEDF.ltrans0.ltrans.o
 *fill*         0x08003545        0x3 
 .rodata.__func__.6049.lto_priv.0
                0x08003548        0xc C:\Users\kunal\AppData\Local\Temp\ch.elf.kUmEDF.ltrans0.ltrans.o
 .rodata.__func__.6049.lto_priv.1
                0x08003554        0xc C:\Users\kunal\AppData\Local\Temp\ch.elf.kUmEDF.ltrans0.ltrans.o
 .rodata.__func__.6049.lto_priv.2
                0x08003560        0xc C:\Users\kunal\AppData\Local\Temp\ch.elf.kUmEDF.ltrans0.ltrans.o
 .rodata.__func__.6049.lto_priv.3
                0x0800356c        0xc C:\Users\kunal\AppData\Local\Temp\ch.elf.kUmEDF.ltrans0.ltrans.o
 .rodata.__func__.6049.lto_priv.4
                0x08003578        0xc C:\Users\kunal\AppData\Local\Temp\ch.elf.kUmEDF.ltrans0.ltrans.o
 .rodata.__func__.6049.lto_priv.5
                0x08003584        0xc C:\Users\kunal\AppData\Local\Temp\ch.elf.kUmEDF.ltrans0.ltrans.o
 .rodata.__func__.6049.lto_priv.6
                0x08003590        0xc C:\Users\kunal\AppData\Local\Temp\ch.elf.kUmEDF.ltrans0.ltrans.o
 .rodata.__func__.6135
                0x0800359c        0xc C:\Users\kunal\AppData\Local\Temp\ch.elf.kUmEDF.ltrans0.ltrans.o
 .rodata.__func__.6250
                0x080035a8       0x14 C:\Users\kunal\AppData\Local\Temp\ch.elf.kUmEDF.ltrans0.ltrans.o
 .rodata.__func__.6451.lto_priv.0
                0x080035bc        0xc C:\Users\kunal\AppData\Local\Temp\ch.elf.kUmEDF.ltrans0.ltrans.o
 .rodata.__func__.6451.lto_priv.1
                0x080035c8        0xc C:\Users\kunal\AppData\Local\Temp\ch.elf.kUmEDF.ltrans0.ltrans.o
 .rodata.__func__.7293
                0x080035d4        0xc C:\Users\kunal\AppData\Local\Temp\ch.elf.kUmEDF.ltrans0.ltrans.o
 .rodata.__func__.7296.lto_priv.0
                0x080035e0        0xb C:\Users\kunal\AppData\Local\Temp\ch.elf.kUmEDF.ltrans0.ltrans.o
 *fill*         0x080035eb        0x1 
 .rodata.__func__.7296.lto_priv.1
                0x080035ec        0xb C:\Users\kunal\AppData\Local\Temp\ch.elf.kUmEDF.ltrans0.ltrans.o
 *fill*         0x080035f7        0x1 
 .rodata.__func__.7300
                0x080035f8       0x11 C:\Users\kunal\AppData\Local\Temp\ch.elf.kUmEDF.ltrans0.ltrans.o
 *fill*         0x08003609        0x3 
 .rodata.__func__.7308
                0x0800360c       0x14 C:\Users\kunal\AppData\Local\Temp\ch.elf.kUmEDF.ltrans0.ltrans.o
 .rodata.__func__.7315.lto_priv.0
                0x08003620        0xc C:\Users\kunal\AppData\Local\Temp\ch.elf.kUmEDF.ltrans0.ltrans.o
 .rodata.__func__.7315.lto_priv.1
                0x0800362c        0xc C:\Users\kunal\AppData\Local\Temp\ch.elf.kUmEDF.ltrans0.ltrans.o
 .rodata.__func__.7318.lto_priv.1
                0x08003638        0xb C:\Users\kunal\AppData\Local\Temp\ch.elf.kUmEDF.ltrans0.ltrans.o
 *fill*         0x08003643        0x1 
 .rodata.__func__.7319
                0x08003644        0xc C:\Users\kunal\AppData\Local\Temp\ch.elf.kUmEDF.ltrans0.ltrans.o
 .rodata.__func__.7329
                0x08003650        0xd C:\Users\kunal\AppData\Local\Temp\ch.elf.kUmEDF.ltrans0.ltrans.o
 *fill*         0x0800365d        0x3 
 .rodata.__func__.7335
                0x08003660        0xd C:\Users\kunal\AppData\Local\Temp\ch.elf.kUmEDF.ltrans0.ltrans.o
 *fill*         0x0800366d        0x3 
 .rodata.__func__.7336
                0x08003670        0xd C:\Users\kunal\AppData\Local\Temp\ch.elf.kUmEDF.ltrans0.ltrans.o
 *fill*         0x0800367d        0x3 
 .rodata.__func__.7351
                0x08003680        0xb C:\Users\kunal\AppData\Local\Temp\ch.elf.kUmEDF.ltrans0.ltrans.o
 *fill*         0x0800368b        0x1 
 .rodata.__func__.7390
                0x0800368c       0x15 C:\Users\kunal\AppData\Local\Temp\ch.elf.kUmEDF.ltrans0.ltrans.o
 *fill*         0x080036a1        0x3 
 .rodata.__func__.7396
                0x080036a4        0xd C:\Users\kunal\AppData\Local\Temp\ch.elf.kUmEDF.ltrans0.ltrans.o
 *fill*         0x080036b1        0x3 
 .rodata.__func__.7696
                0x080036b4       0x10 C:\Users\kunal\AppData\Local\Temp\ch.elf.kUmEDF.ltrans0.ltrans.o
 .rodata.__func__.8303
                0x080036c4        0xd C:\Users\kunal\AppData\Local\Temp\ch.elf.kUmEDF.ltrans0.ltrans.o
 *fill*         0x080036d1        0x3 
 .rodata.__func__.8307
                0x080036d4        0x9 C:\Users\kunal\AppData\Local\Temp\ch.elf.kUmEDF.ltrans0.ltrans.o
 *fill*         0x080036dd        0x3 
 .rodata.__func__.8310
                0x080036e0        0xb C:\Users\kunal\AppData\Local\Temp\ch.elf.kUmEDF.ltrans0.ltrans.o
 *fill*         0x080036eb        0x1 
 .rodata.__func__.8311
                0x080036ec        0x8 C:\Users\kunal\AppData\Local\Temp\ch.elf.kUmEDF.ltrans0.ltrans.o
 .rodata.__func__.8316
                0x080036f4       0x12 C:\Users\kunal\AppData\Local\Temp\ch.elf.kUmEDF.ltrans0.ltrans.o
 *fill*         0x08003706        0x2 
 .rodata.__func__.8326
                0x08003708       0x19 C:\Users\kunal\AppData\Local\Temp\ch.elf.kUmEDF.ltrans0.ltrans.o
 *fill*         0x08003721        0x3 
 .rodata.__func__.8341
                0x08003724        0x5 C:\Users\kunal\AppData\Local\Temp\ch.elf.kUmEDF.ltrans0.ltrans.o
 *fill*         0x08003729        0x3 
 .rodata.__func__.8359
                0x0800372c        0x8 C:\Users\kunal\AppData\Local\Temp\ch.elf.kUmEDF.ltrans0.ltrans.o
 .rodata.__func__.8381
                0x08003734        0xe C:\Users\kunal\AppData\Local\Temp\ch.elf.kUmEDF.ltrans0.ltrans.o
 *fill*         0x08003742        0x2 
 .rodata.__func__.8404
                0x08003744        0xf C:\Users\kunal\AppData\Local\Temp\ch.elf.kUmEDF.ltrans0.ltrans.o
 *fill*         0x08003753        0x1 
 .rodata.__func__.8757
                0x08003754        0xe C:\Users\kunal\AppData\Local\Temp\ch.elf.kUmEDF.ltrans0.ltrans.o
 *fill*         0x08003762        0x2 
 .rodata.__func__.8808
                0x08003764        0xf C:\Users\kunal\AppData\Local\Temp\ch.elf.kUmEDF.ltrans0.ltrans.o
 *fill*         0x08003773        0x1 
 .rodata._stm32_dma_streams
                0x08003774       0xc0 C:\Users\kunal\AppData\Local\Temp\ch.elf.kUmEDF.ltrans0.ltrans.o
 .rodata.ch_debug
                0x08003834       0x16 C:\Users\kunal\AppData\Local\Temp\ch.elf.kUmEDF.ltrans0.ltrans.o
 *fill*         0x0800384a        0x2 
 .rodata.i2ccfg
                0x0800384c        0xc C:\Users\kunal\AppData\Local\Temp\ch.elf.kUmEDF.ltrans0.ltrans.o
 .rodata.ram_areas
                0x08003858       0x80 C:\Users\kunal\AppData\Local\Temp\ch.elf.kUmEDF.ltrans0.ltrans.o
 .rodata.vmt    0x080038d8       0x28 C:\Users\kunal\AppData\Local\Temp\ch.elf.kUmEDF.ltrans0.ltrans.o
                0x08003900                . = ALIGN (0x4)
                0x08003900                __rodata_end__ = .

.rel.dyn        0x08003900        0x0
 .rel.iplt      0x08003900        0x0 ./build/obj/crt0_v7m.o

.ARM.extab
 *(.ARM.extab* .gnu.linkonce.armextab.*)

.ARM.exidx      0x08003900        0x0
                0x08003900                __exidx_base__ = .
                0x08003900                __exidx_start = .
 *(.ARM.exidx* .gnu.linkonce.armexidx.*)
                0x08003900                __exidx_end__ = .
                0x08003900                __exidx_end = .

.eh_frame_hdr
 *(.eh_frame_hdr)

.eh_frame
 *(.eh_frame)

.data           0x20000800        0x8 load address 0x08003900
                [!provide]                PROVIDE (_textdata = LOADADDR (.data))
                [!provide]                PROVIDE (_data = .)
                0x08003900                __textdata_base__ = LOADADDR (.data)
                0x20000800                __data_base__ = .
 *(.data)
 *(.data.*)
 .data.StatusReg
                0x20000800        0x1 C:\Users\kunal\AppData\Local\Temp\ch.elf.kUmEDF.ltrans0.ltrans.o
 *fill*         0x20000801        0x3 
 .data.setReset
                0x20000804        0x2 C:\Users\kunal\AppData\Local\Temp\ch.elf.kUmEDF.ltrans0.ltrans.o
 *(.ramtext)
                0x20000808                . = ALIGN (0x4)
 *fill*         0x20000806        0x2 
                [!provide]                PROVIDE (_edata = .)
                0x20000808                __data_end__ = .

.igot.plt       0x20000808        0x0 load address 0x08003908
 .igot.plt      0x20000808        0x0 ./build/obj/crt0_v7m.o

.bss            0x20000808      0x424 load address 0x08003908
                0x20000808                __bss_base__ = .
 *(.bss)
 *(.bss.*)
 .bss.I2CD3     0x20000808       0x38 C:\Users\kunal\AppData\Local\Temp\ch.elf.kUmEDF.ltrans0.ltrans.o
 .bss.SD2       0x20000840       0x7c C:\Users\kunal\AppData\Local\Temp\ch.elf.kUmEDF.ltrans0.ltrans.o
 .bss.SD4       0x200008bc       0x7c C:\Users\kunal\AppData\Local\Temp\ch.elf.kUmEDF.ltrans0.ltrans.o
 .bss.SPID2     0x20000938       0x30 C:\Users\kunal\AppData\Local\Temp\ch.elf.kUmEDF.ltrans0.ltrans.o
 .bss.ch        0x20000968       0xd8 C:\Users\kunal\AppData\Local\Temp\ch.elf.kUmEDF.ltrans0.ltrans.o
 .bss.ch_factory
                0x20000a40       0x48 C:\Users\kunal\AppData\Local\Temp\ch.elf.kUmEDF.ltrans0.ltrans.o
 .bss.ch_idle_thread_wa
                0x20000a88       0xf8 C:\Users\kunal\AppData\Local\Temp\ch.elf.kUmEDF.ltrans0.ltrans.o
 .bss.ch_memcore
                0x20000b80        0x8 C:\Users\kunal\AppData\Local\Temp\ch.elf.kUmEDF.ltrans0.ltrans.o
 .bss.default_heap
                0x20000b88       0x1c C:\Users\kunal\AppData\Local\Temp\ch.elf.kUmEDF.ltrans0.ltrans.o
 .bss.dma       0x20000ba4       0x84 C:\Users\kunal\AppData\Local\Temp\ch.elf.kUmEDF.ltrans0.ltrans.o
 .bss.errors    0x20000c28        0x4 C:\Users\kunal\AppData\Local\Temp\ch.elf.kUmEDF.ltrans0.ltrans.o
 *(COMMON)
                0x20000c2c                . = ALIGN (0x4)
                0x20000c2c                __bss_end__ = .
                [!provide]                PROVIDE (end = .)
                0x20000000                __ram0_base__ = ORIGIN (ram0)
                0x00020000                __ram0_size__ = LENGTH (ram0)
                0x20020000                __ram0_end__ = (__ram0_base__ + __ram0_size__)
                0x20000000                __ram1_base__ = ORIGIN (ram1)
                0x0001c000                __ram1_size__ = LENGTH (ram1)
                0x2001c000                __ram1_end__ = (__ram1_base__ + __ram1_size__)
                0x2001c000                __ram2_base__ = ORIGIN (ram2)
                0x00004000                __ram2_size__ = LENGTH (ram2)
                0x20020000                __ram2_end__ = (__ram2_base__ + __ram2_size__)
                0x00000000                __ram3_base__ = ORIGIN (ram3)
                0x00000000                __ram3_size__ = LENGTH (ram3)
                0x00000000                __ram3_end__ = (__ram3_base__ + __ram3_size__)
                0x10000000                __ram4_base__ = ORIGIN (ram4)
                0x00010000                __ram4_size__ = LENGTH (ram4)
                0x10010000                __ram4_end__ = (__ram4_base__ + __ram4_size__)
                0x40024000                __ram5_base__ = ORIGIN (ram5)
                0x00001000                __ram5_size__ = LENGTH (ram5)
                0x40025000                __ram5_end__ = (__ram5_base__ + __ram5_size__)
                0x00000000                __ram6_base__ = ORIGIN (ram6)
                0x00000000                __ram6_size__ = LENGTH (ram6)
                0x00000000                __ram6_end__ = (__ram6_base__ + __ram6_size__)
                0x00000000                __ram7_base__ = ORIGIN (ram7)
                0x00000000                __ram7_size__ = LENGTH (ram7)
                0x00000000                __ram7_end__ = (__ram7_base__ + __ram7_size__)
                0x08000000                __flash0_base__ = ORIGIN (flash0)
                0x00100000                __flash0_size__ = LENGTH (flash0)
                0x08100000                __flash0_end__ = (__flash0_base__ + __flash0_size__)
                0x00000000                __flash1_base__ = ORIGIN (flash1)
                0x00000000                __flash1_size__ = LENGTH (flash1)
                0x00000000                __flash1_end__ = (__flash1_base__ + __flash1_size__)
                0x00000000                __flash2_base__ = ORIGIN (flash2)
                0x00000000                __flash2_size__ = LENGTH (flash2)
                0x00000000                __flash2_end__ = (__flash2_base__ + __flash2_size__)
                0x00000000                __flash3_base__ = ORIGIN (flash3)
                0x00000000                __flash3_size__ = LENGTH (flash3)
                0x00000000                __flash3_end__ = (__flash3_base__ + __flash3_size__)
                0x00000000                __flash4_base__ = ORIGIN (flash4)
                0x00000000                __flash4_size__ = LENGTH (flash4)
                0x00000000                __flash4_end__ = (__flash4_base__ + __flash4_size__)
                0x00000000                __flash5_base__ = ORIGIN (flash5)
                0x00000000                __flash5_size__ = LENGTH (flash5)
                0x00000000                __flash5_end__ = (__flash5_base__ + __flash5_size__)
                0x00000000                __flash6_base__ = ORIGIN (flash6)
                0x00000000                __flash6_size__ = LENGTH (flash6)
                0x00000000                __flash6_end__ = (__flash6_base__ + __flash6_size__)
                0x00000000                __flash7_base__ = ORIGIN (flash7)
                0x00000000                __flash7_size__ = LENGTH (flash7)
                0x00000000                __flash7_end__ = (__flash7_base__ + __flash7_size__)

.ram0_init      0x20000c2c        0x0 load address 0x08003908
                0x08003908                __ram0_init_text__ = LOADADDR (.ram0_init)
                0x20000c2c                __ram0_init__ = .
 *(.ram0_init)
 *(.ram0_init.*)
                0x20000c2c                . = ALIGN (0x4)

.ram0           0x20000c2c        0x0 load address 0x08003908
                0x20000c2c                __ram0_clear__ = .
 *(.ram0_clear)
 *(.ram0_clear.*)
                0x20000c2c                . = ALIGN (0x4)
                0x20000c2c                __ram0_noinit__ = .
 *(.ram0)
 *(.ram0.*)
                0x20000c2c                . = ALIGN (0x4)
                0x20000c2c                __ram0_free__ = .

.ram1_init      0x20000000        0x0 load address 0x08003908
                0x08003908                __ram1_init_text__ = LOADADDR (.ram1_init)
                0x20000000                __ram1_init__ = .
 *(.ram1_init)
 *(.ram1_init.*)
                0x20000000                . = ALIGN (0x4)

.ram1           0x20000000        0x0 load address 0x08003908
                0x20000000                __ram1_clear__ = .
 *(.ram1_clear)
 *(.ram1_clear.*)
                0x20000000                . = ALIGN (0x4)
                0x20000000                __ram1_noinit__ = .
 *(.ram1)
 *(.ram1.*)
                0x20000000                . = ALIGN (0x4)
                0x20000000                __ram1_free__ = .

.ram2_init      0x2001c000        0x0 load address 0x08003908
                0x08003908                __ram2_init_text__ = LOADADDR (.ram2_init)
                0x2001c000                __ram2_init__ = .
 *(.ram2_init)
 *(.ram2_init.*)
                0x2001c000                . = ALIGN (0x4)

.ram2           0x2001c000        0x0 load address 0x08003908
                0x2001c000                __ram2_clear__ = .
 *(.ram2_clear)
 *(.ram2_clear.*)
                0x2001c000                . = ALIGN (0x4)
                0x2001c000                __ram2_noinit__ = .
 *(.ram2)
 *(.ram2.*)
                0x2001c000                . = ALIGN (0x4)
                0x2001c000                __ram2_free__ = .

.ram3_init      0x00000000        0x0 load address 0x08003908
                0x08003908                __ram3_init_text__ = LOADADDR (.ram3_init)
                0x00000000                __ram3_init__ = .
 *(.ram3_init)
 *(.ram3_init.*)
                0x00000000                . = ALIGN (0x4)

.ram3           0x00000000        0x0 load address 0x08003908
                0x00000000                __ram3_clear__ = .
 *(.ram3_clear)
 *(.ram3_clear.*)
                0x00000000                . = ALIGN (0x4)
                0x00000000                __ram3_noinit__ = .
 *(.ram3)
 *(.ram3.*)
                0x00000000                . = ALIGN (0x4)
                0x00000000                __ram3_free__ = .

.ram4_init      0x10000000        0x0 load address 0x08003908
                0x08003908                __ram4_init_text__ = LOADADDR (.ram4_init)
                0x10000000                __ram4_init__ = .
 *(.ram4_init)
 *(.ram4_init.*)
                0x10000000                . = ALIGN (0x4)

.ram4           0x10000000        0x0 load address 0x08003908
                0x10000000                __ram4_clear__ = .
 *(.ram4_clear)
 *(.ram4_clear.*)
                0x10000000                . = ALIGN (0x4)
                0x10000000                __ram4_noinit__ = .
 *(.ram4)
 *(.ram4.*)
                0x10000000                . = ALIGN (0x4)
                0x10000000                __ram4_free__ = .

.ram5_init      0x40024000        0x0 load address 0x08003908
                0x08003908                __ram5_init_text__ = LOADADDR (.ram5_init)
                0x40024000                __ram5_init__ = .
 *(.ram5_init)
 *(.ram5_init.*)
                0x40024000                . = ALIGN (0x4)

.ram5           0x40024000        0x0 load address 0x08003908
                0x40024000                __ram5_clear__ = .
 *(.ram5_clear)
 *(.ram5_clear.*)
                0x40024000                . = ALIGN (0x4)
                0x40024000                __ram5_noinit__ = .
 *(.ram5)
 *(.ram5.*)
                0x40024000                . = ALIGN (0x4)
                0x40024000                __ram5_free__ = .

.ram6_init      0x00000000        0x0 load address 0x08003908
                0x08003908                __ram6_init_text__ = LOADADDR (.ram6_init)
                0x00000000                __ram6_init__ = .
 *(.ram6_init)
 *(.ram6_init.*)
                0x00000000                . = ALIGN (0x4)

.ram6           0x00000000        0x0 load address 0x08003908
                0x00000000                __ram6_clear__ = .
 *(.ram6_clear)
 *(.ram6_clear.*)
                0x00000000                . = ALIGN (0x4)
                0x00000000                __ram6_noinit__ = .
 *(.ram6)
 *(.ram6.*)
                0x00000000                . = ALIGN (0x4)
                0x00000000                __ram6_free__ = .

.ram7_init      0x00000000        0x0 load address 0x08003908
                0x08003908                __ram7_init_text__ = LOADADDR (.ram7_init)
                0x00000000                __ram7_init__ = .
 *(.ram7_init)
 *(.ram7_init.*)
                0x00000000                . = ALIGN (0x4)

.ram7           0x00000000        0x0 load address 0x08003908
                0x00000000                __ram7_clear__ = .
 *(.ram7_clear)
 *(.ram7_clear.*)
                0x00000000                . = ALIGN (0x4)
                0x00000000                __ram7_noinit__ = .
 *(.ram7)
 *(.ram7.*)
                0x00000000                . = ALIGN (0x4)
                0x00000000                __ram7_free__ = .

.flash0         0x08003908        0x0
                0x08003908                __flash0_init__ = .
 *(.flash0_init)
 *(.flash0_init.*)
                0x08003908                __flash0_free__ = .

.flash1         0x00000000        0x0
                0x00000000                __flash1_init__ = .
 *(.flash1_init)
 *(.flash1_init.*)
                0x00000000                __flash1_free__ = .

.flash2         0x00000000        0x0
                0x00000000                __flash2_init__ = .
 *(.flash2_init)
 *(.flash2_init.*)
                0x00000000                __flash2_free__ = .

.flash3         0x00000000        0x0
                0x00000000                __flash3_init__ = .
 *(.flash3_init)
 *(.flash3_init.*)
                0x00000000                __flash3_free__ = .

.flash4         0x00000000        0x0
                0x00000000                __flash4_init__ = .
 *(.flash4_init)
 *(.flash4_init.*)
                0x00000000                __flash4_free__ = .

.flash5         0x00000000        0x0
                0x00000000                __flash5_init__ = .
 *(.flash5_init)
 *(.flash5_init.*)
                0x00000000                __flash5_free__ = .

.flash6         0x00000000        0x0
                0x00000000                __flash6_init__ = .
 *(.flash6_init)
 *(.flash6_init.*)
                0x00000000                __flash6_free__ = .

.flash7         0x00000000        0x0
                0x00000000                __flash7_init__ = .
 *(.flash7_init)
 *(.flash7_init.*)
                0x00000000                __flash7_free__ = .

.heap           0x20000c2c    0x1f3d4
                0x20000c30                . = ALIGN (0x8)
 *fill*         0x20000c2c        0x4 
                0x20000c30                __heap_base__ = .
                0x20020000                . = (ORIGIN (HEAP_RAM) + LENGTH (HEAP_RAM))
 *fill*         0x20000c30    0x1f3d0 
                0x20020000                __heap_end__ = .
                0x00000400                __process_stack_size__ = 0x400
                0x00000400                __main_stack_size__ = 0x400
START GROUP
LOAD c:/chibistudio/tools/gnu tools arm embedded/9.0 2019q4/bin/../lib/gcc/arm-none-eabi/9.2.1/thumb/v7e-m/nofp\libgcc.a
LOAD c:/chibistudio/tools/gnu tools arm embedded/9.0 2019q4/bin/../lib/gcc/arm-none-eabi/9.2.1/../../../../arm-none-eabi/lib/thumb/v7e-m/nofp\libg.a
LOAD c:/chibistudio/tools/gnu tools arm embedded/9.0 2019q4/bin/../lib/gcc/arm-none-eabi/9.2.1/../../../../arm-none-eabi/lib/thumb/v7e-m/nofp\libc.a
END GROUP
OUTPUT(build/ch.elf elf32-littlearm)

.ARM.attributes
                0x00000000       0x2d
 .ARM.attributes
                0x00000000       0x21 ./build/obj/crt0_v7m.o
 .ARM.attributes
                0x00000021       0x21 ./build/obj/vectors.o
 .ARM.attributes
                0x00000042       0x21 ./build/obj/chcoreasm_v7m.o
 .ARM.attributes
                0x00000063       0x2c C:\Users\kunal\AppData\Local\Temp\ch.elf.kUmEDF.ltrans0.ltrans.o
 .ARM.attributes
                0x0000008f       0x1c c:/chibistudio/tools/gnu tools arm embedded/9.0 2019q4/bin/../lib/gcc/arm-none-eabi/9.2.1/../../../../arm-none-eabi/lib/thumb/v7e-m/nofp\libg.a(lib_a-memcpy.o)

.comment        0x00000000       0x79
 .comment       0x00000000       0x79 C:\Users\kunal\AppData\Local\Temp\ch.elf.kUmEDF.ltrans0.ltrans.o
                                 0x7a (size before relaxing)

.debug_line     0x00000000    0x120e9
 .debug_line    0x00000000       0xcd ./build/obj/crt0_v7m.o
 .debug_line    0x000000cd       0x77 ./build/obj/vectors.o
 .debug_line    0x00000144       0x94 ./build/obj/chcoreasm_v7m.o
 .debug_line    0x000001d8     0x734a C:\Users\kunal\AppData\Local\Temp\ch.elf.kUmEDF.ltrans0.ltrans.o
 .debug_line    0x00007522      0x1ad C:\Users\kunal\AppData\Local\Temp\ccl25jkm.debug.temp.o
 .debug_line    0x000076cf      0x5ac C:\Users\kunal\AppData\Local\Temp\cci9ffWu.debug.temp.o
 .debug_line    0x00007c7b      0x5ce C:\Users\kunal\AppData\Local\Temp\ccxdGBCD.debug.temp.o
 .debug_line    0x00008249      0x604 C:\Users\kunal\AppData\Local\Temp\cciQxrjL.debug.temp.o
 .debug_line    0x0000884d      0x5f2 C:\Users\kunal\AppData\Local\Temp\cct6uR8S.debug.temp.o
 .debug_line    0x00008e3f      0x5c1 C:\Users\kunal\AppData\Local\Temp\ccabq960.debug.temp.o
 .debug_line    0x00009400      0x5bf C:\Users\kunal\AppData\Local\Temp\ccW22bqh.debug.temp.o
 .debug_line    0x000099bf      0x58f C:\Users\kunal\AppData\Local\Temp\ccJ4oHxo.debug.temp.o
 .debug_line    0x00009f4e      0x5c2 C:\Users\kunal\AppData\Local\Temp\cc62jmOv.debug.temp.o
 .debug_line    0x0000a510      0x5bf C:\Users\kunal\AppData\Local\Temp\ccZPcTdD.debug.temp.o
 .debug_line    0x0000aacf      0x58f C:\Users\kunal\AppData\Local\Temp\ccsvy1LK.debug.temp.o
 .debug_line    0x0000b05e      0x596 C:\Users\kunal\AppData\Local\Temp\ccP9GSUV.debug.temp.o
 .debug_line    0x0000b5f4      0x594 C:\Users\kunal\AppData\Local\Temp\ccGxtkc7.debug.temp.o
 .debug_line    0x0000bb88      0x5a5 C:\Users\kunal\AppData\Local\Temp\ccYRyEgu.debug.temp.o
 .debug_line    0x0000c12d      0x56a C:\Users\kunal\AppData\Local\Temp\cciRS7yP.debug.temp.o
 .debug_line    0x0000c697      0x5c3 C:\Users\kunal\AppData\Local\Temp\ccH0Gwq0.debug.temp.o
 .debug_line    0x0000cc5a      0x5a7 C:\Users\kunal\AppData\Local\Temp\ccsfmEmb.debug.temp.o
 .debug_line    0x0000d201      0x5e3 C:\Users\kunal\AppData\Local\Temp\ccVMF3om.debug.temp.o
 .debug_line    0x0000d7e4      0x5aa C:\Users\kunal\AppData\Local\Temp\ccA8hHpw.debug.temp.o
 .debug_line    0x0000dd8e      0x598 C:\Users\kunal\AppData\Local\Temp\ccRtKuzG.debug.temp.o
 .debug_line    0x0000e326      0x3a3 C:\Users\kunal\AppData\Local\Temp\ccPnppj1.debug.temp.o
 .debug_line    0x0000e6c9      0x36f C:\Users\kunal\AppData\Local\Temp\cckaenPb.debug.temp.o
 .debug_line    0x0000ea38      0x379 C:\Users\kunal\AppData\Local\Temp\ccaAVh5u.debug.temp.o
 .debug_line    0x0000edb1      0x378 C:\Users\kunal\AppData\Local\Temp\ccfBotTE.debug.temp.o
 .debug_line    0x0000f129      0x39c C:\Users\kunal\AppData\Local\Temp\ccQqPwQO.debug.temp.o
 .debug_line    0x0000f4c5      0x35d C:\Users\kunal\AppData\Local\Temp\ccdZQJn2.debug.temp.o
 .debug_line    0x0000f822      0x36f C:\Users\kunal\AppData\Local\Temp\cc8qa63f.debug.temp.o
 .debug_line    0x0000fb91      0x3a2 C:\Users\kunal\AppData\Local\Temp\cc3EE3Qt.debug.temp.o
 .debug_line    0x0000ff33      0x36d C:\Users\kunal\AppData\Local\Temp\ccNZ0lGU.debug.temp.o
 .debug_line    0x000102a0      0x37e C:\Users\kunal\AppData\Local\Temp\ccTvxjQk.debug.temp.o
 .debug_line    0x0001061e      0x390 C:\Users\kunal\AppData\Local\Temp\cclv3RxL.debug.temp.o
 .debug_line    0x000109ae      0x374 C:\Users\kunal\AppData\Local\Temp\ccTfyS7b.debug.temp.o
 .debug_line    0x00010d22      0x376 C:\Users\kunal\AppData\Local\Temp\ccMceKmq.debug.temp.o
 .debug_line    0x00011098      0x375 C:\Users\kunal\AppData\Local\Temp\ccnizMKE.debug.temp.o
 .debug_line    0x0001140d      0x3c1 C:\Users\kunal\AppData\Local\Temp\ccBZ4dhM.debug.temp.o
 .debug_line    0x000117ce      0x389 C:\Users\kunal\AppData\Local\Temp\cctI32zn.debug.temp.o
 .debug_line    0x00011b57      0x592 C:\Users\kunal\AppData\Local\Temp\ccn5O5sA.debug.temp.o

.debug_info     0x00000000    0x3b9fa
 .debug_info    0x00000000       0x26 ./build/obj/crt0_v7m.o
 .debug_info    0x00000026       0x26 ./build/obj/vectors.o
 .debug_info    0x0000004c       0x26 ./build/obj/chcoreasm_v7m.o
 .debug_info    0x00000072     0x8be1 C:\Users\kunal\AppData\Local\Temp\ch.elf.kUmEDF.ltrans0.ltrans.o
 .debug_info    0x00008c53      0x35d C:\Users\kunal\AppData\Local\Temp\ccl25jkm.debug.temp.o
                0x00008c53                crt1.c.e34068b0
 .debug_info    0x00008fb0     0x160f C:\Users\kunal\AppData\Local\Temp\cci9ffWu.debug.temp.o
                0x00008fb0                hal.c.573ef27a
 .debug_info    0x0000a5bf     0x186c C:\Users\kunal\AppData\Local\Temp\ccxdGBCD.debug.temp.o
                0x0000a5bf                hal_st.c.df0555de
 .debug_info    0x0000be2b     0x264d C:\Users\kunal\AppData\Local\Temp\cciQxrjL.debug.temp.o
                0x0000be2b                hal_buffers.c.6c3d675b
 .debug_info    0x0000e478     0x2466 C:\Users\kunal\AppData\Local\Temp\cct6uR8S.debug.temp.o
                0x0000e478                hal_queues.c.448f1da8
 .debug_info    0x000108de     0x19d2 C:\Users\kunal\AppData\Local\Temp\ccabq960.debug.temp.o
                0x000108de                hal_flash.c.77f08bcd
 .debug_info    0x000122b0     0x18fb C:\Users\kunal\AppData\Local\Temp\ccW22bqh.debug.temp.o
                0x000122b0                hal_i2c.c.ac4b45ec
 .debug_info    0x00013bab     0x172b C:\Users\kunal\AppData\Local\Temp\ccJ4oHxo.debug.temp.o
                0x00013bab                hal_pal.c.a533c708
 .debug_info    0x000152d6     0x1ae5 C:\Users\kunal\AppData\Local\Temp\cc62jmOv.debug.temp.o
                0x000152d6                hal_serial.c.aa391d1c
 .debug_info    0x00016dbb     0x1af1 C:\Users\kunal\AppData\Local\Temp\ccZPcTdD.debug.temp.o
                0x00016dbb                hal_spi.c.6a7f859a
 .debug_info    0x000188ac     0x197b C:\Users\kunal\AppData\Local\Temp\ccsvy1LK.debug.temp.o
                0x000188ac                nvic.c.102849e2
 .debug_info    0x0001a227     0x1833 C:\Users\kunal\AppData\Local\Temp\ccP9GSUV.debug.temp.o
                0x0001a227                stm32_isr.c.96dbb04d
 .debug_info    0x0001ba5a     0x1a9e C:\Users\kunal\AppData\Local\Temp\ccGxtkc7.debug.temp.o
                0x0001ba5a                hal_lld.c.3bd549e3
 .debug_info    0x0001d4f8     0x1c21 C:\Users\kunal\AppData\Local\Temp\ccYRyEgu.debug.temp.o
                0x0001d4f8                stm32_dma.c.cb3c6e43
 .debug_info    0x0001f119     0x16c6 C:\Users\kunal\AppData\Local\Temp\cciRS7yP.debug.temp.o
                0x0001f119                hal_pal_lld.c.e33587eb
 .debug_info    0x000207df     0x1f7e C:\Users\kunal\AppData\Local\Temp\ccH0Gwq0.debug.temp.o
                0x000207df                hal_i2c_lld.c.4b8c5cce
 .debug_info    0x0002275d     0x1aeb C:\Users\kunal\AppData\Local\Temp\ccsfmEmb.debug.temp.o
                0x0002275d                hal_spi_lld.c.f21ea5fc
 .debug_info    0x00024248     0x1a17 C:\Users\kunal\AppData\Local\Temp\ccVMF3om.debug.temp.o
                0x00024248                hal_st_lld.c.bbbe8b38
 .debug_info    0x00025c5f     0x1a3b C:\Users\kunal\AppData\Local\Temp\ccA8hHpw.debug.temp.o
                0x00025c5f                hal_serial_lld.c.9b49c61d
 .debug_info    0x0002769a     0x191f C:\Users\kunal\AppData\Local\Temp\ccRtKuzG.debug.temp.o
                0x0002769a                board.c.6d6ba6fc
 .debug_info    0x00028fb9     0x10bf C:\Users\kunal\AppData\Local\Temp\ccPnppj1.debug.temp.o
                0x00028fb9                chsys.c.3b0c7336
 .debug_info    0x0002a078      0xbb2 C:\Users\kunal\AppData\Local\Temp\cckaenPb.debug.temp.o
                0x0002a078                chdebug.c.0f92c9a1
 .debug_info    0x0002ac2a      0xca9 C:\Users\kunal\AppData\Local\Temp\ccaAVh5u.debug.temp.o
                0x0002ac2a                chvt.c.2ffd57a8
 .debug_info    0x0002b8d3      0xe98 C:\Users\kunal\AppData\Local\Temp\ccfBotTE.debug.temp.o
                0x0002b8d3                chschd.c.f76e5921
 .debug_info    0x0002c76b     0x13dd C:\Users\kunal\AppData\Local\Temp\ccQqPwQO.debug.temp.o
                0x0002c76b                chthreads.c.d45f8f24
 .debug_info    0x0002db48      0xd69 C:\Users\kunal\AppData\Local\Temp\ccdZQJn2.debug.temp.o
                0x0002db48                chtm.c.ce876ee9
 .debug_info    0x0002e8b1      0xbaf C:\Users\kunal\AppData\Local\Temp\cc8qa63f.debug.temp.o
                0x0002e8b1                chstats.c.ad4156fc
 .debug_info    0x0002f460     0x1518 C:\Users\kunal\AppData\Local\Temp\cc3EE3Qt.debug.temp.o
                0x0002f460                chregistry.c.afcc2bbf
 .debug_info    0x00030978      0xe65 C:\Users\kunal\AppData\Local\Temp\ccNZ0lGU.debug.temp.o
                0x00030978                chmtx.c.55a3c6c1
 .debug_info    0x000317dd     0x107b C:\Users\kunal\AppData\Local\Temp\ccTvxjQk.debug.temp.o
                0x000317dd                chevents.c.27294b92
 .debug_info    0x00032858      0xdea C:\Users\kunal\AppData\Local\Temp\cclv3RxL.debug.temp.o
                0x00032858                chdynamic.c.2a1582bd
 .debug_info    0x00033642      0xd11 C:\Users\kunal\AppData\Local\Temp\ccTfyS7b.debug.temp.o
                0x00033642                chmemcore.c.5513c46f
 .debug_info    0x00034353      0xe07 C:\Users\kunal\AppData\Local\Temp\ccMceKmq.debug.temp.o
                0x00034353                chmemheaps.c.b8373ac6
 .debug_info    0x0003515a      0xebc C:\Users\kunal\AppData\Local\Temp\ccnizMKE.debug.temp.o
                0x0003515a                chmempools.c.863de07c
 .debug_info    0x00036016     0x1dc4 C:\Users\kunal\AppData\Local\Temp\ccBZ4dhM.debug.temp.o
                0x00036016                chfactory.c.5a540f68
 .debug_info    0x00037dda     0x1c2a C:\Users\kunal\AppData\Local\Temp\cctI32zn.debug.temp.o
                0x00037dda                chcore_v7m.c.0e89ae8a
 .debug_info    0x00039a04     0x1ff6 C:\Users\kunal\AppData\Local\Temp\ccn5O5sA.debug.temp.o
                0x00039a04                main.c.2ed4708f

.debug_abbrev   0x00000000     0x5bbc
 .debug_abbrev  0x00000000       0x14 ./build/obj/crt0_v7m.o
 .debug_abbrev  0x00000014       0x14 ./build/obj/vectors.o
 .debug_abbrev  0x00000028       0x14 ./build/obj/chcoreasm_v7m.o
 .debug_abbrev  0x0000003c      0x32d C:\Users\kunal\AppData\Local\Temp\ch.elf.kUmEDF.ltrans0.ltrans.o
 .debug_abbrev  0x00000369       0xff C:\Users\kunal\AppData\Local\Temp\ccl25jkm.debug.temp.o
 .debug_abbrev  0x00000468      0x1dc C:\Users\kunal\AppData\Local\Temp\cci9ffWu.debug.temp.o
 .debug_abbrev  0x00000644      0x262 C:\Users\kunal\AppData\Local\Temp\ccxdGBCD.debug.temp.o
 .debug_abbrev  0x000008a6      0x32a C:\Users\kunal\AppData\Local\Temp\cciQxrjL.debug.temp.o
 .debug_abbrev  0x00000bd0      0x33d C:\Users\kunal\AppData\Local\Temp\cct6uR8S.debug.temp.o
 .debug_abbrev  0x00000f0d      0x22c C:\Users\kunal\AppData\Local\Temp\ccabq960.debug.temp.o
 .debug_abbrev  0x00001139      0x27e C:\Users\kunal\AppData\Local\Temp\ccW22bqh.debug.temp.o
 .debug_abbrev  0x000013b7      0x221 C:\Users\kunal\AppData\Local\Temp\ccJ4oHxo.debug.temp.o
 .debug_abbrev  0x000015d8      0x2ad C:\Users\kunal\AppData\Local\Temp\cc62jmOv.debug.temp.o
 .debug_abbrev  0x00001885      0x281 C:\Users\kunal\AppData\Local\Temp\ccZPcTdD.debug.temp.o
 .debug_abbrev  0x00001b06      0x243 C:\Users\kunal\AppData\Local\Temp\ccsvy1LK.debug.temp.o
 .debug_abbrev  0x00001d49      0x1d6 C:\Users\kunal\AppData\Local\Temp\ccP9GSUV.debug.temp.o
 .debug_abbrev  0x00001f1f      0x1e9 C:\Users\kunal\AppData\Local\Temp\ccGxtkc7.debug.temp.o
 .debug_abbrev  0x00002108      0x29d C:\Users\kunal\AppData\Local\Temp\ccYRyEgu.debug.temp.o
 .debug_abbrev  0x000023a5      0x212 C:\Users\kunal\AppData\Local\Temp\cciRS7yP.debug.temp.o
 .debug_abbrev  0x000025b7      0x2f6 C:\Users\kunal\AppData\Local\Temp\ccH0Gwq0.debug.temp.o
 .debug_abbrev  0x000028ad      0x28e C:\Users\kunal\AppData\Local\Temp\ccsfmEmb.debug.temp.o
 .debug_abbrev  0x00002b3b      0x22b C:\Users\kunal\AppData\Local\Temp\ccVMF3om.debug.temp.o
 .debug_abbrev  0x00002d66      0x293 C:\Users\kunal\AppData\Local\Temp\ccA8hHpw.debug.temp.o
 .debug_abbrev  0x00002ff9      0x21c C:\Users\kunal\AppData\Local\Temp\ccRtKuzG.debug.temp.o
 .debug_abbrev  0x00003215      0x314 C:\Users\kunal\AppData\Local\Temp\ccPnppj1.debug.temp.o
 .debug_abbrev  0x00003529      0x1ad C:\Users\kunal\AppData\Local\Temp\cckaenPb.debug.temp.o
 .debug_abbrev  0x000036d6      0x252 C:\Users\kunal\AppData\Local\Temp\ccaAVh5u.debug.temp.o
 .debug_abbrev  0x00003928      0x2be C:\Users\kunal\AppData\Local\Temp\ccfBotTE.debug.temp.o
 .debug_abbrev  0x00003be6      0x2af C:\Users\kunal\AppData\Local\Temp\ccQqPwQO.debug.temp.o
 .debug_abbrev  0x00003e95      0x1e0 C:\Users\kunal\AppData\Local\Temp\ccdZQJn2.debug.temp.o
 .debug_abbrev  0x00004075      0x1cf C:\Users\kunal\AppData\Local\Temp\cc8qa63f.debug.temp.o
 .debug_abbrev  0x00004244      0x2ae C:\Users\kunal\AppData\Local\Temp\cc3EE3Qt.debug.temp.o
 .debug_abbrev  0x000044f2      0x28f C:\Users\kunal\AppData\Local\Temp\ccNZ0lGU.debug.temp.o
 .debug_abbrev  0x00004781      0x284 C:\Users\kunal\AppData\Local\Temp\ccTvxjQk.debug.temp.o
 .debug_abbrev  0x00004a05      0x20b C:\Users\kunal\AppData\Local\Temp\cclv3RxL.debug.temp.o
 .debug_abbrev  0x00004c10      0x22d C:\Users\kunal\AppData\Local\Temp\ccTfyS7b.debug.temp.o
 .debug_abbrev  0x00004e3d      0x270 C:\Users\kunal\AppData\Local\Temp\ccMceKmq.debug.temp.o
 .debug_abbrev  0x000050ad      0x273 C:\Users\kunal\AppData\Local\Temp\ccnizMKE.debug.temp.o
 .debug_abbrev  0x00005320      0x2f5 C:\Users\kunal\AppData\Local\Temp\ccBZ4dhM.debug.temp.o
 .debug_abbrev  0x00005615      0x2e9 C:\Users\kunal\AppData\Local\Temp\cctI32zn.debug.temp.o
 .debug_abbrev  0x000058fe      0x2be C:\Users\kunal\AppData\Local\Temp\ccn5O5sA.debug.temp.o

.debug_aranges  0x00000000      0x340
 .debug_aranges
                0x00000000       0x20 ./build/obj/crt0_v7m.o
 .debug_aranges
                0x00000020       0x20 ./build/obj/vectors.o
 .debug_aranges
                0x00000040       0x20 ./build/obj/chcoreasm_v7m.o
 .debug_aranges
                0x00000060      0x2e0 C:\Users\kunal\AppData\Local\Temp\ch.elf.kUmEDF.ltrans0.ltrans.o

.debug_str      0x00000000     0x444b
 .debug_str     0x00000000       0x94 ./build/obj/crt0_v7m.o
 .debug_str     0x00000094       0x42 ./build/obj/vectors.o
                                 0x93 (size before relaxing)
 .debug_str     0x000000d6       0x46 ./build/obj/chcoreasm_v7m.o
                                 0x97 (size before relaxing)
 .debug_str     0x0000011c      0x14f C:\Users\kunal\AppData\Local\Temp\ch.elf.kUmEDF.ltrans0.ltrans.o
                                0x199 (size before relaxing)
 .debug_str     0x0000026b      0x44a C:\Users\kunal\AppData\Local\Temp\ccl25jkm.debug.temp.o
                                0x4ee (size before relaxing)
 .debug_str     0x000006b5      0x95d C:\Users\kunal\AppData\Local\Temp\cci9ffWu.debug.temp.o
                                0xc5a (size before relaxing)
 .debug_str     0x00001012      0x136 C:\Users\kunal\AppData\Local\Temp\ccxdGBCD.debug.temp.o
                                0xd5d (size before relaxing)
 .debug_str     0x00001148      0x6d2 C:\Users\kunal\AppData\Local\Temp\cciQxrjL.debug.temp.o
                               0x1357 (size before relaxing)
 .debug_str     0x0000181a       0xcf C:\Users\kunal\AppData\Local\Temp\cct6uR8S.debug.temp.o
                               0x11cf (size before relaxing)
 .debug_str     0x000018e9      0x27e C:\Users\kunal\AppData\Local\Temp\ccabq960.debug.temp.o
                                0xec0 (size before relaxing)
 .debug_str     0x00001b67       0xfa C:\Users\kunal\AppData\Local\Temp\ccW22bqh.debug.temp.o
                                0xd8e (size before relaxing)
 .debug_str     0x00001c61       0x73 C:\Users\kunal\AppData\Local\Temp\ccJ4oHxo.debug.temp.o
                                0xcad (size before relaxing)
 .debug_str     0x00001cd4      0x12b C:\Users\kunal\AppData\Local\Temp\cc62jmOv.debug.temp.o
                                0xddc (size before relaxing)
 .debug_str     0x00001dff      0x122 C:\Users\kunal\AppData\Local\Temp\ccZPcTdD.debug.temp.o
                                0xe0b (size before relaxing)
 .debug_str     0x00001f21      0x143 C:\Users\kunal\AppData\Local\Temp\ccsvy1LK.debug.temp.o
                                0xd73 (size before relaxing)
 .debug_str     0x00002064      0x53f C:\Users\kunal\AppData\Local\Temp\ccP9GSUV.debug.temp.o
                               0x1166 (size before relaxing)
 .debug_str     0x000025a3      0x189 C:\Users\kunal\AppData\Local\Temp\ccGxtkc7.debug.temp.o
                                0xe40 (size before relaxing)
 .debug_str     0x0000272c      0x17a C:\Users\kunal\AppData\Local\Temp\ccYRyEgu.debug.temp.o
                                0xf0f (size before relaxing)
 .debug_str     0x000028a6       0x8a C:\Users\kunal\AppData\Local\Temp\cciRS7yP.debug.temp.o
                                0xcd6 (size before relaxing)
 .debug_str     0x00002930      0x2b0 C:\Users\kunal\AppData\Local\Temp\ccH0Gwq0.debug.temp.o
                               0x1593 (size before relaxing)
 .debug_str     0x00002be0      0x113 C:\Users\kunal\AppData\Local\Temp\ccsfmEmb.debug.temp.o
                                0xf24 (size before relaxing)
 .debug_str     0x00002cf3       0x80 C:\Users\kunal\AppData\Local\Temp\ccVMF3om.debug.temp.o
                                0xea3 (size before relaxing)
 .debug_str     0x00002d73       0xab C:\Users\kunal\AppData\Local\Temp\ccA8hHpw.debug.temp.o
                                0xeb9 (size before relaxing)
 .debug_str     0x00002e1e       0xd4 C:\Users\kunal\AppData\Local\Temp\ccRtKuzG.debug.temp.o
                                0xe29 (size before relaxing)
 .debug_str     0x00002ef2      0x2dc C:\Users\kunal\AppData\Local\Temp\ccPnppj1.debug.temp.o
                                0xb7c (size before relaxing)
 .debug_str     0x000031ce       0xff C:\Users\kunal\AppData\Local\Temp\cckaenPb.debug.temp.o
                                0x8da (size before relaxing)
 .debug_str     0x000032cd       0x70 C:\Users\kunal\AppData\Local\Temp\ccaAVh5u.debug.temp.o
                                0x894 (size before relaxing)
 .debug_str     0x0000333d      0x15a C:\Users\kunal\AppData\Local\Temp\ccfBotTE.debug.temp.o
                                0x988 (size before relaxing)
 .debug_str     0x00003497      0x280 C:\Users\kunal\AppData\Local\Temp\ccQqPwQO.debug.temp.o
                                0xb06 (size before relaxing)
 .debug_str     0x00003717       0x8f C:\Users\kunal\AppData\Local\Temp\ccdZQJn2.debug.temp.o
                                0x8e6 (size before relaxing)
 .debug_str     0x000037a6       0xc9 C:\Users\kunal\AppData\Local\Temp\cc8qa63f.debug.temp.o
                                0x8a4 (size before relaxing)
 .debug_str     0x0000386f       0xa9 C:\Users\kunal\AppData\Local\Temp\cc3EE3Qt.debug.temp.o
                                0xc6c (size before relaxing)
 .debug_str     0x00003918       0xc1 C:\Users\kunal\AppData\Local\Temp\ccNZ0lGU.debug.temp.o
                                0x8d5 (size before relaxing)
 .debug_str     0x000039d9      0x1a5 C:\Users\kunal\AppData\Local\Temp\ccTvxjQk.debug.temp.o
                                0x9df (size before relaxing)
 .debug_str     0x00003b7e       0xa2 C:\Users\kunal\AppData\Local\Temp\cclv3RxL.debug.temp.o
                                0x8b8 (size before relaxing)
 .debug_str     0x00003c20       0xa6 C:\Users\kunal\AppData\Local\Temp\ccTfyS7b.debug.temp.o
                                0x883 (size before relaxing)
 .debug_str     0x00003cc6       0xa4 C:\Users\kunal\AppData\Local\Temp\ccMceKmq.debug.temp.o
                                0x898 (size before relaxing)
 .debug_str     0x00003d6a      0x144 C:\Users\kunal\AppData\Local\Temp\ccnizMKE.debug.temp.o
                                0x934 (size before relaxing)
 .debug_str     0x00003eae      0x3ea C:\Users\kunal\AppData\Local\Temp\ccBZ4dhM.debug.temp.o
                               0x102b (size before relaxing)
 .debug_str     0x00004298      0x130 C:\Users\kunal\AppData\Local\Temp\cctI32zn.debug.temp.o
                               0x135f (size before relaxing)
 .debug_str     0x000043c8       0x83 C:\Users\kunal\AppData\Local\Temp\ccn5O5sA.debug.temp.o
                               0x10b3 (size before relaxing)

.debug_loc      0x00000000     0x5748
 .debug_loc     0x00000000     0x5748 C:\Users\kunal\AppData\Local\Temp\ch.elf.kUmEDF.ltrans0.ltrans.o

.debug_ranges   0x00000000     0x4ca0
 .debug_ranges  0x00000000     0x4ca0 C:\Users\kunal\AppData\Local\Temp\ch.elf.kUmEDF.ltrans0.ltrans.o

.debug_frame    0x00000000      0x990
 .debug_frame   0x00000000      0x990 C:\Users\kunal\AppData\Local\Temp\ch.elf.kUmEDF.ltrans0.ltrans.o

Cross Reference Table

Symbol                                            File
BusFault_Handler                                  ./build/obj/vectors.o
DebugMon_Handler                                  ./build/obj/vectors.o
HardFault_Handler                                 ./build/obj/vectors.o
I2CD3                                             ./build/obj/hal_i2c_lld.o (symbol from plugin)
                                                  ./build/obj/main.o (symbol from plugin)
MemManage_Handler                                 ./build/obj/vectors.o
NMI_Handler                                       ./build/obj/vectors.o
PendSV_Handler                                    ./build/obj/vectors.o
Reset_Handler                                     ./build/obj/vectors.o
SD2                                               ./build/obj/hal_serial_lld.o (symbol from plugin)
                                                  ./build/obj/main.o (symbol from plugin)
SD4                                               ./build/obj/hal_serial_lld.o (symbol from plugin)
SPID2                                             ./build/obj/hal_spi_lld.o (symbol from plugin)
SVC_Handler                                       C:\Users\kunal\AppData\Local\Temp\ch.elf.kUmEDF.ltrans0.ltrans.o
                                                  ./build/obj/chcore_v7m.o (symbol from plugin)
                                                  ./build/obj/vectors.o
StatusReg                                         ./build/obj/main.o (symbol from plugin)
SysTick_Handler                                   ./build/obj/vectors.o
SystemCoreClock                                   ./build/obj/hal_lld.o (symbol from plugin)
UsageFault_Handler                                ./build/obj/vectors.o
Vector100                                         ./build/obj/vectors.o
Vector104                                         ./build/obj/vectors.o
Vector108                                         ./build/obj/vectors.o
Vector10C                                         ./build/obj/vectors.o
Vector110                                         C:\Users\kunal\AppData\Local\Temp\ch.elf.kUmEDF.ltrans0.ltrans.o
                                                  ./build/obj/hal_serial_lld.o (symbol from plugin)
                                                  ./build/obj/vectors.o
Vector114                                         ./build/obj/vectors.o
Vector118                                         ./build/obj/vectors.o
Vector11C                                         ./build/obj/vectors.o
Vector120                                         C:\Users\kunal\AppData\Local\Temp\ch.elf.kUmEDF.ltrans0.ltrans.o
                                                  ./build/obj/stm32_dma.o (symbol from plugin)
                                                  ./build/obj/vectors.o
Vector124                                         C:\Users\kunal\AppData\Local\Temp\ch.elf.kUmEDF.ltrans0.ltrans.o
                                                  ./build/obj/stm32_dma.o (symbol from plugin)
                                                  ./build/obj/vectors.o
Vector128                                         C:\Users\kunal\AppData\Local\Temp\ch.elf.kUmEDF.ltrans0.ltrans.o
                                                  ./build/obj/stm32_dma.o (symbol from plugin)
                                                  ./build/obj/vectors.o
Vector12C                                         C:\Users\kunal\AppData\Local\Temp\ch.elf.kUmEDF.ltrans0.ltrans.o
                                                  ./build/obj/stm32_dma.o (symbol from plugin)
                                                  ./build/obj/vectors.o
Vector130                                         C:\Users\kunal\AppData\Local\Temp\ch.elf.kUmEDF.ltrans0.ltrans.o
                                                  ./build/obj/stm32_dma.o (symbol from plugin)
                                                  ./build/obj/vectors.o
Vector134                                         ./build/obj/vectors.o
Vector138                                         ./build/obj/vectors.o
Vector13C                                         ./build/obj/vectors.o
Vector140                                         ./build/obj/vectors.o
Vector144                                         ./build/obj/vectors.o
Vector148                                         ./build/obj/vectors.o
Vector14C                                         ./build/obj/vectors.o
Vector150                                         C:\Users\kunal\AppData\Local\Temp\ch.elf.kUmEDF.ltrans0.ltrans.o
                                                  ./build/obj/stm32_dma.o (symbol from plugin)
                                                  ./build/obj/vectors.o
Vector154                                         C:\Users\kunal\AppData\Local\Temp\ch.elf.kUmEDF.ltrans0.ltrans.o
                                                  ./build/obj/stm32_dma.o (symbol from plugin)
                                                  ./build/obj/vectors.o
Vector158                                         C:\Users\kunal\AppData\Local\Temp\ch.elf.kUmEDF.ltrans0.ltrans.o
                                                  ./build/obj/stm32_dma.o (symbol from plugin)
                                                  ./build/obj/vectors.o
Vector15C                                         ./build/obj/vectors.o
Vector160                                         C:\Users\kunal\AppData\Local\Temp\ch.elf.kUmEDF.ltrans0.ltrans.o
                                                  ./build/obj/hal_i2c_lld.o (symbol from plugin)
                                                  ./build/obj/vectors.o
Vector164                                         C:\Users\kunal\AppData\Local\Temp\ch.elf.kUmEDF.ltrans0.ltrans.o
                                                  ./build/obj/hal_i2c_lld.o (symbol from plugin)
                                                  ./build/obj/vectors.o
Vector168                                         ./build/obj/vectors.o
Vector16C                                         ./build/obj/vectors.o
Vector170                                         ./build/obj/vectors.o
Vector174                                         ./build/obj/vectors.o
Vector178                                         ./build/obj/vectors.o
Vector17C                                         ./build/obj/vectors.o
Vector180                                         ./build/obj/vectors.o
Vector184                                         ./build/obj/vectors.o
Vector188                                         ./build/obj/vectors.o
Vector18C                                         ./build/obj/vectors.o
Vector190                                         ./build/obj/vectors.o
Vector194                                         ./build/obj/vectors.o
Vector198                                         ./build/obj/vectors.o
Vector19C                                         ./build/obj/vectors.o
Vector1A0                                         ./build/obj/vectors.o
Vector1A4                                         ./build/obj/vectors.o
Vector1A8                                         ./build/obj/vectors.o
Vector1AC                                         ./build/obj/vectors.o
Vector1B0                                         ./build/obj/vectors.o
Vector1B4                                         ./build/obj/vectors.o
Vector1B8                                         ./build/obj/vectors.o
Vector1BC                                         ./build/obj/vectors.o
Vector1C                                          ./build/obj/vectors.o
Vector1C0                                         ./build/obj/vectors.o
Vector1C4                                         ./build/obj/vectors.o
Vector1C8                                         ./build/obj/vectors.o
Vector1CC                                         ./build/obj/vectors.o
Vector1D0                                         ./build/obj/vectors.o
Vector1D4                                         ./build/obj/vectors.o
Vector1D8                                         ./build/obj/vectors.o
Vector1DC                                         ./build/obj/vectors.o
Vector20                                          ./build/obj/vectors.o
Vector24                                          ./build/obj/vectors.o
Vector28                                          ./build/obj/vectors.o
Vector34                                          ./build/obj/vectors.o
Vector40                                          ./build/obj/vectors.o
Vector44                                          ./build/obj/vectors.o
Vector48                                          ./build/obj/vectors.o
Vector4C                                          ./build/obj/vectors.o
Vector50                                          ./build/obj/vectors.o
Vector54                                          ./build/obj/vectors.o
Vector58                                          ./build/obj/vectors.o
Vector5C                                          ./build/obj/vectors.o
Vector60                                          ./build/obj/vectors.o
Vector64                                          ./build/obj/vectors.o
Vector68                                          ./build/obj/vectors.o
Vector6C                                          C:\Users\kunal\AppData\Local\Temp\ch.elf.kUmEDF.ltrans0.ltrans.o
                                                  ./build/obj/stm32_dma.o (symbol from plugin)
                                                  ./build/obj/vectors.o
Vector70                                          C:\Users\kunal\AppData\Local\Temp\ch.elf.kUmEDF.ltrans0.ltrans.o
                                                  ./build/obj/stm32_dma.o (symbol from plugin)
                                                  ./build/obj/vectors.o
Vector74                                          C:\Users\kunal\AppData\Local\Temp\ch.elf.kUmEDF.ltrans0.ltrans.o
                                                  ./build/obj/stm32_dma.o (symbol from plugin)
                                                  ./build/obj/vectors.o
Vector78                                          C:\Users\kunal\AppData\Local\Temp\ch.elf.kUmEDF.ltrans0.ltrans.o
                                                  ./build/obj/stm32_dma.o (symbol from plugin)
                                                  ./build/obj/vectors.o
Vector7C                                          C:\Users\kunal\AppData\Local\Temp\ch.elf.kUmEDF.ltrans0.ltrans.o
                                                  ./build/obj/stm32_dma.o (symbol from plugin)
                                                  ./build/obj/vectors.o
Vector80                                          C:\Users\kunal\AppData\Local\Temp\ch.elf.kUmEDF.ltrans0.ltrans.o
                                                  ./build/obj/stm32_dma.o (symbol from plugin)
                                                  ./build/obj/vectors.o
Vector84                                          C:\Users\kunal\AppData\Local\Temp\ch.elf.kUmEDF.ltrans0.ltrans.o
                                                  ./build/obj/stm32_dma.o (symbol from plugin)
                                                  ./build/obj/vectors.o
Vector88                                          ./build/obj/vectors.o
Vector8C                                          ./build/obj/vectors.o
Vector90                                          ./build/obj/vectors.o
Vector94                                          ./build/obj/vectors.o
Vector98                                          ./build/obj/vectors.o
Vector9C                                          ./build/obj/vectors.o
VectorA0                                          ./build/obj/vectors.o
VectorA4                                          ./build/obj/vectors.o
VectorA8                                          ./build/obj/vectors.o
VectorAC                                          ./build/obj/vectors.o
VectorB0                                          C:\Users\kunal\AppData\Local\Temp\ch.elf.kUmEDF.ltrans0.ltrans.o
                                                  ./build/obj/hal_st_lld.o (symbol from plugin)
                                                  ./build/obj/vectors.o
VectorB4                                          ./build/obj/vectors.o
VectorB8                                          ./build/obj/vectors.o
VectorBC                                          ./build/obj/vectors.o
VectorC0                                          ./build/obj/vectors.o
VectorC4                                          ./build/obj/vectors.o
VectorC8                                          ./build/obj/vectors.o
VectorCC                                          ./build/obj/vectors.o
VectorD0                                          ./build/obj/vectors.o
VectorD4                                          ./build/obj/vectors.o
VectorD8                                          C:\Users\kunal\AppData\Local\Temp\ch.elf.kUmEDF.ltrans0.ltrans.o
                                                  ./build/obj/hal_serial_lld.o (symbol from plugin)
                                                  ./build/obj/vectors.o
VectorDC                                          ./build/obj/vectors.o
VectorE0                                          ./build/obj/vectors.o
VectorE4                                          ./build/obj/vectors.o
VectorE8                                          ./build/obj/vectors.o
VectorEC                                          ./build/obj/vectors.o
VectorF0                                          ./build/obj/vectors.o
VectorF4                                          ./build/obj/vectors.o
VectorF8                                          ./build/obj/vectors.o
VectorFC                                          C:\Users\kunal\AppData\Local\Temp\ch.elf.kUmEDF.ltrans0.ltrans.o
                                                  ./build/obj/stm32_dma.o (symbol from plugin)
                                                  ./build/obj/vectors.o
X_Axis                                            ./build/obj/main.o (symbol from plugin)
Y_Axis                                            ./build/obj/main.o (symbol from plugin)
Z_Axis                                            ./build/obj/main.o (symbol from plugin)
__bss_base__                                      ./build/obj/ch_test.o (symbol from plugin)
                                                  ./build/obj/crt0_v7m.o
__bss_end__                                       ./build/obj/ch_test.o (symbol from plugin)
                                                  ./build/obj/crt0_v7m.o
__ch_delegate_fn0                                 ./build/obj/chdelegates.o (symbol from plugin)
                                                  ./build/obj/oslib_test_sequence_005.o (symbol from plugin)
__ch_delegate_fn1                                 ./build/obj/chdelegates.o (symbol from plugin)
                                                  ./build/obj/oslib_test_sequence_005.o (symbol from plugin)
__ch_delegate_fn2                                 ./build/obj/chdelegates.o (symbol from plugin)
                                                  ./build/obj/oslib_test_sequence_005.o (symbol from plugin)
__ch_delegate_fn3                                 ./build/obj/chdelegates.o (symbol from plugin)
                                                  ./build/obj/oslib_test_sequence_005.o (symbol from plugin)
__ch_delegate_fn4                                 ./build/obj/chdelegates.o (symbol from plugin)
                                                  ./build/obj/oslib_test_sequence_005.o (symbol from plugin)
__core_init                                       C:\Users\kunal\AppData\Local\Temp\ch.elf.kUmEDF.ltrans0.ltrans.o
                                                  ./build/obj/crt1.o (symbol from plugin)
                                                  ./build/obj/crt0_v7m.o
__data_base__                                     ./build/obj/ch_test.o (symbol from plugin)
                                                  ./build/obj/crt0_v7m.o
__data_end__                                      ./build/obj/ch_test.o (symbol from plugin)
                                                  ./build/obj/crt0_v7m.o
__default_exit                                    C:\Users\kunal\AppData\Local\Temp\ch.elf.kUmEDF.ltrans0.ltrans.o
                                                  ./build/obj/crt1.o (symbol from plugin)
                                                  ./build/obj/crt0_v7m.o
__early_init                                      C:\Users\kunal\AppData\Local\Temp\ch.elf.kUmEDF.ltrans0.ltrans.o
                                                  ./build/obj/board.o (symbol from plugin)
                                                  ./build/obj/crt1.o (symbol from plugin)
                                                  ./build/obj/crt0_v7m.o
__fini_array_base__                               ./build/obj/crt0_v7m.o
__fini_array_end__                                ./build/obj/crt0_v7m.o
__heap_base__                                     C:\Users\kunal\AppData\Local\Temp\ch.elf.kUmEDF.ltrans0.ltrans.o
                                                  ./build/obj/chmemcore.o (symbol from plugin)
__heap_end__                                      C:\Users\kunal\AppData\Local\Temp\ch.elf.kUmEDF.ltrans0.ltrans.o
                                                  ./build/obj/chmemcore.o (symbol from plugin)
__init_array_base__                               ./build/obj/crt0_v7m.o
__init_array_end__                                ./build/obj/crt0_v7m.o
__init_ram_areas                                  C:\Users\kunal\AppData\Local\Temp\ch.elf.kUmEDF.ltrans0.ltrans.o
                                                  ./build/obj/crt1.o (symbol from plugin)
                                                  ./build/obj/crt0_v7m.o
__late_init                                       C:\Users\kunal\AppData\Local\Temp\ch.elf.kUmEDF.ltrans0.ltrans.o
                                                  ./build/obj/crt1.o (symbol from plugin)
                                                  ./build/obj/crt0_v7m.o
__main_stack_base__                               ./build/obj/crt0_v7m.o
__main_stack_end__                                ./build/obj/vectors.o
                                                  ./build/obj/crt0_v7m.o
__main_thread_stack_base__                        C:\Users\kunal\AppData\Local\Temp\ch.elf.kUmEDF.ltrans0.ltrans.o
                                                  ./build/obj/chsys.o (symbol from plugin)
__process_stack_base__                            ./build/obj/crt0_v7m.o
__process_stack_end__                             ./build/obj/crt0_v7m.o
__ram0_clear__                                    C:\Users\kunal\AppData\Local\Temp\ch.elf.kUmEDF.ltrans0.ltrans.o
                                                  ./build/obj/crt1.o (symbol from plugin)
__ram0_init__                                     C:\Users\kunal\AppData\Local\Temp\ch.elf.kUmEDF.ltrans0.ltrans.o
                                                  ./build/obj/crt1.o (symbol from plugin)
__ram0_init_text__                                C:\Users\kunal\AppData\Local\Temp\ch.elf.kUmEDF.ltrans0.ltrans.o
                                                  ./build/obj/crt1.o (symbol from plugin)
__ram0_noinit__                                   C:\Users\kunal\AppData\Local\Temp\ch.elf.kUmEDF.ltrans0.ltrans.o
                                                  ./build/obj/crt1.o (symbol from plugin)
__ram1_clear__                                    C:\Users\kunal\AppData\Local\Temp\ch.elf.kUmEDF.ltrans0.ltrans.o