Archive member included to satisfy reference by file (symbol)

c:/chibistudio/tools/gnu tools arm embedded/9.0 2019q4/bin/../lib/gcc/arm-none-eabi/9.2.1/../../../../arm-none-eabi/lib/thumb/v7e-m/nofp\libg.a(lib_a-memcpy.o)
                              C:\Users\kunal\AppData\Local\Temp\ch.elf.qoG3gd.ltrans0.ltrans.o (memcpy)

Discarded input sections

 .data          0x00000000        0x0 ./build/obj/crt0_v7m.o
 .bss           0x00000000        0x0 ./build/obj/crt0_v7m.o
 .data          0x00000000        0x0 ./build/obj/vectors.o
 .bss           0x00000000        0x0 ./build/obj/vectors.o
 .data          0x00000000        0x0 ./build/obj/chcoreasm_v7m.o
 .bss           0x00000000        0x0 ./build/obj/chcoreasm_v7m.o
 .text          0x00000000        0x0 C:\Users\kunal\AppData\Local\Temp\ch.elf.qoG3gd.ltrans0.ltrans.o
 .data          0x00000000        0x0 C:\Users\kunal\AppData\Local\Temp\ch.elf.qoG3gd.ltrans0.ltrans.o
 .bss           0x00000000        0x0 C:\Users\kunal\AppData\Local\Temp\ch.elf.qoG3gd.ltrans0.ltrans.o
 .comment       0x00000000       0x7a C:\Users\kunal\AppData\Local\Temp\ccT0Q9DJ.debug.temp.o
 .comment       0x00000000       0x7a C:\Users\kunal\AppData\Local\Temp\cc6ovmUc.debug.temp.o
 .comment       0x00000000       0x7a C:\Users\kunal\AppData\Local\Temp\cc3Ult4E.debug.temp.o
 .comment       0x00000000       0x7a C:\Users\kunal\AppData\Local\Temp\cc40tIi7.debug.temp.o
 .comment       0x00000000       0x7a C:\Users\kunal\AppData\Local\Temp\ccjYjoBz.debug.temp.o
 .comment       0x00000000       0x7a C:\Users\kunal\AppData\Local\Temp\ccWxLEY1.debug.temp.o
 .debug_info    0x00000000     0x1380 C:\Users\kunal\AppData\Local\Temp\ccJSmlqu.debug.temp.o
 .debug_abbrev  0x00000000      0x1a9 C:\Users\kunal\AppData\Local\Temp\ccJSmlqu.debug.temp.o
 .debug_line    0x00000000      0x50d C:\Users\kunal\AppData\Local\Temp\ccJSmlqu.debug.temp.o
 .debug_str     0x00000000      0xaf6 C:\Users\kunal\AppData\Local\Temp\ccJSmlqu.debug.temp.o
 .comment       0x00000000       0x7a C:\Users\kunal\AppData\Local\Temp\ccJSmlqu.debug.temp.o
 .comment       0x00000000       0x7a C:\Users\kunal\AppData\Local\Temp\cccLwwWW.debug.temp.o
 .comment       0x00000000       0x7a C:\Users\kunal\AppData\Local\Temp\ccFDGHsp.debug.temp.o
 .comment       0x00000000       0x7a C:\Users\kunal\AppData\Local\Temp\cceHYq3R.debug.temp.o
 .comment       0x00000000       0x7a C:\Users\kunal\AppData\Local\Temp\ccPNNqIk.debug.temp.o
 .comment       0x00000000       0x7a C:\Users\kunal\AppData\Local\Temp\cceSmBpN.debug.temp.o
 .comment       0x00000000       0x7a C:\Users\kunal\AppData\Local\Temp\ccj2d3Gj.debug.temp.o
 .debug_info    0x00000000     0x1bfe C:\Users\kunal\AppData\Local\Temp\ccYCRf3P.debug.temp.o
 .debug_abbrev  0x00000000      0x20c C:\Users\kunal\AppData\Local\Temp\ccYCRf3P.debug.temp.o
 .debug_line    0x00000000      0x52e C:\Users\kunal\AppData\Local\Temp\ccYCRf3P.debug.temp.o
 .debug_str     0x00000000      0xee6 C:\Users\kunal\AppData\Local\Temp\ccYCRf3P.debug.temp.o
 .comment       0x00000000       0x7a C:\Users\kunal\AppData\Local\Temp\ccYCRf3P.debug.temp.o
 .comment       0x00000000       0x7a C:\Users\kunal\AppData\Local\Temp\ccVaLTtm.debug.temp.o
 .debug_info    0x00000000     0x1380 C:\Users\kunal\AppData\Local\Temp\cc63PPYS.debug.temp.o
 .debug_abbrev  0x00000000      0x1a9 C:\Users\kunal\AppData\Local\Temp\cc63PPYS.debug.temp.o
 .debug_line    0x00000000      0x50d C:\Users\kunal\AppData\Local\Temp\cc63PPYS.debug.temp.o
 .debug_str     0x00000000      0xb0a C:\Users\kunal\AppData\Local\Temp\cc63PPYS.debug.temp.o
 .comment       0x00000000       0x7a C:\Users\kunal\AppData\Local\Temp\cc63PPYS.debug.temp.o
 .comment       0x00000000       0x7a C:\Users\kunal\AppData\Local\Temp\cchXULtp.debug.temp.o
 .comment       0x00000000       0x7a C:\Users\kunal\AppData\Local\Temp\ccoKHX2V.debug.temp.o
 .comment       0x00000000       0x7a C:\Users\kunal\AppData\Local\Temp\ccRAiBGs.debug.temp.o
 .comment       0x00000000       0x7a C:\Users\kunal\AppData\Local\Temp\ccCUFOoZ.debug.temp.o
 .comment       0x00000000       0x7a C:\Users\kunal\AppData\Local\Temp\ccxZcsbw.debug.temp.o
 .debug_info    0x00000000      0xb03 C:\Users\kunal\AppData\Local\Temp\ccEmgVR1.debug.temp.o
 .debug_abbrev  0x00000000      0x16f C:\Users\kunal\AppData\Local\Temp\ccEmgVR1.debug.temp.o
 .debug_line    0x00000000      0x338 C:\Users\kunal\AppData\Local\Temp\ccEmgVR1.debug.temp.o
 .debug_str     0x00000000      0x7a1 C:\Users\kunal\AppData\Local\Temp\ccEmgVR1.debug.temp.o
 .comment       0x00000000       0x7a C:\Users\kunal\AppData\Local\Temp\ccEmgVR1.debug.temp.o
 .comment       0x00000000       0x7a C:\Users\kunal\AppData\Local\Temp\ccRUrWCx.debug.temp.o
 .debug_info    0x00000000      0xb03 C:\Users\kunal\AppData\Local\Temp\cc4sDXn3.debug.temp.o
 .debug_abbrev  0x00000000      0x16f C:\Users\kunal\AppData\Local\Temp\cc4sDXn3.debug.temp.o
 .debug_line    0x00000000      0x338 C:\Users\kunal\AppData\Local\Temp\cc4sDXn3.debug.temp.o
[...]
Memory Configuration

Name             Origin             Length             Attributes
flash0           0x08000000         0x00100000         xr
flash1           0x00000000         0x00000000         xr
flash2           0x00000000         0x00000000         xr
flash3           0x00000000         0x00000000         xr
flash4           0x00000000         0x00000000         xr
flash5           0x00000000         0x00000000         xr
flash6           0x00000000         0x00000000         xr
flash7           0x00000000         0x00000000         xr
ram0             0x20000000         0x00020000         xw
ram1             0x20000000         0x0001c000         xw
ram2             0x2001c000         0x00004000         xw
ram3             0x00000000         0x00000000         xw
ram4             0x10000000         0x00010000         xw
ram5             0x40024000         0x00001000         xw
ram6             0x00000000         0x00000000         xw
ram7             0x00000000         0x00000000         xw
*default*        0x00000000         0xffffffff

Linker script and memory map

LOAD ./build/obj/crt0_v7m.o
LOAD ./build/obj/vectors.o
LOAD ./build/obj/chcoreasm_v7m.o
LOAD C:\Users\kunal\AppData\Local\Temp\ch.elf.qoG3gd.ltrans0.ltrans.o
LOAD C:\Users\kunal\AppData\Local\Temp\ccT0Q9DJ.debug.temp.o
LOAD C:\Users\kunal\AppData\Local\Temp\cc6ovmUc.debug.temp.o
LOAD C:\Users\kunal\AppData\Local\Temp\cc3Ult4E.debug.temp.o
LOAD C:\Users\kunal\AppData\Local\Temp\cc40tIi7.debug.temp.o
LOAD C:\Users\kunal\AppData\Local\Temp\ccjYjoBz.debug.temp.o
LOAD C:\Users\kunal\AppData\Local\Temp\ccWxLEY1.debug.temp.o
LOAD C:\Users\kunal\AppData\Local\Temp\ccJSmlqu.debug.temp.o
LOAD C:\Users\kunal\AppData\Local\Temp\cccLwwWW.debug.temp.o
LOAD C:\Users\kunal\AppData\Local\Temp\ccFDGHsp.debug.temp.o
LOAD C:\Users\kunal\AppData\Local\Temp\cceHYq3R.debug.temp.o
LOAD C:\Users\kunal\AppData\Local\Temp\ccPNNqIk.debug.temp.o
LOAD C:\Users\kunal\AppData\Local\Temp\cceSmBpN.debug.temp.o
LOAD C:\Users\kunal\AppData\Local\Temp\ccj2d3Gj.debug.temp.o
LOAD C:\Users\kunal\AppData\Local\Temp\ccYCRf3P.debug.temp.o
LOAD C:\Users\kunal\AppData\Local\Temp\ccVaLTtm.debug.temp.o
LOAD C:\Users\kunal\AppData\Local\Temp\cc63PPYS.debug.temp.o
LOAD C:\Users\kunal\AppData\Local\Temp\cchXULtp.debug.temp.o
LOAD C:\Users\kunal\AppData\Local\Temp\ccoKHX2V.debug.temp.o
LOAD C:\Users\kunal\AppData\Local\Temp\ccRAiBGs.debug.temp.o
LOAD C:\Users\kunal\AppData\Local\Temp\ccCUFOoZ.debug.temp.o
LOAD C:\Users\kunal\AppData\Local\Temp\ccxZcsbw.debug.temp.o
LOAD C:\Users\kunal\AppData\Local\Temp\ccEmgVR1.debug.temp.o
LOAD C:\Users\kunal\AppData\Local\Temp\ccRUrWCx.debug.temp.o
LOAD C:\Users\kunal\AppData\Local\Temp\cc4sDXn3.debug.temp.o
LOAD C:\Users\kunal\AppData\Local\Temp\ccjASndz.debug.temp.o
LOAD C:\Users\kunal\AppData\Local\Temp\cck8mn94.debug.temp.o
LOAD C:\Users\kunal\AppData\Local\Temp\ccxYLE9A.debug.temp.o
LOAD C:\Users\kunal\AppData\Local\Temp\ccSw3le7.debug.temp.o
LOAD C:\Users\kunal\AppData\Local\Temp\ccFNuEnD.debug.temp.o
LOAD C:\Users\kunal\AppData\Local\Temp\ccODgxB9.debug.temp.o
LOAD C:\Users\kunal\AppData\Local\Temp\ccBqm2IE.debug.temp.o
LOAD C:\Users\kunal\AppData\Local\Temp\ccCyDPU9.debug.temp.o
LOAD C:\Users\kunal\AppData\Local\Temp\ccZLLlbF.debug.temp.o
LOAD C:\Users\kunal\AppData\Local\Temp\ccwK3hwa.debug.temp.o
LOAD C:\Users\kunal\AppData\Local\Temp\cc3IleRF.debug.temp.o
LOAD C:\Users\kunal\AppData\Local\Temp\ccUbEtgb.debug.temp.o
LOAD C:\Users\kunal\AppData\Local\Temp\ccrU3JHG.debug.temp.o
LOAD C:\Users\kunal\AppData\Local\Temp\ccg6fAdc.debug.temp.o
LOAD C:\Users\kunal\AppData\Local\Temp\cclcrRNH.debug.temp.o
LOAD C:\Users\kunal\AppData\Local\Temp\ccaUhUhc.debug.temp.o
LOAD C:\Users\kunal\AppData\Local\Temp\cchzooQG.debug.temp.o
LOAD C:\Users\kunal\AppData\Local\Temp\ccoevSob.debug.temp.o
LOAD C:\Users\kunal\AppData\Local\Temp\ccNmoW1F.debug.temp.o
LOAD C:\Users\kunal\AppData\Local\Temp\ccoNbiJa.debug.temp.o
LOAD C:\Users\kunal\AppData\Local\Temp\ccfCrWuF.debug.temp.o
LOAD C:\Users\kunal\AppData\Local\Temp\ccmlG1ka.debug.temp.o
LOAD C:\Users\kunal\AppData\Local\Temp\ccJ0WOfF.debug.temp.o
LOAD C:\Users\kunal\AppData\Local\Temp\cccrYQfa.debug.temp.o
LOAD C:\Users\kunal\AppData\Local\Temp\cc3F3uRI.debug.temp.o
LOAD C:\Users\kunal\AppData\Local\Temp\cceVFAxh.debug.temp.o
LOAD C:\Users\kunal\AppData\Local\Temp\ccHD4fiQ.debug.temp.o
LOAD C:\Users\kunal\AppData\Local\Temp\ccoJHu7o.debug.temp.o
LOAD C:\Users\kunal\AppData\Local\Temp\ccjaw10X.debug.temp.o
LOAD C:\Users\kunal\AppData\Local\Temp\cceBkyUw.debug.temp.o
LOAD C:\Users\kunal\AppData\Local\Temp\ccv5WwS5.debug.temp.o
LOAD C:\Users\kunal\AppData\Local\Temp\cc2tyWUE.debug.temp.o
LOAD C:\Users\kunal\AppData\Local\Temp\ccNJRM1d.debug.temp.o
LOAD C:\Users\kunal\AppData\Local\Temp\ccg22f2L.debug.temp.o
LOAD C:\Users\kunal\AppData\Local\Temp\cc1N0i7j.debug.temp.o
LOAD C:\Users\kunal\AppData\Local\Temp\cc651VgS.debug.temp.o
LOAD C:\Users\kunal\AppData\Local\Temp\ccVffJsq.debug.temp.o
LOAD C:\Users\kunal\AppData\Local\Temp\ccKpswEY.debug.temp.o
LOAD C:\Users\kunal\AppData\Local\Temp\ccV6cTYw.debug.temp.o
LOAD C:\Users\kunal\AppData\Local\Temp\ccwZmZn5.debug.temp.o
LOAD C:\Users\kunal\AppData\Local\Temp\cc7Rw5MD.debug.temp.o
LOAD C:\Users\kunal\AppData\Local\Temp\ccY88tgc.debug.temp.o
LOAD C:\Users\kunal\AppData\Local\Temp\ccZEoaOK.debug.temp.o
LOAD C:\Users\kunal\AppData\Local\Temp\ccKMjCfi.debug.temp.o
LOAD C:\Users\kunal\AppData\Local\Temp\ccRZ5MLP.debug.temp.o
LOAD C:\Users\kunal\AppData\Local\Temp\cccy3fmn.debug.temp.o
LOAD C:\Users\kunal\AppData\Local\Temp\ccx60IWU.debug.temp.o

.mstack         0x20000000      0x400
                0x20000000                . = ALIGN (0x8)
                0x20000000                __main_stack_base__ = .
                0x20000400                . = (. + __main_stack_size__)
 *fill*         0x20000000      0x400 
                0x20000400                . = ALIGN (0x8)
                0x20000400                __main_stack_end__ = .

.pstack         0x20000400      0x400
                0x20000400                . = ALIGN (0x8)
                0x20000400                __process_stack_base__ = .
                0x20000400                __main_thread_stack_base__ = .
                0x20000800                . = (. + __process_stack_size__)
 *fill*         0x20000400      0x400 
                0x20000800                . = ALIGN (0x8)
                0x20000800                __process_stack_end__ = .
                0x20000800                __main_thread_stack_end__ = .

.vectors        0x08000000      0x1e0
 *(.vectors)
 .vectors       0x08000000      0x1e0 ./build/obj/vectors.o
                0x08000000                _vectors

.xtors          0x080001e0        0x0
                0x080001e0                __init_array_base__ = .
 *(SORT_BY_NAME(.init_array.*))
 *(.init_array)
                0x080001e0                __init_array_end__ = .
                0x080001e0                __fini_array_base__ = .
 *(.fini_array)
 *(SORT_BY_NAME(.fini_array.*))
                0x080001e0                __fini_array_end__ = .

.text           0x080001e0     0x21e4
                0x080001e0                __text_base__ = .
 *(.text)
 .text          0x080001e0       0xd8 ./build/obj/crt0_v7m.o
                0x080001e0                _crt0_entry
 .text          0x080002b8        0x8 ./build/obj/vectors.o
                0x080002b8                Reset_Handler
                0x080002ba                VectorE8
                0x080002ba                Vector9C
                0x080002ba                VectorAC
                0x080002ba                DebugMon_Handler
                0x080002ba                Vector1A0
                0x080002ba                Vector5C
                0x080002ba                Vector11C
                0x080002ba                HardFault_Handler
                0x080002ba                Vector1B8
                0x080002ba                Vector19C
                0x080002ba                Vector8C
                0x080002ba                SysTick_Handler
                0x080002ba                VectorDC
                0x080002ba                PendSV_Handler
                0x080002ba                Vector168
                0x080002ba                NMI_Handler
                0x080002ba                Vector1D8
                0x080002ba                VectorC8
                0x080002ba                Vector94
                0x080002ba                VectorA8
                0x080002ba                VectorB4
                0x080002ba                Vector160
                0x080002ba                Vector1B0
                0x080002ba                UsageFault_Handler
                0x080002ba                VectorEC
                0x080002ba                Vector40
                0x080002ba                VectorF8
                0x080002ba                Vector108
                0x080002ba                VectorBC
                0x080002ba                Vector190
                0x080002ba                Vector1C4
                0x080002ba                Vector1CC
                0x080002ba                Vector148
                0x080002ba                Vector188
                0x080002ba                Vector198
                0x080002ba                Vector118
                0x080002ba                Vector64
                0x080002ba                Vector58
                0x080002ba                VectorCC
                0x080002ba                Vector54
                0x080002ba                Vector98
                0x080002ba                Vector138
                0x080002ba                Vector24
                0x080002ba                Vector1AC
                0x080002ba                Vector178
                0x080002ba                Vector1A4
                0x080002ba                VectorD0
                0x080002ba                Vector1B4
                0x080002ba                Vector140
                0x080002ba                VectorE4
                0x080002ba                VectorC0
                0x080002ba                Vector1C0
                0x080002ba                Vector134
                0x080002ba                Vector1D0
                0x080002ba                VectorF0
                0x080002ba                Vector13C
                0x080002ba                Vector100
                0x080002ba                VectorE0
                0x080002ba                VectorF4
                0x080002ba                MemManage_Handler
                0x080002ba                VectorA0
                0x080002ba                VectorC4
                0x080002ba                Vector180
                0x080002ba                Vector90
                0x080002ba                Vector114
                0x080002ba                Vector164
                0x080002ba                Vector60
                0x080002ba                Vector1C
                0x080002ba                Vector1BC
                0x080002ba                Vector1D4
                0x080002ba                Vector17C
                0x080002ba                Vector48
                0x080002ba                Vector1A8
                0x080002ba                Vector16C
                0x080002ba                VectorD4
                0x080002ba                Vector4C
                0x080002ba                Vector144
                0x080002ba                Vector15C
                0x080002ba                Vector68
                0x080002ba                Vector18C
                0x080002ba                Vector170
                0x080002ba                Vector88
                0x080002ba                Vector104
                0x080002ba                Vector184
                0x080002ba                Vector10C
                0x080002ba                Vector14C
                0x080002ba                BusFault_Handler
                0x080002ba                Vector50
                0x080002ba                Vector1C8
                0x080002ba                Vector194
                0x080002ba                Vector1DC
                0x080002ba                Vector44
                0x080002ba                Vector28
                0x080002ba                VectorB8
                0x080002ba                Vector34
                0x080002ba                VectorA4
                0x080002ba                Vector20
                0x080002ba                Vector174
                0x080002be                _unhandled_exception
 .text          0x080002c0       0x36 ./build/obj/chcoreasm_v7m.o
                0x080002c0                _port_switch
                0x080002d0                _port_thread_start
                0x080002e6                _port_switch_from_isr
                0x080002f2                _port_exit_from_isr
 *fill*         0x080002f6        0x2 
 .text          0x080002f8      0x134 c:/chibistudio/tools/gnu tools arm embedded/9.0 2019q4/bin/../lib/gcc/arm-none-eabi/9.2.1/../../../../arm-none-eabi/lib/thumb/v7e-m/nofp\libg.a(lib_a-memcpy.o)
                0x080002f8                memcpy
 *(.text.*)
 *fill*         0x0800042c        0x4 
 .text.sdObjectInit.constprop.0
                0x08000430       0x54 C:\Users\kunal\AppData\Local\Temp\ch.elf.qoG3gd.ltrans0.ltrans.o
 *fill*         0x08000484        0xc 
 .text.dmaStreamAllocI.part.0.constprop.0
                0x08000490       0xb0 C:\Users\kunal\AppData\Local\Temp\ch.elf.qoG3gd.ltrans0.ltrans.o
 .text.notify2  0x08000540       0x10 C:\Users\kunal\AppData\Local\Temp\ch.elf.qoG3gd.ltrans0.ltrans.o
 .text.notify4  0x08000550       0x10 C:\Users\kunal\AppData\Local\Temp\ch.elf.qoG3gd.ltrans0.ltrans.o
 .text._port_irq_epilogue
                0x08000560       0x4c C:\Users\kunal\AppData\Local\Temp\ch.elf.qoG3gd.ltrans0.ltrans.o
 *fill*         0x080005ac        0x4 
 .text.chCoreAllocAlignedI
                0x080005b0       0x28 C:\Users\kunal\AppData\Local\Temp\ch.elf.qoG3gd.ltrans0.ltrans.o
 *fill*         0x080005d8        0x8 
 .text._stats_increase_irq
                0x080005e0       0x20 C:\Users\kunal\AppData\Local\Temp\ch.elf.qoG3gd.ltrans0.ltrans.o
 .text.chTMChainMeasurementToX
                0x08000600       0x3c C:\Users\kunal\AppData\Local\Temp\ch.elf.qoG3gd.ltrans0.ltrans.o
 *fill*         0x0800063c        0x4 
 .text.chTMStopMeasurementX
                0x08000640       0x44 C:\Users\kunal\AppData\Local\Temp\ch.elf.qoG3gd.ltrans0.ltrans.o
 *fill*         0x08000684        0xc 
 .text._stats_stop_measure_crit_isr
                0x08000690        0xc C:\Users\kunal\AppData\Local\Temp\ch.elf.qoG3gd.ltrans0.ltrans.o
 *fill*         0x0800069c        0x4 
 .text.chTMStartMeasurementX
                0x080006a0        0xc C:\Users\kunal\AppData\Local\Temp\ch.elf.qoG3gd.ltrans0.ltrans.o
 *fill*         0x080006ac        0x4 
 .text._stats_start_measure_crit_isr
                0x080006b0        0xc C:\Users\kunal\AppData\Local\Temp\ch.elf.qoG3gd.ltrans0.ltrans.o
 *fill*         0x080006bc        0x4 
 .text.wakeup   0x080006c0       0x6c C:\Users\kunal\AppData\Local\Temp\ch.elf.qoG3gd.ltrans0.ltrans.o
 *fill*         0x0800072c        0x4 
 .text.chSchReadyI
                0x08000730       0x24 C:\Users\kunal\AppData\Local\Temp\ch.elf.qoG3gd.ltrans0.ltrans.o
 *fill*         0x08000754        0xc 
 .text.chEvtBroadcastFlagsI
                0x08000760       0x58 C:\Users\kunal\AppData\Local\Temp\ch.elf.qoG3gd.ltrans0.ltrans.o
 *fill*         0x080007b8        0x8 
 .text._idle_thread
                0x080007c0        0x4 C:\Users\kunal\AppData\Local\Temp\ch.elf.qoG3gd.ltrans0.ltrans.o
 *fill*         0x080007c4        0xc 
 .text.serve_interrupt
                0x080007d0      0x1d4 C:\Users\kunal\AppData\Local\Temp\ch.elf.qoG3gd.ltrans0.ltrans.o
 *fill*         0x080009a4        0xc 
 .text.spi_lld_serve_tx_interrupt
                0x080009b0       0x1c C:\Users\kunal\AppData\Local\Temp\ch.elf.qoG3gd.ltrans0.ltrans.o
 *fill*         0x080009cc        0x4 
 .text.spi_lld_serve_rx_interrupt
                0x080009d0       0xc8 C:\Users\kunal\AppData\Local\Temp\ch.elf.qoG3gd.ltrans0.ltrans.o
 *fill*         0x08000a98        0x8 
 .text._pal_lld_setgroupmode
                0x08000aa0       0xcc C:\Users\kunal\AppData\Local\Temp\ch.elf.qoG3gd.ltrans0.ltrans.o
 *fill*         0x08000b6c        0x4 
 .text.stm32_clock_init
                0x08000b70       0xf8 C:\Users\kunal\AppData\Local\Temp\ch.elf.qoG3gd.ltrans0.ltrans.o
 *fill*         0x08000c68        0x8 
 .text._ctl     0x08000c70        0x4 C:\Users\kunal\AppData\Local\Temp\ch.elf.qoG3gd.ltrans0.ltrans.o
 *fill*         0x08000c74        0xc 
 .text.chSchWakeupS.constprop.0
                0x08000c80       0x74 C:\Users\kunal\AppData\Local\Temp\ch.elf.qoG3gd.ltrans0.ltrans.o
 *fill*         0x08000cf4        0xc 
 .text.chSchGoSleepS
                0x08000d00       0x40 C:\Users\kunal\AppData\Local\Temp\ch.elf.qoG3gd.ltrans0.ltrans.o
 .text.chSchGoSleepTimeoutS
                0x08000d40      0x110 C:\Users\kunal\AppData\Local\Temp\ch.elf.qoG3gd.ltrans0.ltrans.o
 .text.chThdEnqueueTimeoutS
                0x08000e50       0x28 C:\Users\kunal\AppData\Local\Temp\ch.elf.qoG3gd.ltrans0.ltrans.o
 *fill*         0x08000e78        0x8 
 .text.SVC_Handler
                0x08000e80       0x14 C:\Users\kunal\AppData\Local\Temp\ch.elf.qoG3gd.ltrans0.ltrans.o
                0x08000e80                SVC_Handler
 *fill*         0x08000e94        0xc 
 .text._stats_stop_measure_crit_thd
                0x08000ea0        0xc C:\Users\kunal\AppData\Local\Temp\ch.elf.qoG3gd.ltrans0.ltrans.o
                0x08000ea0                _stats_stop_measure_crit_thd
 *fill*         0x08000eac        0x4 
 .text._stats_start_measure_crit_thd
                0x08000eb0        0xc C:\Users\kunal\AppData\Local\Temp\ch.elf.qoG3gd.ltrans0.ltrans.o
                0x08000eb0                _stats_start_measure_crit_thd
 *fill*         0x08000ebc        0x4 
 .text.spiSend.constprop.0
                0x08000ec0       0x68 C:\Users\kunal\AppData\Local\Temp\ch.elf.qoG3gd.ltrans0.ltrans.o
 *fill*         0x08000f28        0x8 
 .text.spiReceive.constprop.0
                0x08000f30       0x68 C:\Users\kunal\AppData\Local\Temp\ch.elf.qoG3gd.ltrans0.ltrans.o
 *fill*         0x08000f98        0x8 
 .text.ReadSR   0x08000fa0       0x38 C:\Users\kunal\AppData\Local\Temp\ch.elf.qoG3gd.ltrans0.ltrans.o
 *fill*         0x08000fd8        0x8 
 .text.chCoreAllocFromTop
                0x08000fe0       0x48 C:\Users\kunal\AppData\Local\Temp\ch.elf.qoG3gd.ltrans0.ltrans.o
 *fill*         0x08001028        0x8 
 .text.chThdSleep
                0x08001030       0x20 C:\Users\kunal\AppData\Local\Temp\ch.elf.qoG3gd.ltrans0.ltrans.o
 .text.oqWriteTimeout
                0x08001050       0xcc C:\Users\kunal\AppData\Local\Temp\ch.elf.qoG3gd.ltrans0.ltrans.o
 *fill*         0x0800111c        0x4 
 .text.startup.main
                0x08001120      0x610 C:\Users\kunal\AppData\Local\Temp\ch.elf.qoG3gd.ltrans0.ltrans.o
                0x08001120                main
 .text._writet  0x08001730        0x8 C:\Users\kunal\AppData\Local\Temp\ch.elf.qoG3gd.ltrans0.ltrans.o
 *fill*         0x08001738        0x8 
 .text._write   0x08001740        0xc C:\Users\kunal\AppData\Local\Temp\ch.elf.qoG3gd.ltrans0.ltrans.o
 *fill*         0x0800174c        0x4 
 .text.oqPutTimeout
                0x08001750       0x6c C:\Users\kunal\AppData\Local\Temp\ch.elf.qoG3gd.ltrans0.ltrans.o
 *fill*         0x080017bc        0x4 
 .text._putt    0x080017c0        0x8 C:\Users\kunal\AppData\Local\Temp\ch.elf.qoG3gd.ltrans0.ltrans.o
 *fill*         0x080017c8        0x8 
 .text._put     0x080017d0        0xc C:\Users\kunal\AppData\Local\Temp\ch.elf.qoG3gd.ltrans0.ltrans.o
 *fill*         0x080017dc        0x4 
 .text.iqReadTimeout
                0x080017e0       0xd0 C:\Users\kunal\AppData\Local\Temp\ch.elf.qoG3gd.ltrans0.ltrans.o
 .text._readt   0x080018b0        0x8 C:\Users\kunal\AppData\Local\Temp\ch.elf.qoG3gd.ltrans0.ltrans.o
 *fill*         0x080018b8        0x8 
 .text._read    0x080018c0        0xc C:\Users\kunal\AppData\Local\Temp\ch.elf.qoG3gd.ltrans0.ltrans.o
 *fill*         0x080018cc        0x4 
 .text.iqGetTimeout
                0x080018d0       0x60 C:\Users\kunal\AppData\Local\Temp\ch.elf.qoG3gd.ltrans0.ltrans.o
 .text._gett    0x08001930        0x8 C:\Users\kunal\AppData\Local\Temp\ch.elf.qoG3gd.ltrans0.ltrans.o
 *fill*         0x08001938        0x8 
 .text._get     0x08001940        0xc C:\Users\kunal\AppData\Local\Temp\ch.elf.qoG3gd.ltrans0.ltrans.o
 *fill*         0x0800194c        0x4 
 .text.chThdExit
                0x08001950       0x50 C:\Users\kunal\AppData\Local\Temp\ch.elf.qoG3gd.ltrans0.ltrans.o
                0x08001950                chThdExit
 .text.chSchDoRescheduleAhead
                0x080019a0       0x58 C:\Users\kunal\AppData\Local\Temp\ch.elf.qoG3gd.ltrans0.ltrans.o
                0x080019a0                chSchDoReschedule
 *fill*         0x080019f8        0x8 
 .text.spi_thread_1
                0x08001a00      0x3a4 C:\Users\kunal\AppData\Local\Temp\ch.elf.qoG3gd.ltrans0.ltrans.o
 *fill*         0x08001da4        0xc 
 .text.__early_init
                0x08001db0      0x168 C:\Users\kunal\AppData\Local\Temp\ch.elf.qoG3gd.ltrans0.ltrans.o
                0x08001db0                __early_init
 *fill*         0x08001f18        0x8 
 .text.Vector110
                0x08001f20       0x18 C:\Users\kunal\AppData\Local\Temp\ch.elf.qoG3gd.ltrans0.ltrans.o
                0x08001f20                Vector110
 *fill*         0x08001f38        0x8 
 .text.VectorD8
                0x08001f40       0x18 C:\Users\kunal\AppData\Local\Temp\ch.elf.qoG3gd.ltrans0.ltrans.o
                0x08001f40                VectorD8
 *fill*         0x08001f58        0x8 
 .text.VectorB0
                0x08001f60       0xc8 C:\Users\kunal\AppData\Local\Temp\ch.elf.qoG3gd.ltrans0.ltrans.o
                0x08001f60                VectorB0
 *fill*         0x08002028        0x8 
 .text.Vector158
                0x08002030       0x30 C:\Users\kunal\AppData\Local\Temp\ch.elf.qoG3gd.ltrans0.ltrans.o
                0x08002030                Vector158
 .text.Vector154
                0x08002060       0x30 C:\Users\kunal\AppData\Local\Temp\ch.elf.qoG3gd.ltrans0.ltrans.o
                0x08002060                Vector154
 .text.Vector150
                0x08002090       0x30 C:\Users\kunal\AppData\Local\Temp\ch.elf.qoG3gd.ltrans0.ltrans.o
                0x08002090                Vector150
 .text.Vector130
                0x080020c0       0x2c C:\Users\kunal\AppData\Local\Temp\ch.elf.qoG3gd.ltrans0.ltrans.o
                0x080020c0                Vector130
 *fill*         0x080020ec        0x4 
 .text.Vector12C
                0x080020f0       0x30 C:\Users\kunal\AppData\Local\Temp\ch.elf.qoG3gd.ltrans0.ltrans.o
                0x080020f0                Vector12C
 .text.Vector128
                0x08002120       0x30 C:\Users\kunal\AppData\Local\Temp\ch.elf.qoG3gd.ltrans0.ltrans.o
                0x08002120                Vector128
 .text.Vector124
                0x08002150       0x30 C:\Users\kunal\AppData\Local\Temp\ch.elf.qoG3gd.ltrans0.ltrans.o
                0x08002150                Vector124
 .text.Vector120
                0x08002180       0x2c C:\Users\kunal\AppData\Local\Temp\ch.elf.qoG3gd.ltrans0.ltrans.o
                0x08002180                Vector120
 *fill*         0x080021ac        0x4 
 .text.VectorFC
                0x080021b0       0x30 C:\Users\kunal\AppData\Local\Temp\ch.elf.qoG3gd.ltrans0.ltrans.o
                0x080021b0                VectorFC
 .text.Vector84
                0x080021e0       0x30 C:\Users\kunal\AppData\Local\Temp\ch.elf.qoG3gd.ltrans0.ltrans.o
                0x080021e0                Vector84
 .text.Vector80
                0x08002210       0x30 C:\Users\kunal\AppData\Local\Temp\ch.elf.qoG3gd.ltrans0.ltrans.o
                0x08002210                Vector80
 .text.Vector7C
                0x08002240       0x2c C:\Users\kunal\AppData\Local\Temp\ch.elf.qoG3gd.ltrans0.ltrans.o
                0x08002240                Vector7C
 *fill*         0x0800226c        0x4 
 .text.Vector78
                0x08002270       0x30 C:\Users\kunal\AppData\Local\Temp\ch.elf.qoG3gd.ltrans0.ltrans.o
                0x08002270                Vector78
 .text.Vector74
                0x080022a0       0x30 C:\Users\kunal\AppData\Local\Temp\ch.elf.qoG3gd.ltrans0.ltrans.o
                0x080022a0                Vector74
 .text.Vector70
                0x080022d0       0x30 C:\Users\kunal\AppData\Local\Temp\ch.elf.qoG3gd.ltrans0.ltrans.o
                0x080022d0                Vector70
 .text.Vector6C
                0x08002300       0x2c C:\Users\kunal\AppData\Local\Temp\ch.elf.qoG3gd.ltrans0.ltrans.o
                0x08002300                Vector6C
 *fill*         0x0800232c        0x4 
 .text.__init_ram_areas
                0x08002330       0x68 C:\Users\kunal\AppData\Local\Temp\ch.elf.qoG3gd.ltrans0.ltrans.o
                0x08002330                __init_ram_areas
 *fill*         0x08002398        0x8 
 .text.__default_exit
                0x080023a0        0x4 C:\Users\kunal\AppData\Local\Temp\ch.elf.qoG3gd.ltrans0.ltrans.o
                0x080023a0                __default_exit
 *fill*         0x080023a4        0xc 
 .text.__late_init
                0x080023b0        0x4 C:\Users\kunal\AppData\Local\Temp\ch.elf.qoG3gd.ltrans0.ltrans.o
                0x080023b0                __late_init
 *fill*         0x080023b4        0xc 
 .text.__core_init
                0x080023c0        0x4 C:\Users\kunal\AppData\Local\Temp\ch.elf.qoG3gd.ltrans0.ltrans.o
                0x080023c0                __core_init
 *(.glue_7t)
 .glue_7t       0x080023c4        0x0 linker stubs
 *(.glue_7)
 .glue_7        0x080023c4        0x0 linker stubs
 *(.gcc*)
                0x080023c4                __text_end__ = .

.vfp11_veneer   0x080023c4        0x0
 .vfp11_veneer  0x080023c4        0x0 linker stubs

.v4_bx          0x080023c4        0x0
 .v4_bx         0x080023c4        0x0 linker stubs

.iplt           0x080023c4        0x0
 .iplt          0x080023c4        0x0 ./build/obj/crt0_v7m.o

.rodata         0x080023c4      0x304
                0x080023c4                __rodata_base__ = .
 *(.rodata)
 *(.rodata.*)
 .rodata.spi_lld_serve_tx_interrupt.str1.4
                0x080023c4        0xc C:\Users\kunal\AppData\Local\Temp\ch.elf.qoG3gd.ltrans0.ltrans.o
 .rodata.main.str1.4
                0x080023d0       0x1f C:\Users\kunal\AppData\Local\Temp\ch.elf.qoG3gd.ltrans0.ltrans.o
 *fill*         0x080023ef        0x1 
 .rodata.spi_thread_1.str1.4
                0x080023f0      0x144 C:\Users\kunal\AppData\Local\Temp\ch.elf.qoG3gd.ltrans0.ltrans.o
 .rodata._stm32_dma_streams
                0x08002534       0xc0 C:\Users\kunal\AppData\Local\Temp\ch.elf.qoG3gd.ltrans0.ltrans.o
 .rodata.ch_debug
                0x080025f4       0x16 C:\Users\kunal\AppData\Local\Temp\ch.elf.qoG3gd.ltrans0.ltrans.o
 .rodata.dummytx
                0x0800260a        0x2 C:\Users\kunal\AppData\Local\Temp\ch.elf.qoG3gd.ltrans0.ltrans.o
 .rodata.hs_spicfg
                0x0800260c       0x14 C:\Users\kunal\AppData\Local\Temp\ch.elf.qoG3gd.ltrans0.ltrans.o
 .rodata.ram_areas
                0x08002620       0x80 C:\Users\kunal\AppData\Local\Temp\ch.elf.qoG3gd.ltrans0.ltrans.o
 .rodata.vmt    0x080026a0       0x28 C:\Users\kunal\AppData\Local\Temp\ch.elf.qoG3gd.ltrans0.ltrans.o
                0x080026c8                . = ALIGN (0x4)
                0x080026c8                __rodata_end__ = .

.rel.dyn        0x080026c8        0x0
 .rel.iplt      0x080026c8        0x0 ./build/obj/crt0_v7m.o

.ARM.extab
 *(.ARM.extab* .gnu.linkonce.armextab.*)

.ARM.exidx      0x080026c8        0x0
                0x080026c8                __exidx_base__ = .
                0x080026c8                __exidx_start = .
 *(.ARM.exidx* .gnu.linkonce.armexidx.*)
                0x080026c8                __exidx_end__ = .
                0x080026c8                __exidx_end = .

.eh_frame_hdr
 *(.eh_frame_hdr)

.eh_frame
 *(.eh_frame)

.data           0x20000800        0x0 load address 0x080026c8
                [!provide]                PROVIDE (_textdata = LOADADDR (.data))
                [!provide]                PROVIDE (_data = .)
                0x080026c8                __textdata_base__ = LOADADDR (.data)
                0x20000800                __data_base__ = .
 *(.data)
 *(.data.*)
 *(.ramtext)
                0x20000800                . = ALIGN (0x4)
                [!provide]                PROVIDE (_edata = .)
                0x20000800                __data_end__ = .

.igot.plt       0x20000800        0x0 load address 0x080026c8
 .igot.plt      0x20000800        0x0 ./build/obj/crt0_v7m.o

.bss            0x20000800      0xcc8 load address 0x080026c8
                0x20000800                __bss_base__ = .
 *(.bss)
 *(.bss.*)
 .bss.SD2       0x20000800       0x7c C:\Users\kunal\AppData\Local\Temp\ch.elf.qoG3gd.ltrans0.ltrans.o
 .bss.SD4       0x2000087c       0x7c C:\Users\kunal\AppData\Local\Temp\ch.elf.qoG3gd.ltrans0.ltrans.o
 .bss.SPID2     0x200008f8       0x30 C:\Users\kunal\AppData\Local\Temp\ch.elf.qoG3gd.ltrans0.ltrans.o
 .bss.ch        0x20000928       0xd0 C:\Users\kunal\AppData\Local\Temp\ch.elf.qoG3gd.ltrans0.ltrans.o
 .bss.ch_factory
                0x200009f8       0x48 C:\Users\kunal\AppData\Local\Temp\ch.elf.qoG3gd.ltrans0.ltrans.o
 .bss.ch_idle_thread_wa
                0x20000a40       0xf8 C:\Users\kunal\AppData\Local\Temp\ch.elf.qoG3gd.ltrans0.ltrans.o
 .bss.ch_memcore
                0x20000b38        0x8 C:\Users\kunal\AppData\Local\Temp\ch.elf.qoG3gd.ltrans0.ltrans.o
 .bss.default_heap
                0x20000b40       0x1c C:\Users\kunal\AppData\Local\Temp\ch.elf.qoG3gd.ltrans0.ltrans.o
 .bss.dma       0x20000b5c       0x84 C:\Users\kunal\AppData\Local\Temp\ch.elf.qoG3gd.ltrans0.ltrans.o
 .bss.dummyrx   0x20000be0        0x2 C:\Users\kunal\AppData\Local\Temp\ch.elf.qoG3gd.ltrans0.ltrans.o
 *fill*         0x20000be2        0x2 
 .bss.rx_buf    0x20000be4      0x401 C:\Users\kunal\AppData\Local\Temp\ch.elf.qoG3gd.ltrans0.ltrans.o
 *fill*         0x20000fe5        0x3 
 .bss.spi_thread_1_wa
                0x20000fe8      0x4d0 C:\Users\kunal\AppData\Local\Temp\ch.elf.qoG3gd.ltrans0.ltrans.o
 .bss.tx_buf    0x200014b8        0xa C:\Users\kunal\AppData\Local\Temp\ch.elf.qoG3gd.ltrans0.ltrans.o
 .bss.x         0x200014c2        0x1 C:\Users\kunal\AppData\Local\Temp\ch.elf.qoG3gd.ltrans0.ltrans.o
 .bss.y         0x200014c3        0x1 C:\Users\kunal\AppData\Local\Temp\ch.elf.qoG3gd.ltrans0.ltrans.o
 .bss.z         0x200014c4        0x1 C:\Users\kunal\AppData\Local\Temp\ch.elf.qoG3gd.ltrans0.ltrans.o
 *(COMMON)
                0x200014c8                . = ALIGN (0x4)
 *fill*         0x200014c5        0x3 
                0x200014c8                __bss_end__ = .
                [!provide]                PROVIDE (end = .)
                0x20000000                __ram0_base__ = ORIGIN (ram0)
                0x00020000                __ram0_size__ = LENGTH (ram0)
                0x20020000                __ram0_end__ = (__ram0_base__ + __ram0_size__)
                0x20000000                __ram1_base__ = ORIGIN (ram1)
                0x0001c000                __ram1_size__ = LENGTH (ram1)
                0x2001c000                __ram1_end__ = (__ram1_base__ + __ram1_size__)
                0x2001c000                __ram2_base__ = ORIGIN (ram2)
                0x00004000                __ram2_size__ = LENGTH (ram2)
                0x20020000                __ram2_end__ = (__ram2_base__ + __ram2_size__)
                0x00000000                __ram3_base__ = ORIGIN (ram3)
                0x00000000                __ram3_size__ = LENGTH (ram3)
                0x00000000                __ram3_end__ = (__ram3_base__ + __ram3_size__)
                0x10000000                __ram4_base__ = ORIGIN (ram4)
                0x00010000                __ram4_size__ = LENGTH (ram4)
                0x10010000                __ram4_end__ = (__ram4_base__ + __ram4_size__)
                0x40024000                __ram5_base__ = ORIGIN (ram5)
                0x00001000                __ram5_size__ = LENGTH (ram5)
                0x40025000                __ram5_end__ = (__ram5_base__ + __ram5_size__)
                0x00000000                __ram6_base__ = ORIGIN (ram6)
                0x00000000                __ram6_size__ = LENGTH (ram6)
                0x00000000                __ram6_end__ = (__ram6_base__ + __ram6_size__)
                0x00000000                __ram7_base__ = ORIGIN (ram7)
                0x00000000                __ram7_size__ = LENGTH (ram7)
                0x00000000                __ram7_end__ = (__ram7_base__ + __ram7_size__)
                0x08000000                __flash0_base__ = ORIGIN (flash0)
                0x00100000                __flash0_size__ = LENGTH (flash0)
                0x08100000                __flash0_end__ = (__flash0_base__ + __flash0_size__)
                0x00000000                __flash1_base__ = ORIGIN (flash1)
                0x00000000                __flash1_size__ = LENGTH (flash1)
                0x00000000                __flash1_end__ = (__flash1_base__ + __flash1_size__)
                0x00000000                __flash2_base__ = ORIGIN (flash2)
                0x00000000                __flash2_size__ = LENGTH (flash2)
                0x00000000                __flash2_end__ = (__flash2_base__ + __flash2_size__)
                0x00000000                __flash3_base__ = ORIGIN (flash3)
                0x00000000                __flash3_size__ = LENGTH (flash3)
                0x00000000                __flash3_end__ = (__flash3_base__ + __flash3_size__)
                0x00000000                __flash4_base__ = ORIGIN (flash4)
                0x00000000                __flash4_size__ = LENGTH (flash4)
                0x00000000                __flash4_end__ = (__flash4_base__ + __flash4_size__)
                0x00000000                __flash5_base__ = ORIGIN (flash5)
                0x00000000                __flash5_size__ = LENGTH (flash5)
                0x00000000                __flash5_end__ = (__flash5_base__ + __flash5_size__)
                0x00000000                __flash6_base__ = ORIGIN (flash6)
                0x00000000                __flash6_size__ = LENGTH (flash6)
                0x00000000                __flash6_end__ = (__flash6_base__ + __flash6_size__)
                0x00000000                __flash7_base__ = ORIGIN (flash7)
                0x00000000                __flash7_size__ = LENGTH (flash7)
                0x00000000                __flash7_end__ = (__flash7_base__ + __flash7_size__)

.ram0_init      0x200014c8        0x0 load address 0x080026c8
                0x080026c8                __ram0_init_text__ = LOADADDR (.ram0_init)
                0x200014c8                __ram0_init__ = .
 *(.ram0_init)
 *(.ram0_init.*)
                0x200014c8                . = ALIGN (0x4)

.ram0           0x200014c8        0x0 load address 0x080026c8
                0x200014c8                __ram0_clear__ = .
 *(.ram0_clear)
 *(.ram0_clear.*)
                0x200014c8                . = ALIGN (0x4)
                0x200014c8                __ram0_noinit__ = .
 *(.ram0)
 *(.ram0.*)
                0x200014c8                . = ALIGN (0x4)
                0x200014c8                __ram0_free__ = .

.ram1_init      0x20000000        0x0 load address 0x080026c8
                0x080026c8                __ram1_init_text__ = LOADADDR (.ram1_init)
                0x20000000                __ram1_init__ = .
 *(.ram1_init)
 *(.ram1_init.*)
                0x20000000                . = ALIGN (0x4)

.ram1           0x20000000        0x0 load address 0x080026c8
                0x20000000                __ram1_clear__ = .
 *(.ram1_clear)
 *(.ram1_clear.*)
                0x20000000                . = ALIGN (0x4)
                0x20000000                __ram1_noinit__ = .
 *(.ram1)
 *(.ram1.*)
                0x20000000                . = ALIGN (0x4)
                0x20000000                __ram1_free__ = .

.ram2_init      0x2001c000        0x0 load address 0x080026c8
                0x080026c8                __ram2_init_text__ = LOADADDR (.ram2_init)
                0x2001c000                __ram2_init__ = .
 *(.ram2_init)
 *(.ram2_init.*)
                0x2001c000                . = ALIGN (0x4)

.ram2           0x2001c000        0x0 load address 0x080026c8
                0x2001c000                __ram2_clear__ = .
 *(.ram2_clear)
 *(.ram2_clear.*)
                0x2001c000                . = ALIGN (0x4)
                0x2001c000                __ram2_noinit__ = .
 *(.ram2)
 *(.ram2.*)
                0x2001c000                . = ALIGN (0x4)
                0x2001c000                __ram2_free__ = .

.ram3_init      0x00000000        0x0 load address 0x080026c8
                0x080026c8                __ram3_init_text__ = LOADADDR (.ram3_init)
                0x00000000                __ram3_init__ = .
 *(.ram3_init)
 *(.ram3_init.*)
                0x00000000                . = ALIGN (0x4)

.ram3           0x00000000        0x0 load address 0x080026c8
                0x00000000                __ram3_clear__ = .
 *(.ram3_clear)
 *(.ram3_clear.*)
                0x00000000                . = ALIGN (0x4)
                0x00000000                __ram3_noinit__ = .
 *(.ram3)
 *(.ram3.*)
                0x00000000                . = ALIGN (0x4)
                0x00000000                __ram3_free__ = .

.ram4_init      0x10000000        0x0 load address 0x080026c8
                0x080026c8                __ram4_init_text__ = LOADADDR (.ram4_init)
                0x10000000                __ram4_init__ = .
 *(.ram4_init)
 *(.ram4_init.*)
                0x10000000                . = ALIGN (0x4)

.ram4           0x10000000        0x0 load address 0x080026c8
                0x10000000                __ram4_clear__ = .
 *(.ram4_clear)
 *(.ram4_clear.*)
                0x10000000                . = ALIGN (0x4)
                0x10000000                __ram4_noinit__ = .
 *(.ram4)
 *(.ram4.*)
                0x10000000                . = ALIGN (0x4)
                0x10000000                __ram4_free__ = .

.ram5_init      0x40024000        0x0 load address 0x080026c8
                0x080026c8                __ram5_init_text__ = LOADADDR (.ram5_init)
                0x40024000                __ram5_init__ = .
 *(.ram5_init)
 *(.ram5_init.*)
                0x40024000                . = ALIGN (0x4)

.ram5           0x40024000        0x0 load address 0x080026c8
                0x40024000                __ram5_clear__ = .
 *(.ram5_clear)
 *(.ram5_clear.*)
                0x40024000                . = ALIGN (0x4)
                0x40024000                __ram5_noinit__ = .
 *(.ram5)
 *(.ram5.*)
                0x40024000                . = ALIGN (0x4)
                0x40024000                __ram5_free__ = .

.ram6_init      0x00000000        0x0 load address 0x080026c8
                0x080026c8                __ram6_init_text__ = LOADADDR (.ram6_init)
                0x00000000                __ram6_init__ = .
 *(.ram6_init)
 *(.ram6_init.*)
                0x00000000                . = ALIGN (0x4)

.ram6           0x00000000        0x0 load address 0x080026c8
                0x00000000                __ram6_clear__ = .
 *(.ram6_clear)
 *(.ram6_clear.*)
                0x00000000                . = ALIGN (0x4)
                0x00000000                __ram6_noinit__ = .
 *(.ram6)
 *(.ram6.*)
                0x00000000                . = ALIGN (0x4)
                0x00000000                __ram6_free__ = .

.ram7_init      0x00000000        0x0 load address 0x080026c8
                0x080026c8                __ram7_init_text__ = LOADADDR (.ram7_init)
                0x00000000                __ram7_init__ = .
 *(.ram7_init)
 *(.ram7_init.*)
                0x00000000                . = ALIGN (0x4)

.ram7           0x00000000        0x0 load address 0x080026c8
                0x00000000                __ram7_clear__ = .
 *(.ram7_clear)
 *(.ram7_clear.*)
                0x00000000                . = ALIGN (0x4)
                0x00000000                __ram7_noinit__ = .
 *(.ram7)
 *(.ram7.*)
                0x00000000                . = ALIGN (0x4)
                0x00000000                __ram7_free__ = .

.flash0         0x080026c8        0x0
                0x080026c8                __flash0_init__ = .
 *(.flash0_init)
 *(.flash0_init.*)
                0x080026c8                __flash0_free__ = .

.flash1         0x00000000        0x0
                0x00000000                __flash1_init__ = .
 *(.flash1_init)
 *(.flash1_init.*)
                0x00000000                __flash1_free__ = .

.flash2         0x00000000        0x0
                0x00000000                __flash2_init__ = .
 *(.flash2_init)
 *(.flash2_init.*)
                0x00000000                __flash2_free__ = .

.flash3         0x00000000        0x0
                0x00000000                __flash3_init__ = .
 *(.flash3_init)
 *(.flash3_init.*)
                0x00000000                __flash3_free__ = .

.flash4         0x00000000        0x0
                0x00000000                __flash4_init__ = .
 *(.flash4_init)
 *(.flash4_init.*)
                0x00000000                __flash4_free__ = .

.flash5         0x00000000        0x0
                0x00000000                __flash5_init__ = .
 *(.flash5_init)
 *(.flash5_init.*)
                0x00000000                __flash5_free__ = .

.flash6         0x00000000        0x0
                0x00000000                __flash6_init__ = .
 *(.flash6_init)
 *(.flash6_init.*)
                0x00000000                __flash6_free__ = .

.flash7         0x00000000        0x0
                0x00000000                __flash7_init__ = .
 *(.flash7_init)
 *(.flash7_init.*)
                0x00000000                __flash7_free__ = .

.heap           0x200014c8    0x1eb38
                0x200014c8                . = ALIGN (0x8)
                0x200014c8                __heap_base__ = .
                0x20020000                . = (ORIGIN (HEAP_RAM) + LENGTH (HEAP_RAM))
 *fill*         0x200014c8    0x1eb38 
                0x20020000                __heap_end__ = .
                0x00000400                __process_stack_size__ = 0x400
                0x00000400                __main_stack_size__ = 0x400
START GROUP
LOAD c:/chibistudio/tools/gnu tools arm embedded/9.0 2019q4/bin/../lib/gcc/arm-none-eabi/9.2.1/thumb/v7e-m/nofp\libgcc.a
LOAD c:/chibistudio/tools/gnu tools arm embedded/9.0 2019q4/bin/../lib/gcc/arm-none-eabi/9.2.1/../../../../arm-none-eabi/lib/thumb/v7e-m/nofp\libg.a
LOAD c:/chibistudio/tools/gnu tools arm embedded/9.0 2019q4/bin/../lib/gcc/arm-none-eabi/9.2.1/../../../../arm-none-eabi/lib/thumb/v7e-m/nofp\libc.a
END GROUP
OUTPUT(build/ch.elf elf32-littlearm)

.ARM.attributes
                0x00000000       0x2d
 .ARM.attributes
                0x00000000       0x21 ./build/obj/crt0_v7m.o
 .ARM.attributes
                0x00000021       0x21 ./build/obj/vectors.o
 .ARM.attributes
                0x00000042       0x21 ./build/obj/chcoreasm_v7m.o
 .ARM.attributes
                0x00000063       0x2c C:\Users\kunal\AppData\Local\Temp\ch.elf.qoG3gd.ltrans0.ltrans.o
 .ARM.attributes
                0x0000008f       0x1c c:/chibistudio/tools/gnu tools arm embedded/9.0 2019q4/bin/../lib/gcc/arm-none-eabi/9.2.1/../../../../arm-none-eabi/lib/thumb/v7e-m/nofp\libg.a(lib_a-memcpy.o)

.comment        0x00000000       0x79
 .comment       0x00000000       0x79 C:\Users\kunal\AppData\Local\Temp\ch.elf.qoG3gd.ltrans0.ltrans.o
                                 0x7a (size before relaxing)

.debug_line     0x00000000     0xe89c
 .debug_line    0x00000000       0xcd ./build/obj/crt0_v7m.o
 .debug_line    0x000000cd       0x77 ./build/obj/vectors.o
 .debug_line    0x00000144       0x91 ./build/obj/chcoreasm_v7m.o
 .debug_line    0x000001d5     0x4c99 C:\Users\kunal\AppData\Local\Temp\ch.elf.qoG3gd.ltrans0.ltrans.o
 .debug_line    0x00004e6e      0x1ad C:\Users\kunal\AppData\Local\Temp\ccT0Q9DJ.debug.temp.o
 .debug_line    0x0000501b      0x560 C:\Users\kunal\AppData\Local\Temp\cc6ovmUc.debug.temp.o
 .debug_line    0x0000557b      0x582 C:\Users\kunal\AppData\Local\Temp\cc3Ult4E.debug.temp.o
 .debug_line    0x00005afd      0x5b8 C:\Users\kunal\AppData\Local\Temp\cc40tIi7.debug.temp.o
 .debug_line    0x000060b5      0x5a6 C:\Users\kunal\AppData\Local\Temp\ccjYjoBz.debug.temp.o
 .debug_line    0x0000665b      0x575 C:\Users\kunal\AppData\Local\Temp\ccWxLEY1.debug.temp.o
 .debug_line    0x00006bd0      0x543 C:\Users\kunal\AppData\Local\Temp\cccLwwWW.debug.temp.o
 .debug_line    0x00007113      0x576 C:\Users\kunal\AppData\Local\Temp\ccFDGHsp.debug.temp.o
 .debug_line    0x00007689      0x573 C:\Users\kunal\AppData\Local\Temp\cceHYq3R.debug.temp.o
 .debug_line    0x00007bfc      0x543 C:\Users\kunal\AppData\Local\Temp\ccPNNqIk.debug.temp.o
 .debug_line    0x0000813f      0x54a C:\Users\kunal\AppData\Local\Temp\cceSmBpN.debug.temp.o
 .debug_line    0x00008689      0x548 C:\Users\kunal\AppData\Local\Temp\ccj2d3Gj.debug.temp.o
 .debug_line    0x00008bd1      0x559 C:\Users\kunal\AppData\Local\Temp\ccVaLTtm.debug.temp.o
 .debug_line    0x0000912a      0x51e C:\Users\kunal\AppData\Local\Temp\cchXULtp.debug.temp.o
 .debug_line    0x00009648      0x55b C:\Users\kunal\AppData\Local\Temp\ccoKHX2V.debug.temp.o
 .debug_line    0x00009ba3      0x597 C:\Users\kunal\AppData\Local\Temp\ccRAiBGs.debug.temp.o
 .debug_line    0x0000a13a      0x55e C:\Users\kunal\AppData\Local\Temp\ccCUFOoZ.debug.temp.o
 .debug_line    0x0000a698      0x54c C:\Users\kunal\AppData\Local\Temp\ccxZcsbw.debug.temp.o
 .debug_line    0x0000abe4      0x3a3 C:\Users\kunal\AppData\Local\Temp\ccRUrWCx.debug.temp.o
 .debug_line    0x0000af87      0x379 C:\Users\kunal\AppData\Local\Temp\cck8mn94.debug.temp.o
 .debug_line    0x0000b300      0x378 C:\Users\kunal\AppData\Local\Temp\ccxYLE9A.debug.temp.o
 .debug_line    0x0000b678      0x39c C:\Users\kunal\AppData\Local\Temp\ccSw3le7.debug.temp.o
 .debug_line    0x0000ba14      0x35d C:\Users\kunal\AppData\Local\Temp\ccFNuEnD.debug.temp.o
 .debug_line    0x0000bd71      0x36f C:\Users\kunal\AppData\Local\Temp\ccODgxB9.debug.temp.o
 .debug_line    0x0000c0e0      0x3a2 C:\Users\kunal\AppData\Local\Temp\ccBqm2IE.debug.temp.o
 .debug_line    0x0000c482      0x36d C:\Users\kunal\AppData\Local\Temp\ccZLLlbF.debug.temp.o
 .debug_line    0x0000c7ef      0x37e C:\Users\kunal\AppData\Local\Temp\cc3IleRF.debug.temp.o
 .debug_line    0x0000cb6d      0x390 C:\Users\kunal\AppData\Local\Temp\ccrU3JHG.debug.temp.o
 .debug_line    0x0000cefd      0x374 C:\Users\kunal\AppData\Local\Temp\cclcrRNH.debug.temp.o
 .debug_line    0x0000d271      0x376 C:\Users\kunal\AppData\Local\Temp\ccaUhUhc.debug.temp.o
 .debug_line    0x0000d5e7      0x375 C:\Users\kunal\AppData\Local\Temp\cchzooQG.debug.temp.o
 .debug_line    0x0000d95c      0x3c1 C:\Users\kunal\AppData\Local\Temp\ccfCrWuF.debug.temp.o
 .debug_line    0x0000dd1d      0x389 C:\Users\kunal\AppData\Local\Temp\ccJ0WOfF.debug.temp.o
 .debug_line    0x0000e0a6      0x7f6 C:\Users\kunal\AppData\Local\Temp\ccx60IWU.debug.temp.o

.debug_info     0x00000000    0x31895
 .debug_info    0x00000000       0x26 ./build/obj/crt0_v7m.o
 .debug_info    0x00000026       0x26 ./build/obj/vectors.o
 .debug_info    0x0000004c       0x26 ./build/obj/chcoreasm_v7m.o
 .debug_info    0x00000072     0x5996 C:\Users\kunal\AppData\Local\Temp\ch.elf.qoG3gd.ltrans0.ltrans.o
 .debug_info    0x00005a08      0x35d C:\Users\kunal\AppData\Local\Temp\ccT0Q9DJ.debug.temp.o
                0x00005a08                crt1.c.25eb271d
 .debug_info    0x00005d65     0x1391 C:\Users\kunal\AppData\Local\Temp\cc6ovmUc.debug.temp.o
                0x00005d65                hal.c.e39ea8ce
 .debug_info    0x000070f6     0x15ee C:\Users\kunal\AppData\Local\Temp\cc3Ult4E.debug.temp.o
                0x000070f6                hal_st.c.a7e341eb
 .debug_info    0x000086e4     0x23cf C:\Users\kunal\AppData\Local\Temp\cc40tIi7.debug.temp.o
                0x000086e4                hal_buffers.c.35fe0bd6
 .debug_info    0x0000aab3     0x21e8 C:\Users\kunal\AppData\Local\Temp\ccjYjoBz.debug.temp.o
                0x0000aab3                hal_queues.c.0ebc06e9
 .debug_info    0x0000cc9b     0x1754 C:\Users\kunal\AppData\Local\Temp\ccWxLEY1.debug.temp.o
                0x0000cc9b                hal_flash.c.7bd68504
 .debug_info    0x0000e3ef     0x14ad C:\Users\kunal\AppData\Local\Temp\cccLwwWW.debug.temp.o
                0x0000e3ef                hal_pal.c.b7f8d8f7
 .debug_info    0x0000f89c     0x1867 C:\Users\kunal\AppData\Local\Temp\ccFDGHsp.debug.temp.o
                0x0000f89c                hal_serial.c.cc3ed51c
 .debug_info    0x00011103     0x1873 C:\Users\kunal\AppData\Local\Temp\cceHYq3R.debug.temp.o
                0x00011103                hal_spi.c.83d4a77d
 .debug_info    0x00012976     0x16fd C:\Users\kunal\AppData\Local\Temp\ccPNNqIk.debug.temp.o
                0x00012976                nvic.c.cd4de9f4
 .debug_info    0x00014073     0x15b5 C:\Users\kunal\AppData\Local\Temp\cceSmBpN.debug.temp.o
                0x00014073                stm32_isr.c.deda0fb6
 .debug_info    0x00015628     0x1820 C:\Users\kunal\AppData\Local\Temp\ccj2d3Gj.debug.temp.o
                0x00015628                hal_lld.c.b39d9614
 .debug_info    0x00016e48     0x19a3 C:\Users\kunal\AppData\Local\Temp\ccVaLTtm.debug.temp.o
                0x00016e48                stm32_dma.c.b9be47bb
 .debug_info    0x000187eb     0x1448 C:\Users\kunal\AppData\Local\Temp\cchXULtp.debug.temp.o
                0x000187eb                hal_pal_lld.c.25e99b6d
 .debug_info    0x00019c33     0x186d C:\Users\kunal\AppData\Local\Temp\ccoKHX2V.debug.temp.o
                0x00019c33                hal_spi_lld.c.c353f12e
 .debug_info    0x0001b4a0     0x1799 C:\Users\kunal\AppData\Local\Temp\ccRAiBGs.debug.temp.o
                0x0001b4a0                hal_st_lld.c.bdc44f63
 .debug_info    0x0001cc39     0x17bd C:\Users\kunal\AppData\Local\Temp\ccCUFOoZ.debug.temp.o
                0x0001cc39                hal_serial_lld.c.da9945e0
 .debug_info    0x0001e3f6     0x16a1 C:\Users\kunal\AppData\Local\Temp\ccxZcsbw.debug.temp.o
                0x0001e3f6                board.c.b7a6b3b8
 .debug_info    0x0001fa97     0x1091 C:\Users\kunal\AppData\Local\Temp\ccRUrWCx.debug.temp.o
                0x0001fa97                chsys.c.d6da014c
 .debug_info    0x00020b28      0xc8d C:\Users\kunal\AppData\Local\Temp\cck8mn94.debug.temp.o
                0x00020b28                chvt.c.1224b0a7
 .debug_info    0x000217b5      0xe14 C:\Users\kunal\AppData\Local\Temp\ccxYLE9A.debug.temp.o
                0x000217b5                chschd.c.225eb329
 .debug_info    0x000225c9     0x13c1 C:\Users\kunal\AppData\Local\Temp\ccSw3le7.debug.temp.o
                0x000225c9                chthreads.c.9b8622ec
 .debug_info    0x0002398a      0xd4d C:\Users\kunal\AppData\Local\Temp\ccFNuEnD.debug.temp.o
                0x0002398a                chtm.c.ce54072e
 .debug_info    0x000246d7      0xb93 C:\Users\kunal\AppData\Local\Temp\ccODgxB9.debug.temp.o
                0x000246d7                chstats.c.c29773bb
 .debug_info    0x0002526a     0x14fc C:\Users\kunal\AppData\Local\Temp\ccBqm2IE.debug.temp.o
                0x0002526a                chregistry.c.e1f5757c
 .debug_info    0x00026766      0xe49 C:\Users\kunal\AppData\Local\Temp\ccZLLlbF.debug.temp.o
                0x00026766                chmtx.c.995e973c
 .debug_info    0x000275af     0x105f C:\Users\kunal\AppData\Local\Temp\cc3IleRF.debug.temp.o
                0x000275af                chevents.c.f55495b6
 .debug_info    0x0002860e      0xdce C:\Users\kunal\AppData\Local\Temp\ccrU3JHG.debug.temp.o
                0x0002860e                chdynamic.c.94ada61b
 .debug_info    0x000293dc      0xcf5 C:\Users\kunal\AppData\Local\Temp\cclcrRNH.debug.temp.o
                0x000293dc                chmemcore.c.4523c8f2
 .debug_info    0x0002a0d1      0xdeb C:\Users\kunal\AppData\Local\Temp\ccaUhUhc.debug.temp.o
                0x0002a0d1                chmemheaps.c.da7afb8f
 .debug_info    0x0002aebc      0xea0 C:\Users\kunal\AppData\Local\Temp\cchzooQG.debug.temp.o
                0x0002aebc                chmempools.c.7b07cd01
 .debug_info    0x0002bd5c     0x1da8 C:\Users\kunal\AppData\Local\Temp\ccfCrWuF.debug.temp.o
                0x0002bd5c                chfactory.c.0a4465fa
 .debug_info    0x0002db04     0x1c0e C:\Users\kunal\AppData\Local\Temp\ccJ0WOfF.debug.temp.o
                0x0002db04                chcore_v7m.c.dc503f55
 .debug_info    0x0002f712     0x2183 C:\Users\kunal\AppData\Local\Temp\ccx60IWU.debug.temp.o
                0x0002f712                main.c.595b60d8

.debug_abbrev   0x00000000     0x5374
 .debug_abbrev  0x00000000       0x14 ./build/obj/crt0_v7m.o
 .debug_abbrev  0x00000014       0x14 ./build/obj/vectors.o
 .debug_abbrev  0x00000028       0x14 ./build/obj/chcoreasm_v7m.o
 .debug_abbrev  0x0000003c      0x317 C:\Users\kunal\AppData\Local\Temp\ch.elf.qoG3gd.ltrans0.ltrans.o
 .debug_abbrev  0x00000353       0xff C:\Users\kunal\AppData\Local\Temp\ccT0Q9DJ.debug.temp.o
 .debug_abbrev  0x00000452      0x1c9 C:\Users\kunal\AppData\Local\Temp\cc6ovmUc.debug.temp.o
 .debug_abbrev  0x0000061b      0x24f C:\Users\kunal\AppData\Local\Temp\cc3Ult4E.debug.temp.o
 .debug_abbrev  0x0000086a      0x317 C:\Users\kunal\AppData\Local\Temp\cc40tIi7.debug.temp.o
 .debug_abbrev  0x00000b81      0x32a C:\Users\kunal\AppData\Local\Temp\ccjYjoBz.debug.temp.o
 .debug_abbrev  0x00000eab      0x219 C:\Users\kunal\AppData\Local\Temp\ccWxLEY1.debug.temp.o
 .debug_abbrev  0x000010c4      0x20e C:\Users\kunal\AppData\Local\Temp\cccLwwWW.debug.temp.o
 .debug_abbrev  0x000012d2      0x29a C:\Users\kunal\AppData\Local\Temp\ccFDGHsp.debug.temp.o
 .debug_abbrev  0x0000156c      0x26e C:\Users\kunal\AppData\Local\Temp\cceHYq3R.debug.temp.o
 .debug_abbrev  0x000017da      0x230 C:\Users\kunal\AppData\Local\Temp\ccPNNqIk.debug.temp.o
 .debug_abbrev  0x00001a0a      0x1c3 C:\Users\kunal\AppData\Local\Temp\cceSmBpN.debug.temp.o
 .debug_abbrev  0x00001bcd      0x1d6 C:\Users\kunal\AppData\Local\Temp\ccj2d3Gj.debug.temp.o
 .debug_abbrev  0x00001da3      0x28a C:\Users\kunal\AppData\Local\Temp\ccVaLTtm.debug.temp.o
 .debug_abbrev  0x0000202d      0x1ff C:\Users\kunal\AppData\Local\Temp\cchXULtp.debug.temp.o
 .debug_abbrev  0x0000222c      0x27b C:\Users\kunal\AppData\Local\Temp\ccoKHX2V.debug.temp.o
 .debug_abbrev  0x000024a7      0x218 C:\Users\kunal\AppData\Local\Temp\ccRAiBGs.debug.temp.o
 .debug_abbrev  0x000026bf      0x280 C:\Users\kunal\AppData\Local\Temp\ccCUFOoZ.debug.temp.o
 .debug_abbrev  0x0000293f      0x209 C:\Users\kunal\AppData\Local\Temp\ccxZcsbw.debug.temp.o
 .debug_abbrev  0x00002b48      0x314 C:\Users\kunal\AppData\Local\Temp\ccRUrWCx.debug.temp.o
 .debug_abbrev  0x00002e5c      0x252 C:\Users\kunal\AppData\Local\Temp\cck8mn94.debug.temp.o
 .debug_abbrev  0x000030ae      0x2ad C:\Users\kunal\AppData\Local\Temp\ccxYLE9A.debug.temp.o
 .debug_abbrev  0x0000335b      0x2af C:\Users\kunal\AppData\Local\Temp\ccSw3le7.debug.temp.o
 .debug_abbrev  0x0000360a      0x1e0 C:\Users\kunal\AppData\Local\Temp\ccFNuEnD.debug.temp.o
 .debug_abbrev  0x000037ea      0x1cf C:\Users\kunal\AppData\Local\Temp\ccODgxB9.debug.temp.o
 .debug_abbrev  0x000039b9      0x2ae C:\Users\kunal\AppData\Local\Temp\ccBqm2IE.debug.temp.o
 .debug_abbrev  0x00003c67      0x28f C:\Users\kunal\AppData\Local\Temp\ccZLLlbF.debug.temp.o
 .debug_abbrev  0x00003ef6      0x284 C:\Users\kunal\AppData\Local\Temp\cc3IleRF.debug.temp.o
 .debug_abbrev  0x0000417a      0x20b C:\Users\kunal\AppData\Local\Temp\ccrU3JHG.debug.temp.o
 .debug_abbrev  0x00004385      0x22d C:\Users\kunal\AppData\Local\Temp\cclcrRNH.debug.temp.o
 .debug_abbrev  0x000045b2      0x270 C:\Users\kunal\AppData\Local\Temp\ccaUhUhc.debug.temp.o
 .debug_abbrev  0x00004822      0x273 C:\Users\kunal\AppData\Local\Temp\cchzooQG.debug.temp.o
 .debug_abbrev  0x00004a95      0x2f5 C:\Users\kunal\AppData\Local\Temp\ccfCrWuF.debug.temp.o
 .debug_abbrev  0x00004d8a      0x2e9 C:\Users\kunal\AppData\Local\Temp\ccJ0WOfF.debug.temp.o
 .debug_abbrev  0x00005073      0x301 C:\Users\kunal\AppData\Local\Temp\ccx60IWU.debug.temp.o

.debug_aranges  0x00000000      0x2c0
 .debug_aranges
                0x00000000       0x20 ./build/obj/crt0_v7m.o
 .debug_aranges
                0x00000020       0x20 ./build/obj/vectors.o
 .debug_aranges
                0x00000040       0x20 ./build/obj/chcoreasm_v7m.o
 .debug_aranges
                0x00000060      0x260 C:\Users\kunal\AppData\Local\Temp\ch.elf.qoG3gd.ltrans0.ltrans.o

.debug_str      0x00000000     0x4282
 .debug_str     0x00000000       0x94 ./build/obj/crt0_v7m.o
 .debug_str     0x00000094       0x42 ./build/obj/vectors.o
                                 0x93 (size before relaxing)
 .debug_str     0x000000d6       0x46 ./build/obj/chcoreasm_v7m.o
                                 0x97 (size before relaxing)
 .debug_str     0x0000011c      0x14f C:\Users\kunal\AppData\Local\Temp\ch.elf.qoG3gd.ltrans0.ltrans.o
                                0x199 (size before relaxing)
 .debug_str     0x0000026b      0x44a C:\Users\kunal\AppData\Local\Temp\ccT0Q9DJ.debug.temp.o
                                0x4ee (size before relaxing)
 .debug_str     0x000006b5      0x804 C:\Users\kunal\AppData\Local\Temp\cc6ovmUc.debug.temp.o
                                0xb01 (size before relaxing)
 .debug_str     0x00000eb9      0x136 C:\Users\kunal\AppData\Local\Temp\cc3Ult4E.debug.temp.o
                                0xc04 (size before relaxing)
 .debug_str     0x00000fef      0x6d4 C:\Users\kunal\AppData\Local\Temp\cc40tIi7.debug.temp.o
                               0x11fe (size before relaxing)
 .debug_str     0x000016c3       0xcf C:\Users\kunal\AppData\Local\Temp\ccjYjoBz.debug.temp.o
                               0x1076 (size before relaxing)
 .debug_str     0x00001792      0x276 C:\Users\kunal\AppData\Local\Temp\ccWxLEY1.debug.temp.o
                                0xd67 (size before relaxing)
 .debug_str     0x00001a08       0x73 C:\Users\kunal\AppData\Local\Temp\cccLwwWW.debug.temp.o
                                0xb54 (size before relaxing)
 .debug_str     0x00001a7b      0x13b C:\Users\kunal\AppData\Local\Temp\ccFDGHsp.debug.temp.o
                                0xc83 (size before relaxing)
 .debug_str     0x00001bb6      0x160 C:\Users\kunal\AppData\Local\Temp\cceHYq3R.debug.temp.o
                                0xcb2 (size before relaxing)
 .debug_str     0x00001d16      0x143 C:\Users\kunal\AppData\Local\Temp\ccPNNqIk.debug.temp.o
                                0xc1a (size before relaxing)
 .debug_str     0x00001e59      0x53f C:\Users\kunal\AppData\Local\Temp\cceSmBpN.debug.temp.o
                               0x100d (size before relaxing)
 .debug_str     0x00002398      0x189 C:\Users\kunal\AppData\Local\Temp\ccj2d3Gj.debug.temp.o
                                0xce7 (size before relaxing)
 .debug_str     0x00002521      0x17a C:\Users\kunal\AppData\Local\Temp\ccVaLTtm.debug.temp.o
                                0xdb6 (size before relaxing)
 .debug_str     0x0000269b       0x8a C:\Users\kunal\AppData\Local\Temp\cchXULtp.debug.temp.o
                                0xb7d (size before relaxing)
 .debug_str     0x00002725      0x19a C:\Users\kunal\AppData\Local\Temp\ccoKHX2V.debug.temp.o
                                0xdcb (size before relaxing)
 .debug_str     0x000028bf       0x80 C:\Users\kunal\AppData\Local\Temp\ccRAiBGs.debug.temp.o
                                0xd4a (size before relaxing)
 .debug_str     0x0000293f       0xab C:\Users\kunal\AppData\Local\Temp\ccCUFOoZ.debug.temp.o
                                0xd60 (size before relaxing)
 .debug_str     0x000029ea       0xd4 C:\Users\kunal\AppData\Local\Temp\ccxZcsbw.debug.temp.o
                                0xcd0 (size before relaxing)
 .debug_str     0x00002abe      0x304 C:\Users\kunal\AppData\Local\Temp\ccRUrWCx.debug.temp.o
                                0xb50 (size before relaxing)
 .debug_str     0x00002dc2       0x70 C:\Users\kunal\AppData\Local\Temp\cck8mn94.debug.temp.o
                                0x883 (size before relaxing)
 .debug_str     0x00002e32      0x150 C:\Users\kunal\AppData\Local\Temp\ccxYLE9A.debug.temp.o
                                0x966 (size before relaxing)
 .debug_str     0x00002f82      0x291 C:\Users\kunal\AppData\Local\Temp\ccSw3le7.debug.temp.o
                                0xaf5 (size before relaxing)
 .debug_str     0x00003213       0x8f C:\Users\kunal\AppData\Local\Temp\ccFNuEnD.debug.temp.o
                                0x8d5 (size before relaxing)
 .debug_str     0x000032a2       0xc9 C:\Users\kunal\AppData\Local\Temp\ccODgxB9.debug.temp.o
                                0x893 (size before relaxing)
 .debug_str     0x0000336b       0xa9 C:\Users\kunal\AppData\Local\Temp\ccBqm2IE.debug.temp.o
                                0xc5b (size before relaxing)
 .debug_str     0x00003414       0xc1 C:\Users\kunal\AppData\Local\Temp\ccZLLlbF.debug.temp.o
                                0x8c4 (size before relaxing)
 .debug_str     0x000034d5      0x1a5 C:\Users\kunal\AppData\Local\Temp\cc3IleRF.debug.temp.o
                                0x9ce (size before relaxing)
 .debug_str     0x0000367a       0xa2 C:\Users\kunal\AppData\Local\Temp\ccrU3JHG.debug.temp.o
                                0x8a7 (size before relaxing)
 .debug_str     0x0000371c       0xa6 C:\Users\kunal\AppData\Local\Temp\cclcrRNH.debug.temp.o
                                0x872 (size before relaxing)
 .debug_str     0x000037c2       0xa4 C:\Users\kunal\AppData\Local\Temp\ccaUhUhc.debug.temp.o
                                0x887 (size before relaxing)
 .debug_str     0x00003866      0x144 C:\Users\kunal\AppData\Local\Temp\cchzooQG.debug.temp.o
                                0x923 (size before relaxing)
 .debug_str     0x000039aa      0x3ea C:\Users\kunal\AppData\Local\Temp\ccfCrWuF.debug.temp.o
                               0x101a (size before relaxing)
 .debug_str     0x00003d94      0x13a C:\Users\kunal\AppData\Local\Temp\ccJ0WOfF.debug.temp.o
                               0x134e (size before relaxing)
 .debug_str     0x00003ece      0x3b4 C:\Users\kunal\AppData\Local\Temp\ccx60IWU.debug.temp.o
                               0x128f (size before relaxing)

.debug_loc      0x00000000     0x407f
 .debug_loc     0x00000000     0x407f C:\Users\kunal\AppData\Local\Temp\ch.elf.qoG3gd.ltrans0.ltrans.o

.debug_ranges   0x00000000     0x2ee0
 .debug_ranges  0x00000000     0x2ee0 C:\Users\kunal\AppData\Local\Temp\ch.elf.qoG3gd.ltrans0.ltrans.o

.debug_frame    0x00000000      0x7d0
 .debug_frame   0x00000000      0x7d0 C:\Users\kunal\AppData\Local\Temp\ch.elf.qoG3gd.ltrans0.ltrans.o

Cross Reference Table

Symbol                                            File
BusFault_Handler                                  ./build/obj/vectors.o
DebugMon_Handler                                  ./build/obj/vectors.o
HardFault_Handler                                 ./build/obj/vectors.o
MemManage_Handler                                 ./build/obj/vectors.o
NMI_Handler                                       ./build/obj/vectors.o
PendSV_Handler                                    ./build/obj/vectors.o
ReadSR                                            ./build/obj/main.o (symbol from plugin)
Reset_Handler                                     ./build/obj/vectors.o
SD2                                               ./build/obj/hal_serial_lld.o (symbol from plugin)
                                                  ./build/obj/main.o (symbol from plugin)
SD4                                               ./build/obj/hal_serial_lld.o (symbol from plugin)
SPI2_Recv                                         ./build/obj/main.o (symbol from plugin)
SPI2_Send                                         ./build/obj/main.o (symbol from plugin)
SPID2                                             ./build/obj/hal_spi_lld.o (symbol from plugin)
                                                  ./build/obj/main.o (symbol from plugin)
SVC_Handler                                       C:\Users\kunal\AppData\Local\Temp\ch.elf.qoG3gd.ltrans0.ltrans.o
                                                  ./build/obj/chcore_v7m.o (symbol from plugin)
                                                  ./build/obj/vectors.o
SysTick_Handler                                   ./build/obj/vectors.o
SystemCoreClock                                   ./build/obj/hal_lld.o (symbol from plugin)
Uinque_ID                                         ./build/obj/main.o (symbol from plugin)
UsageFault_Handler                                ./build/obj/vectors.o
Vector100                                         ./build/obj/vectors.o
Vector104                                         ./build/obj/vectors.o
Vector108                                         ./build/obj/vectors.o
Vector10C                                         ./build/obj/vectors.o
Vector110                                         C:\Users\kunal\AppData\Local\Temp\ch.elf.qoG3gd.ltrans0.ltrans.o
                                                  ./build/obj/hal_serial_lld.o (symbol from plugin)
                                                  ./build/obj/vectors.o
Vector114                                         ./build/obj/vectors.o
Vector118                                         ./build/obj/vectors.o
Vector11C                                         ./build/obj/vectors.o
Vector120                                         C:\Users\kunal\AppData\Local\Temp\ch.elf.qoG3gd.ltrans0.ltrans.o
                                                  ./build/obj/stm32_dma.o (symbol from plugin)
                                                  ./build/obj/vectors.o
Vector124                                         C:\Users\kunal\AppData\Local\Temp\ch.elf.qoG3gd.ltrans0.ltrans.o
                                                  ./build/obj/stm32_dma.o (symbol from plugin)
                                                  ./build/obj/vectors.o
Vector128                                         C:\Users\kunal\AppData\Local\Temp\ch.elf.qoG3gd.ltrans0.ltrans.o
                                                  ./build/obj/stm32_dma.o (symbol from plugin)
                                                  ./build/obj/vectors.o
Vector12C                                         C:\Users\kunal\AppData\Local\Temp\ch.elf.qoG3gd.ltrans0.ltrans.o
                                                  ./build/obj/stm32_dma.o (symbol from plugin)
                                                  ./build/obj/vectors.o
Vector130                                         C:\Users\kunal\AppData\Local\Temp\ch.elf.qoG3gd.ltrans0.ltrans.o
                                                  ./build/obj/stm32_dma.o (symbol from plugin)
                                                  ./build/obj/vectors.o
Vector134                                         ./build/obj/vectors.o
Vector138                                         ./build/obj/vectors.o
Vector13C                                         ./build/obj/vectors.o
Vector140                                         ./build/obj/vectors.o
Vector144                                         ./build/obj/vectors.o
Vector148                                         ./build/obj/vectors.o
Vector14C                                         ./build/obj/vectors.o
Vector150                                         C:\Users\kunal\AppData\Local\Temp\ch.elf.qoG3gd.ltrans0.ltrans.o
                                                  ./build/obj/stm32_dma.o (symbol from plugin)
                                                  ./build/obj/vectors.o
Vector154                                         C:\Users\kunal\AppData\Local\Temp\ch.elf.qoG3gd.ltrans0.ltrans.o
                                                  ./build/obj/stm32_dma.o (symbol from plugin)
                                                  ./build/obj/vectors.o
Vector158                                         C:\Users\kunal\AppData\Local\Temp\ch.elf.qoG3gd.ltrans0.ltrans.o
                                                  ./build/obj/stm32_dma.o (symbol from plugin)
                                                  ./build/obj/vectors.o
Vector15C                                         ./build/obj/vectors.o
Vector160                                         ./build/obj/vectors.o
Vector164                                         ./build/obj/vectors.o
Vector168                                         ./build/obj/vectors.o
Vector16C                                         ./build/obj/vectors.o
Vector170                                         ./build/obj/vectors.o
Vector174                                         ./build/obj/vectors.o
Vector178                                         ./build/obj/vectors.o
Vector17C                                         ./build/obj/vectors.o
Vector180                                         ./build/obj/vectors.o
Vector184                                         ./build/obj/vectors.o
Vector188                                         ./build/obj/vectors.o
Vector18C                                         ./build/obj/vectors.o
Vector190                                         ./build/obj/vectors.o
Vector194                                         ./build/obj/vectors.o
Vector198                                         ./build/obj/vectors.o
Vector19C                                         ./build/obj/vectors.o
Vector1A0                                         ./build/obj/vectors.o
Vector1A4                                         ./build/obj/vectors.o
Vector1A8                                         ./build/obj/vectors.o
Vector1AC                                         ./build/obj/vectors.o
Vector1B0                                         ./build/obj/vectors.o
Vector1B4                                         ./build/obj/vectors.o
Vector1B8                                         ./build/obj/vectors.o
Vector1BC                                         ./build/obj/vectors.o
Vector1C                                          ./build/obj/vectors.o
Vector1C0                                         ./build/obj/vectors.o
Vector1C4                                         ./build/obj/vectors.o
Vector1C8                                         ./build/obj/vectors.o
Vector1CC                                         ./build/obj/vectors.o
Vector1D0                                         ./build/obj/vectors.o
Vector1D4                                         ./build/obj/vectors.o
Vector1D8                                         ./build/obj/vectors.o
Vector1DC                                         ./build/obj/vectors.o
Vector20                                          ./build/obj/vectors.o
Vector24                                          ./build/obj/vectors.o
Vector28                                          ./build/obj/vectors.o
Vector34                                          ./build/obj/vectors.o
Vector40                                          ./build/obj/vectors.o
Vector44                                          ./build/obj/vectors.o
Vector48                                          ./build/obj/vectors.o
Vector4C                                          ./build/obj/vectors.o
Vector50                                          ./build/obj/vectors.o
Vector54                                          ./build/obj/vectors.o
Vector58                                          ./build/obj/vectors.o
Vector5C                                          ./build/obj/vectors.o
Vector60                                          ./build/obj/vectors.o
Vector64                                          ./build/obj/vectors.o
Vector68                                          ./build/obj/vectors.o
Vector6C                                          C:\Users\kunal\AppData\Local\Temp\ch.elf.qoG3gd.ltrans0.ltrans.o
                                                  ./build/obj/stm32_dma.o (symbol from plugin)
                                                  ./build/obj/vectors.o
Vector70                                          C:\Users\kunal\AppData\Local\Temp\ch.elf.qoG3gd.ltrans0.ltrans.o
                                                  ./build/obj/stm32_dma.o (symbol from plugin)
                                                  ./build/obj/vectors.o
Vector74                                          C:\Users\kunal\AppData\Local\Temp\ch.elf.qoG3gd.ltrans0.ltrans.o
                                                  ./build/obj/stm32_dma.o (symbol from plugin)
                                                  ./build/obj/vectors.o
Vector78                                          C:\Users\kunal\AppData\Local\Temp\ch.elf.qoG3gd.ltrans0.ltrans.o
                                                  ./build/obj/stm32_dma.o (symbol from plugin)
                                                  ./build/obj/vectors.o
Vector7C                                          C:\Users\kunal\AppData\Local\Temp\ch.elf.qoG3gd.ltrans0.ltrans.o
                                                  ./build/obj/stm32_dma.o (symbol from plugin)
                                                  ./build/obj/vectors.o
Vector80                                          C:\Users\kunal\AppData\Local\Temp\ch.elf.qoG3gd.ltrans0.ltrans.o
                                                  ./build/obj/stm32_dma.o (symbol from plugin)
                                                  ./build/obj/vectors.o
Vector84                                          C:\Users\kunal\AppData\Local\Temp\ch.elf.qoG3gd.ltrans0.ltrans.o
                                                  ./build/obj/stm32_dma.o (symbol from plugin)
                                                  ./build/obj/vectors.o
Vector88                                          ./build/obj/vectors.o
Vector8C                                          ./build/obj/vectors.o
Vector90                                          ./build/obj/vectors.o
Vector94                                          ./build/obj/vectors.o
Vector98                                          ./build/obj/vectors.o
Vector9C                                          ./build/obj/vectors.o
VectorA0                                          ./build/obj/vectors.o
VectorA4                                          ./build/obj/vectors.o
VectorA8                                          ./build/obj/vectors.o
VectorAC                                          ./build/obj/vectors.o
VectorB0                                          C:\Users\kunal\AppData\Local\Temp\ch.elf.qoG3gd.ltrans0.ltrans.o
                                                  ./build/obj/hal_st_lld.o (symbol from plugin)
                                                  ./build/obj/vectors.o
VectorB4                                          ./build/obj/vectors.o
VectorB8                                          ./build/obj/vectors.o
VectorBC                                          ./build/obj/vectors.o
VectorC0                                          ./build/obj/vectors.o
VectorC4                                          ./build/obj/vectors.o
VectorC8                                          ./build/obj/vectors.o
VectorCC                                          ./build/obj/vectors.o
VectorD0                                          ./build/obj/vectors.o
VectorD4                                          ./build/obj/vectors.o
VectorD8                                          C:\Users\kunal\AppData\Local\Temp\ch.elf.qoG3gd.ltrans0.ltrans.o
                                                  ./build/obj/hal_serial_lld.o (symbol from plugin)
                                                  ./build/obj/vectors.o
VectorDC                                          ./build/obj/vectors.o
VectorE0                                          ./build/obj/vectors.o
VectorE4                                          ./build/obj/vectors.o
VectorE8                                          ./build/obj/vectors.o
VectorEC                                          ./build/obj/vectors.o
VectorF0                                          ./build/obj/vectors.o
VectorF4                                          ./build/obj/vectors.o
VectorF8                                          ./build/obj/vectors.o
VectorFC                                          C:\Users\kunal\AppData\Local\Temp\ch.elf.qoG3gd.ltrans0.ltrans.o
                                                  ./build/obj/stm32_dma.o (symbol from plugin)
                                                  ./build/obj/vectors.o
W25_Ini                                           ./build/obj/main.o (symbol from plugin)
W25_Read_Data                                     ./build/obj/main.o (symbol from plugin)
W25_Read_ID                                       ./build/obj/main.o (symbol from plugin)
W25_Reset                                         ./build/obj/main.o (symbol from plugin)
W25_Write_Data                                    ./build/obj/main.o (symbol from plugin)
WriteEnable_flash                                 ./build/obj/main.o (symbol from plugin)
WriteSR                                           ./build/obj/main.o (symbol from plugin)
__bss_base__                                      ./build/obj/ch_test.o (symbol from plugin)
                                                  ./build/obj/crt0_v7m.o
__bss_end__                                       ./build/obj/ch_test.o (symbol from plugin)
                                                  ./build/obj/crt0_v7m.o
__ch_delegate_fn0                                 ./build/obj/chdelegates.o (symbol from plugin)
                                                  ./build/obj/oslib_test_sequence_005.o (symbol from plugin)
__ch_delegate_fn1                                 ./build/obj/chdelegates.o (symbol from plugin)
                                                  ./build/obj/oslib_test_sequence_005.o (symbol from plugin)
__ch_delegate_fn2                                 ./build/obj/chdelegates.o (symbol from plugin)
                                                  ./build/obj/oslib_test_sequence_005.o (symbol from plugin)
__ch_delegate_fn3                                 ./build/obj/chdelegates.o (symbol from plugin)
                                                  ./build/obj/oslib_test_sequence_005.o (symbol from plugin)
__ch_delegate_fn4                                 ./build/obj/chdelegates.o (symbol from plugin)
                                                  ./build/obj/oslib_test_sequence_005.o (symbol from plugin)
__core_init                                       C:\Users\kunal\AppData\Local\Temp\ch.elf.qoG3gd.ltrans0.ltrans.o
                                                  ./build/obj/crt1.o (symbol from plugin)
                                                  ./build/obj/crt0_v7m.o
__data_base__                                     ./build/obj/ch_test.o (symbol from plugin)
                                                  ./build/obj/crt0_v7m.o
__data_end__                                      ./build/obj/ch_test.o (symbol from plugin)
                                                  ./build/obj/crt0_v7m.o
__default_exit                                    C:\Users\kunal\AppData\Local\Temp\ch.elf.qoG3gd.ltrans0.ltrans.o
                                                  ./build/obj/crt1.o (symbol from plugin)
                                                  ./build/obj/crt0_v7m.o
__early_init                                      C:\Users\kunal\AppData\Local\Temp\ch.elf.qoG3gd.ltrans0.ltrans.o
                                                  ./build/obj/board.o (symbol from plugin)
                                                  ./build/obj/crt1.o (symbol from plugin)
                                                  ./build/obj/crt0_v7m.o
__fini_array_base__                               ./build/obj/crt0_v7m.o
__fini_array_end__                                ./build/obj/crt0_v7m.o
__heap_base__                                     C:\Users\kunal\AppData\Local\Temp\ch.elf.qoG3gd.ltrans0.ltrans.o
                                                  ./build/obj/chmemcore.o (symbol from plugin)
__heap_end__                                      C:\Users\kunal\AppData\Local\Temp\ch.elf.qoG3gd.ltrans0.ltrans.o
                                                  ./build/obj/chmemcore.o (symbol from plugin)
__init_array_base__                               ./build/obj/crt0_v7m.o
__init_array_end__                                ./build/obj/crt0_v7m.o
__init_ram_areas                                  C:\Users\kunal\AppData\Local\Temp\ch.elf.qoG3gd.ltrans0.ltrans.o
                                                  ./build/obj/crt1.o (symbol from plugin)
                                                  ./build/obj/crt0_v7m.o
__late_init                                       C:\Users\kunal\AppData\Local\Temp\ch.elf.qoG3gd.ltrans0.ltrans.o
                                                  ./build/obj/crt1.o (symbol from plugin)
                                                  ./build/obj/crt0_v7m.o
__main_stack_base__                               ./build/obj/crt0_v7m.o
__main_stack_end__                                ./build/obj/vectors.o
                                                  ./build/obj/crt0_v7m.o
__process_stack_base__                            ./build/obj/crt0_v7m.o
__process_stack_end__                             ./build/obj/crt0_v7m.o
__ram0_clear__                                    C:\Users\kunal\AppData\Local\Temp\ch.elf.qoG3gd.ltrans0.ltrans.o
                                                  ./build/obj/crt1.o (symbol from plugin)
__ram0_init__                                     C:\Users\kunal\AppData\Local\Temp\ch.elf.qoG3gd.ltrans0.ltrans.o
                                                  ./build/obj/crt1.o (symbol from plugin)
__ram0_init_text__                                C:\Users\kunal\AppData\Local\Temp\ch.elf.qoG3gd.ltrans0.ltrans.o
                                                  ./build/obj/crt1.o (symbol from plugin)
__ram0_noinit__                                   C:\Users\kunal\AppData\Local\Temp\ch.elf.qoG3gd.ltrans0.ltrans.o
                                                  ./build/obj/crt1.o (symbol from plugin)
__ram1_clear__                                    C:\Users\kunal\AppData\Local\Temp\ch.elf.qoG3gd.ltrans0.ltrans.o
                                                  ./build/obj/crt1.o (symbol from plugin)
__ram1_init__                                     C:\Users\kunal\AppData\Local\Temp\ch.elf.qoG3gd.ltrans0.ltrans.o
                                                  ./build/obj/crt1.o (symbol from plugin)
__ram1_init_text__                                C:\Users\kunal\AppData\Local\Temp\ch.elf.qoG3gd.ltrans0.ltrans.o
                                                  ./build/obj/crt1.o (symbol from plugin)
__ram1_noinit__                                   C:\Users\kunal\AppData\Local\Temp\ch.elf.qoG3gd.ltrans0.ltrans.o
                                                  ./build/obj/crt1.o (symbol from plugin)
__ram2_clear__                                    C:\Users\kunal\AppData\Local\Temp\ch.elf.qoG3gd.ltrans0.ltrans.o
                                                  ./build/obj/crt1.o (symbol from plugin)
__ram2_init__                                     C:\Users\kunal\AppData\Local\Temp\ch.elf.qoG3gd.ltrans0.ltrans.o
                                                  ./build/obj/crt1.o (symbol from plugin)
__ram2_init_text__                                C:\Users\kunal\AppData\Local\Temp\ch.elf.qoG3gd.ltrans0.ltrans.o
                                                  ./build/obj/crt1.o (symbol from plugin)
__ram2_noinit__                                   C:\Users\kunal\AppData\Local\Temp\ch.elf.qoG3gd.ltrans0.ltrans.o
                                                  ./build/obj/crt1.o (symbol from plugin)
__ram3_clear__                                    C:\Users\kunal\AppData\Local\Temp\ch.elf.qoG3gd.ltrans0.ltrans.o
                                                  ./build/obj/crt1.o (symbol from plugin)
__ram3_init__                                     C:\Users\kunal\AppData\Local\Temp\ch.elf.qoG3gd.ltrans0.ltrans.o
                                                  ./build/obj/crt1.o (symbol from plugin)
__ram3_init_text__                                C:\Users\kunal\AppData\Local\Temp\ch.elf.qoG3gd.ltrans0.ltrans.o
                                                  ./build/obj/crt1.o (symbol from plugin)
__ram3_noinit__                                   C:\Users\kunal\AppData\Local\Temp\ch.elf.qoG3gd.ltrans0.ltrans.o
                                                  ./build/obj/crt1.o (symbol from plugin)
__ram4_clear__                                    C:\Users\kunal\AppData\Local\Temp\ch.elf.qoG3gd.ltrans0.ltrans.o
                                                  ./build/obj/crt1.o (symbol from plugin)
__ram4_init__                                     C:\Users\kunal\AppData\Local\Temp\ch.elf.qoG3gd.ltrans0.ltrans.o
                                                  ./build/obj/crt1.o (symbol from plugin)
__ram4_init_text__                                C:\Users\kunal\AppData\Local\Temp\ch.elf.qoG3gd.ltrans0.ltrans.o
                                                  ./build/obj/crt1.o (symbol from plugin)
__ram4_noinit__                                   C:\Users\kunal\AppData\Local\Temp\ch.elf.qoG3gd.ltrans0.ltrans.o
                                                  ./build/obj/crt1.o (symbol from plugin)
__ram5_clear__                                    C:\Users\kunal\AppData\Local\Temp\ch.elf.qoG3gd.ltrans0.ltrans.o
                                                  ./build/obj/crt1.o (symbol from plugin)
__ram5_init__                                     C:\Users\kunal\AppData\Local\Temp\ch.elf.qoG3gd.ltrans0.ltrans.o
                                                  ./build/obj/crt1.o (symbol from plugin)
__ram5_init_text__                                C:\Users\kunal\AppData\Local\Temp\ch.elf.qoG3gd.ltrans0.ltrans.o
                                                  ./build/obj/crt1.o (symbol from plugin)
__ram5_noinit__                                   C:\Users\kunal\AppData\Local\Temp\ch.elf.qoG3gd.ltrans0.ltrans.o
                                                  ./build/obj/crt1.o (symbol from plugin)
__ram6_clear__                                    C:\Users\kunal\AppData\Local\Temp\ch.elf.qoG3gd.ltrans0.ltrans.o
                                                  ./build/obj/crt1.o (symbol from plugin)
__ram6_init__                                     C:\Users\kunal\AppData\Local\Temp\ch.elf.qoG3gd.ltrans0.ltrans.o
                                                  ./build/obj/crt1.o (symbol from plugin)
__ram6_init_text__                                C:\Users\kunal\AppData\Local\Temp\ch.elf.qoG3gd.ltrans0.ltrans.o
                                                  ./build/obj/crt1.o (symbol from plugin)
__ram6_noinit__                                   C:\Users\kunal\AppData\Local\Temp\ch.elf.qoG3gd.ltrans0.ltrans.o
                                                  ./build/obj/crt1.o (symbol from plugin)
__ram7_clear__                                    C:\Users\kunal\AppData\Local\Temp\ch.elf.qoG3gd.ltrans0.ltrans.o
                                                  ./build/obj/crt1.o (symbol from plugin)
__ram7_init__                                     C:\Users\kunal\AppData\Local\Temp\ch.elf.qoG3gd.ltrans0.ltrans.o
                                                  ./build/obj/crt1.o (symbol from plugin)
__ram7_init_text__                                C:\Users\kunal\AppData\Local\Temp\ch.elf.qoG3gd.ltrans0.ltrans.o
                                                  ./build/obj/crt1.o (symbol from plugin)
__ram7_noinit__                                   C:\Users\kunal\AppData\Local\Temp\ch.elf.qoG3gd.ltrans0.ltrans.o
                                                  ./build/obj/crt1.o (symbol from plugin)
__rodata_base__                                   ./build/obj/ch_test.o (symbol from plugin)
__rodata_end__                                    ./build/obj/ch_test.o (symbol from plugin)
__text_base__                                     ./build/obj/ch_test.o (symbol from plugin)
__text_end__                                      ./build/obj/ch_test.o (symbol from plugin)
__textdata_base__                                 ./build/obj/crt0_v7m.o
_core_init                                        ./build/obj/chmemcore.o (symbol from plugin)
                                                  ./build/obj/chsys.o (symbol from plugin)
_crt0_entry                                       ./build/obj/crt0_v7m.o
                                                  ./build/obj/vectors.o
_factory_init                                     ./build/obj/chfactory.o (symbol from plugin)
                                                  ./build/obj/chsys.o (symbol from plugin)
_heap_init                                        ./build/obj/chmemheaps.o (symbol from plugin)
                                                  ./build/obj/chsys.o (symbol from plugin)
_pal_lld_init                                     ./build/obj/hal_pal_lld.o (symbol from plugin)
                                                  ./build/obj/hal.o (symbol from plugin)
_pal_lld_setgroupmode                             ./build/obj/hal_pal_lld.o (symbol from plugin)
                                                  ./build/obj/main.o (symbol from plugin)
                                                  ./build/obj/hal_pal.o (symbol from plugin)
_port_exit_from_isr                               ./build/obj/chcoreasm_v7m.o
                                                  C:\Users\kunal\AppData\Local\Temp\ch.elf.qoG3gd.ltrans0.ltrans.o
                                                  ./build/obj/chcore_v7m.o (symbol from plugin)
_port_irq_epilogue                                ./build/obj/chcore_v7m.o (symbol from plugin)
                                                  ./build/obj/hal_serial_lld.o (symbol from plugin)
                                                  ./build/obj/hal_st_lld.o (symbol from plugin)
                                                  ./build/obj/stm32_dma.o (symbol from plugin)
_port_switch                                      ./build/obj/chcoreasm_v7m.o
                                                  C:\Users\kunal\AppData\Local\Temp\ch.elf.qoG3gd.ltrans0.ltrans.o
                                                  ./build/obj/chschd.o (symbol from plugin)
_port_switch_from_isr                             ./build/obj/chcoreasm_v7m.o
                                                  C:\Users\kunal\AppData\Local\Temp\ch.elf.qoG3gd.ltrans0.ltrans.o
                                                  ./build/obj/chcore_v7m.o (symbol from plugin)
_port_thread_start                                ./build/obj/chcoreasm_v7m.o
                                                  C:\Users\kunal\AppData\Local\Temp\ch.elf.qoG3gd.ltrans0.ltrans.o
                                                  ./build/obj/chthreads.o (symbol from plugin)
_scheduler_init                                   ./build/obj/chschd.o (symbol from plugin)
                                                  ./build/obj/chsys.o (symbol from plugin)
_stats_ctxswc                                     ./build/obj/chstats.o (symbol from plugin)
                                                  ./build/obj/chschd.o (symbol from plugin)
_stats_increase_irq                               ./build/obj/chstats.o (symbol from plugin)
                                                  ./build/obj/hal_serial_lld.o (symbol from plugin)
                                                  ./build/obj/hal_st_lld.o (symbol from plugin)
                                                  ./build/obj/stm32_dma.o (symbol from plugin)
_stats_init                                       ./build/obj/chstats.o (symbol from plugin)
                                                  ./build/obj/chsys.o (symbol from plugin)
_stats_start_measure_crit_isr                     ./build/obj/chstats.o (symbol from plugin)
                                                  ./build/obj/rt_test_sequence_002.o (symbol from plugin)
                                                  ./build/obj/chschd.o (symbol from plugin)
                                                  ./build/obj/chsys.o (symbol from plugin)
                                                  ./build/obj/hal_serial_lld.o (symbol from plugin)
                                                  ./build/obj/hal_st_lld.o (symbol from plugin)
                                                  ./build/obj/hal_spi_lld.o (symbol from plugin)
_stats_start_measure_crit_thd                     C:\Users\kunal\AppData\Local\Temp\ch.elf.qoG3gd.ltrans0.ltrans.o
                                                  ./build/obj/chstats.o (symbol from plugin)
                                                  ./build/obj/oslib_test_sequence_006.o (symbol from plugin)
                                                  ./build/obj/oslib_test_sequence_002.o (symbol from plugin)
                                                  ./build/obj/rt_test_sequence_011.o (symbol from plugin)
                                                  ./build/obj/rt_test_sequence_009.o (symbol from plugin)
                                                  ./build/obj/rt_test_sequence_008.o (symbol from plugin)
                                                  ./build/obj/rt_test_sequence_007.o (symbol from plugin)
                                                  ./build/obj/rt_test_sequence_006.o (symbol from plugin)
                                                  ./build/obj/rt_test_sequence_005.o (symbol from plugin)
                                                  ./build/obj/rt_test_sequence_004.o (symbol from plugin)
                                                  ./build/obj/rt_test_sequence_002.o (symbol from plugin)
                                                  ./build/obj/rt_test_root.o (symbol from plugin)
                                                  ./build/obj/ch_test.o (symbol from plugin)
                                                  ./build/obj/chdelegates.o (symbol from plugin)