Archive member included to satisfy reference by file (symbol)

c:/chibistudio/tools/gnu tools arm embedded/9.0 2019q4/bin/../lib/gcc/arm-none-eabi/9.2.1/../../../../arm-none-eabi/lib/thumb/v7e-m/nofp\libg.a(lib_a-memcpy.o)
                              C:\Users\kunal\AppData\Local\Temp\ch.elf.IvIH02.ltrans0.ltrans.o (memcpy)

Discarded input sections

 .data          0x00000000        0x0 ./build/obj/crt0_v7m.o
 .bss           0x00000000        0x0 ./build/obj/crt0_v7m.o
 .data          0x00000000        0x0 ./build/obj/vectors.o
 .bss           0x00000000        0x0 ./build/obj/vectors.o
 .data          0x00000000        0x0 ./build/obj/chcoreasm_v7m.o
 .bss           0x00000000        0x0 ./build/obj/chcoreasm_v7m.o
 .text          0x00000000        0x0 C:\Users\kunal\AppData\Local\Temp\ch.elf.IvIH02.ltrans0.ltrans.o
 .data          0x00000000        0x0 C:\Users\kunal\AppData\Local\Temp\ch.elf.IvIH02.ltrans0.ltrans.o
 .bss           0x00000000        0x0 C:\Users\kunal\AppData\Local\Temp\ch.elf.IvIH02.ltrans0.ltrans.o
 .comment       0x00000000       0x7a C:\Users\kunal\AppData\Local\Temp\ccWE3vs1.debug.temp.o
 .comment       0x00000000       0x7a C:\Users\kunal\AppData\Local\Temp\ccmAq976.debug.temp.o
 .comment       0x00000000       0x7a C:\Users\kunal\AppData\Local\Temp\ccWgXcSc.debug.temp.o
 .comment       0x00000000       0x7a C:\Users\kunal\AppData\Local\Temp\cce4PTGi.debug.temp.o
 .comment       0x00000000       0x7a C:\Users\kunal\AppData\Local\Temp\cci2zXzo.debug.temp.o
 .comment       0x00000000       0x7a C:\Users\kunal\AppData\Local\Temp\ccGeW7uu.debug.temp.o
 .debug_info    0x00000000     0x1078 C:\Users\kunal\AppData\Local\Temp\ccigzZjz.debug.temp.o
 .debug_abbrev  0x00000000      0x19a C:\Users\kunal\AppData\Local\Temp\ccigzZjz.debug.temp.o
 .debug_line    0x00000000      0x418 C:\Users\kunal\AppData\Local\Temp\ccigzZjz.debug.temp.o
 .debug_str     0x00000000      0x99e C:\Users\kunal\AppData\Local\Temp\ccigzZjz.debug.temp.o
 .comment       0x00000000       0x7a C:\Users\kunal\AppData\Local\Temp\ccigzZjz.debug.temp.o
 .comment       0x00000000       0x7a C:\Users\kunal\AppData\Local\Temp\cc8urjgE.debug.temp.o
 .comment       0x00000000       0x7a C:\Users\kunal\AppData\Local\Temp\ccwh4KiJ.debug.temp.o
 .comment       0x00000000       0x7a C:\Users\kunal\AppData\Local\Temp\ccExOAsO.debug.temp.o
 .comment       0x00000000       0x7a C:\Users\kunal\AppData\Local\Temp\cca4SfIT.debug.temp.o
 .comment       0x00000000       0x7a C:\Users\kunal\AppData\Local\Temp\ccMD9C5Y.debug.temp.o
 .debug_info    0x00000000     0x18f6 C:\Users\kunal\AppData\Local\Temp\ccaw50n3.debug.temp.o
 .debug_abbrev  0x00000000      0x1fd C:\Users\kunal\AppData\Local\Temp\ccaw50n3.debug.temp.o
 .debug_line    0x00000000      0x439 C:\Users\kunal\AppData\Local\Temp\ccaw50n3.debug.temp.o
 .debug_str     0x00000000      0xd8e C:\Users\kunal\AppData\Local\Temp\ccaw50n3.debug.temp.o
 .comment       0x00000000       0x7a C:\Users\kunal\AppData\Local\Temp\ccaw50n3.debug.temp.o
 .debug_info    0x00000000     0x1078 C:\Users\kunal\AppData\Local\Temp\ccYDwGL7.debug.temp.o
 .debug_abbrev  0x00000000      0x19a C:\Users\kunal\AppData\Local\Temp\ccYDwGL7.debug.temp.o
 .debug_line    0x00000000      0x418 C:\Users\kunal\AppData\Local\Temp\ccYDwGL7.debug.temp.o
 .debug_str     0x00000000      0x9b0 C:\Users\kunal\AppData\Local\Temp\ccYDwGL7.debug.temp.o
 .comment       0x00000000       0x7a C:\Users\kunal\AppData\Local\Temp\ccYDwGL7.debug.temp.o
 .debug_info    0x00000000     0x1078 C:\Users\kunal\AppData\Local\Temp\ccgbnsjc.debug.temp.o
 .debug_abbrev  0x00000000      0x19a C:\Users\kunal\AppData\Local\Temp\ccgbnsjc.debug.temp.o
 .debug_line    0x00000000      0x418 C:\Users\kunal\AppData\Local\Temp\ccgbnsjc.debug.temp.o
 .debug_str     0x00000000      0x9b2 C:\Users\kunal\AppData\Local\Temp\ccgbnsjc.debug.temp.o
 .comment       0x00000000       0x7a C:\Users\kunal\AppData\Local\Temp\ccgbnsjc.debug.temp.o
 .comment       0x00000000       0x7a C:\Users\kunal\AppData\Local\Temp\ccie8CUg.debug.temp.o
 .comment       0x00000000       0x7a C:\Users\kunal\AppData\Local\Temp\ccOEfDFl.debug.temp.o
 .comment       0x00000000       0x7a C:\Users\kunal\AppData\Local\Temp\ccWqQPjp.debug.temp.o
 .comment       0x00000000       0x7a C:\Users\kunal\AppData\Local\Temp\ccGekt7s.debug.temp.o
 .debug_info    0x00000000      0xb03 C:\Users\kunal\AppData\Local\Temp\ccgnj2Zw.debug.temp.o
 .debug_abbrev  0x00000000      0x16f C:\Users\kunal\AppData\Local\Temp\ccgnj2Zw.debug.temp.o
 .debug_line    0x00000000      0x338 C:\Users\kunal\AppData\Local\Temp\ccgnj2Zw.debug.temp.o
 .debug_str     0x00000000      0x7aa C:\Users\kunal\AppData\Local\Temp\ccgnj2Zw.debug.temp.o
 .comment       0x00000000       0x7a C:\Users\kunal\AppData\Local\Temp\ccgnj2Zw.debug.temp.o
 .comment       0x00000000       0x7a C:\Users\kunal\AppData\Local\Temp\ccai8XhE.debug.temp.o
 .debug_info    0x00000000      0xb03 C:\Users\kunal\AppData\Local\Temp\ccC4VvEL.debug.temp.o
[...]
Memory Configuration

Name             Origin             Length             Attributes
flash0           0x08000000         0x00100000         xr
flash1           0x00000000         0x00000000         xr
flash2           0x00000000         0x00000000         xr
flash3           0x00000000         0x00000000         xr
flash4           0x00000000         0x00000000         xr
flash5           0x00000000         0x00000000         xr
flash6           0x00000000         0x00000000         xr
flash7           0x00000000         0x00000000         xr
ram0             0x20000000         0x00020000         xw
ram1             0x20000000         0x0001c000         xw
ram2             0x2001c000         0x00004000         xw
ram3             0x00000000         0x00000000         xw
ram4             0x10000000         0x00010000         xw
ram5             0x40024000         0x00001000         xw
ram6             0x00000000         0x00000000         xw
ram7             0x00000000         0x00000000         xw
*default*        0x00000000         0xffffffff

Linker script and memory map

LOAD ./build/obj/crt0_v7m.o
LOAD ./build/obj/vectors.o
LOAD ./build/obj/chcoreasm_v7m.o
LOAD C:\Users\kunal\AppData\Local\Temp\ch.elf.IvIH02.ltrans0.ltrans.o
LOAD C:\Users\kunal\AppData\Local\Temp\ccWE3vs1.debug.temp.o
LOAD C:\Users\kunal\AppData\Local\Temp\ccmAq976.debug.temp.o
LOAD C:\Users\kunal\AppData\Local\Temp\ccWgXcSc.debug.temp.o
LOAD C:\Users\kunal\AppData\Local\Temp\cce4PTGi.debug.temp.o
LOAD C:\Users\kunal\AppData\Local\Temp\cci2zXzo.debug.temp.o
LOAD C:\Users\kunal\AppData\Local\Temp\ccGeW7uu.debug.temp.o
LOAD C:\Users\kunal\AppData\Local\Temp\ccigzZjz.debug.temp.o
LOAD C:\Users\kunal\AppData\Local\Temp\cc8urjgE.debug.temp.o
LOAD C:\Users\kunal\AppData\Local\Temp\ccwh4KiJ.debug.temp.o
LOAD C:\Users\kunal\AppData\Local\Temp\ccExOAsO.debug.temp.o
LOAD C:\Users\kunal\AppData\Local\Temp\cca4SfIT.debug.temp.o
LOAD C:\Users\kunal\AppData\Local\Temp\ccMD9C5Y.debug.temp.o
LOAD C:\Users\kunal\AppData\Local\Temp\ccaw50n3.debug.temp.o
LOAD C:\Users\kunal\AppData\Local\Temp\ccYDwGL7.debug.temp.o
LOAD C:\Users\kunal\AppData\Local\Temp\ccgbnsjc.debug.temp.o
LOAD C:\Users\kunal\AppData\Local\Temp\ccie8CUg.debug.temp.o
LOAD C:\Users\kunal\AppData\Local\Temp\ccOEfDFl.debug.temp.o
LOAD C:\Users\kunal\AppData\Local\Temp\ccWqQPjp.debug.temp.o
LOAD C:\Users\kunal\AppData\Local\Temp\ccGekt7s.debug.temp.o
LOAD C:\Users\kunal\AppData\Local\Temp\ccgnj2Zw.debug.temp.o
LOAD C:\Users\kunal\AppData\Local\Temp\ccai8XhE.debug.temp.o
LOAD C:\Users\kunal\AppData\Local\Temp\ccC4VvEL.debug.temp.o
LOAD C:\Users\kunal\AppData\Local\Temp\cc0i1I5S.debug.temp.o
LOAD C:\Users\kunal\AppData\Local\Temp\cceGjdA0.debug.temp.o
LOAD C:\Users\kunal\AppData\Local\Temp\cc48QWi8.debug.temp.o
LOAD C:\Users\kunal\AppData\Local\Temp\ccKUsSVe.debug.temp.o
LOAD C:\Users\kunal\AppData\Local\Temp\ccWG43El.debug.temp.o
LOAD C:\Users\kunal\AppData\Local\Temp\ccYz6vvs.debug.temp.o
LOAD C:\Users\kunal\AppData\Local\Temp\ccKM0Yrz.debug.temp.o
LOAD C:\Users\kunal\AppData\Local\Temp\cckBD7vG.debug.temp.o
LOAD C:\Users\kunal\AppData\Local\Temp\ccqkJevM.debug.temp.o
LOAD C:\Users\kunal\AppData\Local\Temp\cciCg1BS.debug.temp.o
LOAD C:\Users\kunal\AppData\Local\Temp\ccInsnOY.debug.temp.o
LOAD C:\Users\kunal\AppData\Local\Temp\ccSihn54.debug.temp.o
LOAD C:\Users\kunal\AppData\Local\Temp\cc0sMmxb.debug.temp.o
LOAD C:\Users\kunal\AppData\Local\Temp\ccyyiT1h.debug.temp.o
LOAD C:\Users\kunal\AppData\Local\Temp\ccAH67cs.debug.temp.o
LOAD C:\Users\kunal\AppData\Local\Temp\ccWUxmtC.debug.temp.o
LOAD C:\Users\kunal\AppData\Local\Temp\ccewqYRM.debug.temp.o
LOAD C:\Users\kunal\AppData\Local\Temp\ccmsOvlX.debug.temp.o
LOAD C:\Users\kunal\AppData\Local\Temp\ccQnUWS7.debug.temp.o
LOAD C:\Users\kunal\AppData\Local\Temp\ccOMfMwi.debug.temp.o
LOAD C:\Users\kunal\AppData\Local\Temp\cc6ZHc7r.debug.temp.o
LOAD C:\Users\kunal\AppData\Local\Temp\ccYv0xPB.debug.temp.o
LOAD C:\Users\kunal\AppData\Local\Temp\cccT4WEL.debug.temp.o
LOAD C:\Users\kunal\AppData\Local\Temp\ccKiZkDV.debug.temp.o
LOAD C:\Users\kunal\AppData\Local\Temp\ccoLHYy4.debug.temp.o
LOAD C:\Users\kunal\AppData\Local\Temp\cctZPeq6.debug.temp.o
LOAD C:\Users\kunal\AppData\Local\Temp\ccGPH5k8.debug.temp.o
LOAD C:\Users\kunal\AppData\Local\Temp\cc3ybJpa.debug.temp.o
LOAD C:\Users\kunal\AppData\Local\Temp\ccKOIWyc.debug.temp.o
LOAD C:\Users\kunal\AppData\Local\Temp\ccvGAzMe.debug.temp.o
LOAD C:\Users\kunal\AppData\Local\Temp\cc8R8z4g.debug.temp.o
LOAD C:\Users\kunal\AppData\Local\Temp\ccf11nii.debug.temp.o
LOAD C:\Users\kunal\AppData\Local\Temp\cc2xuzDj.debug.temp.o
LOAD C:\Users\kunal\AppData\Local\Temp\cc7dvQ4k.debug.temp.o
LOAD C:\Users\kunal\AppData\Local\Temp\ccYA9SEm.debug.temp.o
LOAD C:\Users\kunal\AppData\Local\Temp\ccP19Jjo.debug.temp.o
LOAD C:\Users\kunal\AppData\Local\Temp\cccJaBWo.debug.temp.o
LOAD C:\Users\kunal\AppData\Local\Temp\ccxXMoEp.debug.temp.o
LOAD C:\Users\kunal\AppData\Local\Temp\ccGD8Kwq.debug.temp.o
LOAD C:\Users\kunal\AppData\Local\Temp\ccNCK8rr.debug.temp.o
LOAD C:\Users\kunal\AppData\Local\Temp\ccgRISxs.debug.temp.o
LOAD C:\Users\kunal\AppData\Local\Temp\ccHq0UGt.debug.temp.o
LOAD C:\Users\kunal\AppData\Local\Temp\cc64k7Ot.debug.temp.o
LOAD C:\Users\kunal\AppData\Local\Temp\ccxI610t.debug.temp.o
LOAD C:\Users\kunal\AppData\Local\Temp\ccGgccku.debug.temp.o
LOAD C:\Users\kunal\AppData\Local\Temp\ccjC1uMu.debug.temp.o
LOAD C:\Users\kunal\AppData\Local\Temp\cc64xfmv.debug.temp.o

.mstack         0x20000000      0x400
                0x20000000                . = ALIGN (0x8)
                0x20000000                __main_stack_base__ = .
                0x20000400                . = (. + __main_stack_size__)
 *fill*         0x20000000      0x400 
                0x20000400                . = ALIGN (0x8)
                0x20000400                __main_stack_end__ = .

.pstack         0x20000400      0x400
                0x20000400                . = ALIGN (0x8)
                0x20000400                __process_stack_base__ = .
                0x20000400                __main_thread_stack_base__ = .
                0x20000800                . = (. + __process_stack_size__)
 *fill*         0x20000400      0x400 
                0x20000800                . = ALIGN (0x8)
                0x20000800                __process_stack_end__ = .
                0x20000800                __main_thread_stack_end__ = .

.vectors        0x08000000      0x1e0
 *(.vectors)
 .vectors       0x08000000      0x1e0 ./build/obj/vectors.o
                0x08000000                _vectors

.xtors          0x080001e0        0x0
                0x080001e0                __init_array_base__ = .
 *(SORT_BY_NAME(.init_array.*))
 *(.init_array)
                0x080001e0                __init_array_end__ = .
                0x080001e0                __fini_array_base__ = .
 *(.fini_array)
 *(SORT_BY_NAME(.fini_array.*))
                0x080001e0                __fini_array_end__ = .

.text           0x080001e0     0x18f4
                0x080001e0                __text_base__ = .
 *(.text)
 .text          0x080001e0       0xd8 ./build/obj/crt0_v7m.o
                0x080001e0                _crt0_entry
 .text          0x080002b8        0x8 ./build/obj/vectors.o
                0x080002b8                Reset_Handler
                0x080002ba                VectorE8
                0x080002ba                Vector9C
                0x080002ba                VectorAC
                0x080002ba                DebugMon_Handler
                0x080002ba                Vector1A0
                0x080002ba                Vector5C
                0x080002ba                Vector11C
                0x080002ba                HardFault_Handler
                0x080002ba                Vector1B8
                0x080002ba                Vector19C
                0x080002ba                Vector8C
                0x080002ba                SysTick_Handler
                0x080002ba                VectorDC
                0x080002ba                PendSV_Handler
                0x080002ba                Vector168
                0x080002ba                NMI_Handler
                0x080002ba                Vector120
                0x080002ba                Vector1D8
                0x080002ba                VectorC8
                0x080002ba                Vector94
                0x080002ba                VectorA8
                0x080002ba                VectorB4
                0x080002ba                Vector74
                0x080002ba                Vector160
                0x080002ba                Vector1B0
                0x080002ba                UsageFault_Handler
                0x080002ba                VectorEC
                0x080002ba                Vector40
                0x080002ba                VectorF8
                0x080002ba                Vector108
                0x080002ba                VectorBC
                0x080002ba                Vector190
                0x080002ba                Vector150
                0x080002ba                Vector124
                0x080002ba                Vector1C4
                0x080002ba                Vector1CC
                0x080002ba                Vector148
                0x080002ba                Vector188
                0x080002ba                Vector198
                0x080002ba                Vector118
                0x080002ba                Vector64
                0x080002ba                Vector58
                0x080002ba                VectorCC
                0x080002ba                Vector54
                0x080002ba                Vector98
                0x080002ba                Vector138
                0x080002ba                Vector24
                0x080002ba                Vector1AC
                0x080002ba                Vector178
                0x080002ba                Vector84
                0x080002ba                Vector1A4
                0x080002ba                VectorD0
                0x080002ba                Vector1B4
                0x080002ba                Vector140
                0x080002ba                VectorE4
                0x080002ba                VectorC0
                0x080002ba                Vector158
                0x080002ba                Vector130
                0x080002ba                Vector1C0
                0x080002ba                Vector134
                0x080002ba                Vector1D0
                0x080002ba                VectorF0
                0x080002ba                Vector12C
                0x080002ba                Vector13C
                0x080002ba                Vector100
                0x080002ba                VectorE0
                0x080002ba                VectorF4
                0x080002ba                MemManage_Handler
                0x080002ba                Vector6C
                0x080002ba                VectorA0
                0x080002ba                VectorC4
                0x080002ba                Vector7C
                0x080002ba                Vector180
                0x080002ba                Vector90
                0x080002ba                Vector114
                0x080002ba                Vector164
                0x080002ba                Vector60
                0x080002ba                Vector1C
                0x080002ba                Vector1BC
                0x080002ba                Vector1D4
                0x080002ba                Vector17C
                0x080002ba                Vector48
                0x080002ba                Vector1A8
                0x080002ba                Vector16C
                0x080002ba                Vector70
                0x080002ba                VectorD4
                0x080002ba                Vector4C
                0x080002ba                Vector144
                0x080002ba                Vector80
                0x080002ba                Vector15C
                0x080002ba                Vector68
                0x080002ba                Vector78
                0x080002ba                Vector18C
                0x080002ba                Vector170
                0x080002ba                Vector88
                0x080002ba                Vector104
                0x080002ba                Vector184
                0x080002ba                Vector10C
                0x080002ba                Vector14C
                0x080002ba                BusFault_Handler
                0x080002ba                Vector50
                0x080002ba                Vector1C8
                0x080002ba                Vector194
                0x080002ba                Vector1DC
                0x080002ba                Vector154
                0x080002ba                Vector44
                0x080002ba                Vector28
                0x080002ba                VectorB8
                0x080002ba                VectorFC
                0x080002ba                Vector34
                0x080002ba                Vector128
                0x080002ba                VectorA4
                0x080002ba                Vector20
                0x080002ba                Vector174
                0x080002be                _unhandled_exception
 .text          0x080002c0       0x36 ./build/obj/chcoreasm_v7m.o
                0x080002c0                _port_switch
                0x080002d0                _port_thread_start
                0x080002e6                _port_switch_from_isr
                0x080002f2                _port_exit_from_isr
 *fill*         0x080002f6        0x2 
 .text          0x080002f8      0x134 c:/chibistudio/tools/gnu tools arm embedded/9.0 2019q4/bin/../lib/gcc/arm-none-eabi/9.2.1/../../../../arm-none-eabi/lib/thumb/v7e-m/nofp\libg.a(lib_a-memcpy.o)
                0x080002f8                memcpy
 *(.text.*)
 *fill*         0x0800042c        0x4 
 .text.sdObjectInit.constprop.0
                0x08000430       0x54 C:\Users\kunal\AppData\Local\Temp\ch.elf.IvIH02.ltrans0.ltrans.o
 *fill*         0x08000484        0xc 
 .text._pal_lld_setgroupmode.constprop.0
                0x08000490       0xc8 C:\Users\kunal\AppData\Local\Temp\ch.elf.IvIH02.ltrans0.ltrans.o
 *fill*         0x08000558        0x8 
 .text.notify2  0x08000560       0x10 C:\Users\kunal\AppData\Local\Temp\ch.elf.IvIH02.ltrans0.ltrans.o
 .text.notify4  0x08000570       0x10 C:\Users\kunal\AppData\Local\Temp\ch.elf.IvIH02.ltrans0.ltrans.o
 .text._port_irq_epilogue
                0x08000580       0x4c C:\Users\kunal\AppData\Local\Temp\ch.elf.IvIH02.ltrans0.ltrans.o
 *fill*         0x080005cc        0x4 
 .text.chCoreAllocAlignedI
                0x080005d0       0x28 C:\Users\kunal\AppData\Local\Temp\ch.elf.IvIH02.ltrans0.ltrans.o
 *fill*         0x080005f8        0x8 
 .text._stats_increase_irq
                0x08000600       0x20 C:\Users\kunal\AppData\Local\Temp\ch.elf.IvIH02.ltrans0.ltrans.o
 .text.chTMChainMeasurementToX
                0x08000620       0x3c C:\Users\kunal\AppData\Local\Temp\ch.elf.IvIH02.ltrans0.ltrans.o
 *fill*         0x0800065c        0x4 
 .text.chTMStopMeasurementX
                0x08000660       0x44 C:\Users\kunal\AppData\Local\Temp\ch.elf.IvIH02.ltrans0.ltrans.o
 *fill*         0x080006a4        0xc 
 .text._stats_stop_measure_crit_isr
                0x080006b0        0xc C:\Users\kunal\AppData\Local\Temp\ch.elf.IvIH02.ltrans0.ltrans.o
 *fill*         0x080006bc        0x4 
 .text.chTMStartMeasurementX
                0x080006c0        0xc C:\Users\kunal\AppData\Local\Temp\ch.elf.IvIH02.ltrans0.ltrans.o
 *fill*         0x080006cc        0x4 
 .text._stats_start_measure_crit_isr
                0x080006d0        0xc C:\Users\kunal\AppData\Local\Temp\ch.elf.IvIH02.ltrans0.ltrans.o
 *fill*         0x080006dc        0x4 
 .text.wakeup   0x080006e0       0x6c C:\Users\kunal\AppData\Local\Temp\ch.elf.IvIH02.ltrans0.ltrans.o
 *fill*         0x0800074c        0x4 
 .text.chSchReadyI
                0x08000750       0x24 C:\Users\kunal\AppData\Local\Temp\ch.elf.IvIH02.ltrans0.ltrans.o
 *fill*         0x08000774        0xc 
 .text.chEvtBroadcastFlagsI
                0x08000780       0x58 C:\Users\kunal\AppData\Local\Temp\ch.elf.IvIH02.ltrans0.ltrans.o
 *fill*         0x080007d8        0x8 
 .text._idle_thread
                0x080007e0        0x4 C:\Users\kunal\AppData\Local\Temp\ch.elf.IvIH02.ltrans0.ltrans.o
 *fill*         0x080007e4        0xc 
 .text.serve_interrupt
                0x080007f0      0x1d4 C:\Users\kunal\AppData\Local\Temp\ch.elf.IvIH02.ltrans0.ltrans.o
 *fill*         0x080009c4        0xc 
 .text.usart_init
                0x080009d0       0x84 C:\Users\kunal\AppData\Local\Temp\ch.elf.IvIH02.ltrans0.ltrans.o
 *fill*         0x08000a54        0xc 
 .text._ctl     0x08000a60        0x4 C:\Users\kunal\AppData\Local\Temp\ch.elf.IvIH02.ltrans0.ltrans.o
 *fill*         0x08000a64        0xc 
 .text.chSchWakeupS.constprop.0
                0x08000a70       0x74 C:\Users\kunal\AppData\Local\Temp\ch.elf.IvIH02.ltrans0.ltrans.o
 *fill*         0x08000ae4        0xc 
 .text.chSchGoSleepS
                0x08000af0       0x40 C:\Users\kunal\AppData\Local\Temp\ch.elf.IvIH02.ltrans0.ltrans.o
 .text.chSchGoSleepTimeoutS
                0x08000b30      0x110 C:\Users\kunal\AppData\Local\Temp\ch.elf.IvIH02.ltrans0.ltrans.o
 .text.chThdEnqueueTimeoutS
                0x08000c40       0x28 C:\Users\kunal\AppData\Local\Temp\ch.elf.IvIH02.ltrans0.ltrans.o
 *fill*         0x08000c68        0x8 
 .text.SVC_Handler
                0x08000c70       0x14 C:\Users\kunal\AppData\Local\Temp\ch.elf.IvIH02.ltrans0.ltrans.o
                0x08000c70                SVC_Handler
 *fill*         0x08000c84        0xc 
 .text._stats_stop_measure_crit_thd
                0x08000c90        0xc C:\Users\kunal\AppData\Local\Temp\ch.elf.IvIH02.ltrans0.ltrans.o
                0x08000c90                _stats_stop_measure_crit_thd
 *fill*         0x08000c9c        0x4 
 .text._stats_start_measure_crit_thd
                0x08000ca0        0xc C:\Users\kunal\AppData\Local\Temp\ch.elf.IvIH02.ltrans0.ltrans.o
                0x08000ca0                _stats_start_measure_crit_thd
 *fill*         0x08000cac        0x4 
 .text.chThdSleep.constprop.0
                0x08000cb0       0x24 C:\Users\kunal\AppData\Local\Temp\ch.elf.IvIH02.ltrans0.ltrans.o
 *fill*         0x08000cd4        0xc 
 .text.Thread1  0x08000ce0       0x2c C:\Users\kunal\AppData\Local\Temp\ch.elf.IvIH02.ltrans0.ltrans.o
 *fill*         0x08000d0c        0x4 
 .text.chCoreAllocFromTop
                0x08000d10       0x48 C:\Users\kunal\AppData\Local\Temp\ch.elf.IvIH02.ltrans0.ltrans.o
 *fill*         0x08000d58        0x8 
 .text.oqWriteTimeout
                0x08000d60       0xcc C:\Users\kunal\AppData\Local\Temp\ch.elf.IvIH02.ltrans0.ltrans.o
 *fill*         0x08000e2c        0x4 
 .text._writet  0x08000e30        0x8 C:\Users\kunal\AppData\Local\Temp\ch.elf.IvIH02.ltrans0.ltrans.o
 *fill*         0x08000e38        0x8 
 .text._write   0x08000e40        0xc C:\Users\kunal\AppData\Local\Temp\ch.elf.IvIH02.ltrans0.ltrans.o
 *fill*         0x08000e4c        0x4 
 .text.oqPutTimeout
                0x08000e50       0x6c C:\Users\kunal\AppData\Local\Temp\ch.elf.IvIH02.ltrans0.ltrans.o
 *fill*         0x08000ebc        0x4 
 .text.startup.main
                0x08000ec0      0x5bc C:\Users\kunal\AppData\Local\Temp\ch.elf.IvIH02.ltrans0.ltrans.o
                0x08000ec0                main
 *fill*         0x0800147c        0x4 
 .text._putt    0x08001480        0x8 C:\Users\kunal\AppData\Local\Temp\ch.elf.IvIH02.ltrans0.ltrans.o
 *fill*         0x08001488        0x8 
 .text._put     0x08001490        0xc C:\Users\kunal\AppData\Local\Temp\ch.elf.IvIH02.ltrans0.ltrans.o
 *fill*         0x0800149c        0x4 
 .text.iqReadTimeout
                0x080014a0       0xd0 C:\Users\kunal\AppData\Local\Temp\ch.elf.IvIH02.ltrans0.ltrans.o
 .text._readt   0x08001570        0x8 C:\Users\kunal\AppData\Local\Temp\ch.elf.IvIH02.ltrans0.ltrans.o
 *fill*         0x08001578        0x8 
 .text._read    0x08001580        0xc C:\Users\kunal\AppData\Local\Temp\ch.elf.IvIH02.ltrans0.ltrans.o
 *fill*         0x0800158c        0x4 
 .text.iqGetTimeout
                0x08001590       0x60 C:\Users\kunal\AppData\Local\Temp\ch.elf.IvIH02.ltrans0.ltrans.o
 .text._gett    0x080015f0        0x8 C:\Users\kunal\AppData\Local\Temp\ch.elf.IvIH02.ltrans0.ltrans.o
 *fill*         0x080015f8        0x8 
 .text._get     0x08001600        0xc C:\Users\kunal\AppData\Local\Temp\ch.elf.IvIH02.ltrans0.ltrans.o
 *fill*         0x0800160c        0x4 
 .text.chThdExit
                0x08001610       0x50 C:\Users\kunal\AppData\Local\Temp\ch.elf.IvIH02.ltrans0.ltrans.o
                0x08001610                chThdExit
 .text.chSchDoReschedule
                0x08001660       0x58 C:\Users\kunal\AppData\Local\Temp\ch.elf.IvIH02.ltrans0.ltrans.o
                0x08001660                chSchDoReschedule
 *fill*         0x080016b8        0x8 
 .text.__early_init
                0x080016c0      0x268 C:\Users\kunal\AppData\Local\Temp\ch.elf.IvIH02.ltrans0.ltrans.o
                0x080016c0                __early_init
 *fill*         0x08001928        0x8 
 .text.Vector110
                0x08001930       0x18 C:\Users\kunal\AppData\Local\Temp\ch.elf.IvIH02.ltrans0.ltrans.o
                0x08001930                Vector110
 *fill*         0x08001948        0x8 
 .text.VectorD8
                0x08001950       0x18 C:\Users\kunal\AppData\Local\Temp\ch.elf.IvIH02.ltrans0.ltrans.o
                0x08001950                VectorD8
 *fill*         0x08001968        0x8 
 .text.VectorB0
                0x08001970       0xc8 C:\Users\kunal\AppData\Local\Temp\ch.elf.IvIH02.ltrans0.ltrans.o
                0x08001970                VectorB0
 *fill*         0x08001a38        0x8 
 .text.__init_ram_areas
                0x08001a40       0x68 C:\Users\kunal\AppData\Local\Temp\ch.elf.IvIH02.ltrans0.ltrans.o
                0x08001a40                __init_ram_areas
 *fill*         0x08001aa8        0x8 
 .text.__default_exit
                0x08001ab0        0x4 C:\Users\kunal\AppData\Local\Temp\ch.elf.IvIH02.ltrans0.ltrans.o
                0x08001ab0                __default_exit
 *fill*         0x08001ab4        0xc 
 .text.__late_init
                0x08001ac0        0x4 C:\Users\kunal\AppData\Local\Temp\ch.elf.IvIH02.ltrans0.ltrans.o
                0x08001ac0                __late_init
 *fill*         0x08001ac4        0xc 
 .text.__core_init
                0x08001ad0        0x4 C:\Users\kunal\AppData\Local\Temp\ch.elf.IvIH02.ltrans0.ltrans.o
                0x08001ad0                __core_init
 *(.glue_7t)
 .glue_7t       0x08001ad4        0x0 linker stubs
 *(.glue_7)
 .glue_7        0x08001ad4        0x0 linker stubs
 *(.gcc*)
                0x08001ad4                __text_end__ = .

.vfp11_veneer   0x08001ad4        0x0
 .vfp11_veneer  0x08001ad4        0x0 linker stubs

.v4_bx          0x08001ad4        0x0
 .v4_bx         0x08001ad4        0x0 linker stubs

.iplt           0x08001ad4        0x0
 .iplt          0x08001ad4        0x0 ./build/obj/crt0_v7m.o

.rodata         0x08001ad4      0x104
                0x08001ad4                __rodata_base__ = .
 *(.rodata)
 *(.rodata.*)
 .rodata.Thread1.str1.4
                0x08001ad4        0x8 C:\Users\kunal\AppData\Local\Temp\ch.elf.IvIH02.ltrans0.ltrans.o
 .rodata.main.str1.4
                0x08001adc       0x23 C:\Users\kunal\AppData\Local\Temp\ch.elf.IvIH02.ltrans0.ltrans.o
 *fill*         0x08001aff        0x1 
 .rodata.ch_debug
                0x08001b00       0x16 C:\Users\kunal\AppData\Local\Temp\ch.elf.IvIH02.ltrans0.ltrans.o
 *fill*         0x08001b16        0x2 
 .rodata.ram_areas
                0x08001b18       0x80 C:\Users\kunal\AppData\Local\Temp\ch.elf.IvIH02.ltrans0.ltrans.o
 .rodata.serial_HC05
                0x08001b98        0xc C:\Users\kunal\AppData\Local\Temp\ch.elf.IvIH02.ltrans0.ltrans.o
 .rodata.serial_terminal
                0x08001ba4        0xc C:\Users\kunal\AppData\Local\Temp\ch.elf.IvIH02.ltrans0.ltrans.o
 .rodata.vmt    0x08001bb0       0x28 C:\Users\kunal\AppData\Local\Temp\ch.elf.IvIH02.ltrans0.ltrans.o
                0x08001bd8                . = ALIGN (0x4)
                0x08001bd8                __rodata_end__ = .

.rel.dyn        0x08001bd8        0x0
 .rel.iplt      0x08001bd8        0x0 ./build/obj/crt0_v7m.o

.ARM.extab
 *(.ARM.extab* .gnu.linkonce.armextab.*)

.ARM.exidx      0x08001bd8        0x0
                0x08001bd8                __exidx_base__ = .
                0x08001bd8                __exidx_start = .
 *(.ARM.exidx* .gnu.linkonce.armexidx.*)
                0x08001bd8                __exidx_end__ = .
                0x08001bd8                __exidx_end = .

.eh_frame_hdr
 *(.eh_frame_hdr)

.eh_frame
 *(.eh_frame)

.data           0x20000800        0x0 load address 0x08001bd8
                [!provide]                PROVIDE (_textdata = LOADADDR (.data))
                [!provide]                PROVIDE (_data = .)
                0x08001bd8                __textdata_base__ = LOADADDR (.data)
                0x20000800                __data_base__ = .
 *(.data)
 *(.data.*)
 *(.ramtext)
                0x20000800                . = ALIGN (0x4)
                [!provide]                PROVIDE (_edata = .)
                0x20000800                __data_end__ = .

.igot.plt       0x20000800        0x0 load address 0x08001bd8
 .igot.plt      0x20000800        0x0 ./build/obj/crt0_v7m.o

.bss            0x20000800      0x498 load address 0x08001bd8
                0x20000800                __bss_base__ = .
 *(.bss)
 *(.bss.*)
 .bss.SD2       0x20000800       0x7c C:\Users\kunal\AppData\Local\Temp\ch.elf.IvIH02.ltrans0.ltrans.o
 .bss.SD4       0x2000087c       0x7c C:\Users\kunal\AppData\Local\Temp\ch.elf.IvIH02.ltrans0.ltrans.o
 .bss.ch        0x200008f8       0xd0 C:\Users\kunal\AppData\Local\Temp\ch.elf.IvIH02.ltrans0.ltrans.o
 .bss.ch_factory
                0x200009c8       0x48 C:\Users\kunal\AppData\Local\Temp\ch.elf.IvIH02.ltrans0.ltrans.o
 .bss.ch_idle_thread_wa
                0x20000a10       0xf8 C:\Users\kunal\AppData\Local\Temp\ch.elf.IvIH02.ltrans0.ltrans.o
 .bss.ch_memcore
                0x20000b08        0x8 C:\Users\kunal\AppData\Local\Temp\ch.elf.IvIH02.ltrans0.ltrans.o
 .bss.default_heap
                0x20000b10       0x1c C:\Users\kunal\AppData\Local\Temp\ch.elf.IvIH02.ltrans0.ltrans.o
 *fill*         0x20000b2c        0x4 
 .bss.waThread1
                0x20000b30      0x168 C:\Users\kunal\AppData\Local\Temp\ch.elf.IvIH02.ltrans0.ltrans.o
 *(COMMON)
                0x20000c98                . = ALIGN (0x4)
                0x20000c98                __bss_end__ = .
                [!provide]                PROVIDE (end = .)
                0x20000000                __ram0_base__ = ORIGIN (ram0)
                0x00020000                __ram0_size__ = LENGTH (ram0)
                0x20020000                __ram0_end__ = (__ram0_base__ + __ram0_size__)
                0x20000000                __ram1_base__ = ORIGIN (ram1)
                0x0001c000                __ram1_size__ = LENGTH (ram1)
                0x2001c000                __ram1_end__ = (__ram1_base__ + __ram1_size__)
                0x2001c000                __ram2_base__ = ORIGIN (ram2)
                0x00004000                __ram2_size__ = LENGTH (ram2)
                0x20020000                __ram2_end__ = (__ram2_base__ + __ram2_size__)
                0x00000000                __ram3_base__ = ORIGIN (ram3)
                0x00000000                __ram3_size__ = LENGTH (ram3)
                0x00000000                __ram3_end__ = (__ram3_base__ + __ram3_size__)
                0x10000000                __ram4_base__ = ORIGIN (ram4)
                0x00010000                __ram4_size__ = LENGTH (ram4)
                0x10010000                __ram4_end__ = (__ram4_base__ + __ram4_size__)
                0x40024000                __ram5_base__ = ORIGIN (ram5)
                0x00001000                __ram5_size__ = LENGTH (ram5)
                0x40025000                __ram5_end__ = (__ram5_base__ + __ram5_size__)
                0x00000000                __ram6_base__ = ORIGIN (ram6)
                0x00000000                __ram6_size__ = LENGTH (ram6)
                0x00000000                __ram6_end__ = (__ram6_base__ + __ram6_size__)
                0x00000000                __ram7_base__ = ORIGIN (ram7)
                0x00000000                __ram7_size__ = LENGTH (ram7)
                0x00000000                __ram7_end__ = (__ram7_base__ + __ram7_size__)
                0x08000000                __flash0_base__ = ORIGIN (flash0)
                0x00100000                __flash0_size__ = LENGTH (flash0)
                0x08100000                __flash0_end__ = (__flash0_base__ + __flash0_size__)
                0x00000000                __flash1_base__ = ORIGIN (flash1)
                0x00000000                __flash1_size__ = LENGTH (flash1)
                0x00000000                __flash1_end__ = (__flash1_base__ + __flash1_size__)
                0x00000000                __flash2_base__ = ORIGIN (flash2)
                0x00000000                __flash2_size__ = LENGTH (flash2)
                0x00000000                __flash2_end__ = (__flash2_base__ + __flash2_size__)
                0x00000000                __flash3_base__ = ORIGIN (flash3)
                0x00000000                __flash3_size__ = LENGTH (flash3)
                0x00000000                __flash3_end__ = (__flash3_base__ + __flash3_size__)
                0x00000000                __flash4_base__ = ORIGIN (flash4)
                0x00000000                __flash4_size__ = LENGTH (flash4)
                0x00000000                __flash4_end__ = (__flash4_base__ + __flash4_size__)
                0x00000000                __flash5_base__ = ORIGIN (flash5)
                0x00000000                __flash5_size__ = LENGTH (flash5)
                0x00000000                __flash5_end__ = (__flash5_base__ + __flash5_size__)
                0x00000000                __flash6_base__ = ORIGIN (flash6)
                0x00000000                __flash6_size__ = LENGTH (flash6)
                0x00000000                __flash6_end__ = (__flash6_base__ + __flash6_size__)
                0x00000000                __flash7_base__ = ORIGIN (flash7)
                0x00000000                __flash7_size__ = LENGTH (flash7)
                0x00000000                __flash7_end__ = (__flash7_base__ + __flash7_size__)

.ram0_init      0x20000c98        0x0 load address 0x08001bd8
                0x08001bd8                __ram0_init_text__ = LOADADDR (.ram0_init)
                0x20000c98                __ram0_init__ = .
 *(.ram0_init)
 *(.ram0_init.*)
                0x20000c98                . = ALIGN (0x4)

.ram0           0x20000c98        0x0 load address 0x08001bd8
                0x20000c98                __ram0_clear__ = .
 *(.ram0_clear)
 *(.ram0_clear.*)
                0x20000c98                . = ALIGN (0x4)
                0x20000c98                __ram0_noinit__ = .
 *(.ram0)
 *(.ram0.*)
                0x20000c98                . = ALIGN (0x4)
                0x20000c98                __ram0_free__ = .

.ram1_init      0x20000000        0x0 load address 0x08001bd8
                0x08001bd8                __ram1_init_text__ = LOADADDR (.ram1_init)
                0x20000000                __ram1_init__ = .
 *(.ram1_init)
 *(.ram1_init.*)
                0x20000000                . = ALIGN (0x4)

.ram1           0x20000000        0x0 load address 0x08001bd8
                0x20000000                __ram1_clear__ = .
 *(.ram1_clear)
 *(.ram1_clear.*)
                0x20000000                . = ALIGN (0x4)
                0x20000000                __ram1_noinit__ = .
 *(.ram1)
 *(.ram1.*)
                0x20000000                . = ALIGN (0x4)
                0x20000000                __ram1_free__ = .

.ram2_init      0x2001c000        0x0 load address 0x08001bd8
                0x08001bd8                __ram2_init_text__ = LOADADDR (.ram2_init)
                0x2001c000                __ram2_init__ = .
 *(.ram2_init)
 *(.ram2_init.*)
                0x2001c000                . = ALIGN (0x4)

.ram2           0x2001c000        0x0 load address 0x08001bd8
                0x2001c000                __ram2_clear__ = .
 *(.ram2_clear)
 *(.ram2_clear.*)
                0x2001c000                . = ALIGN (0x4)
                0x2001c000                __ram2_noinit__ = .
 *(.ram2)
 *(.ram2.*)
                0x2001c000                . = ALIGN (0x4)
                0x2001c000                __ram2_free__ = .

.ram3_init      0x00000000        0x0 load address 0x08001bd8
                0x08001bd8                __ram3_init_text__ = LOADADDR (.ram3_init)
                0x00000000                __ram3_init__ = .
 *(.ram3_init)
 *(.ram3_init.*)
                0x00000000                . = ALIGN (0x4)

.ram3           0x00000000        0x0 load address 0x08001bd8
                0x00000000                __ram3_clear__ = .
 *(.ram3_clear)
 *(.ram3_clear.*)
                0x00000000                . = ALIGN (0x4)
                0x00000000                __ram3_noinit__ = .
 *(.ram3)
 *(.ram3.*)
                0x00000000                . = ALIGN (0x4)
                0x00000000                __ram3_free__ = .

.ram4_init      0x10000000        0x0 load address 0x08001bd8
                0x08001bd8                __ram4_init_text__ = LOADADDR (.ram4_init)
                0x10000000                __ram4_init__ = .
 *(.ram4_init)
 *(.ram4_init.*)
                0x10000000                . = ALIGN (0x4)

.ram4           0x10000000        0x0 load address 0x08001bd8
                0x10000000                __ram4_clear__ = .
 *(.ram4_clear)
 *(.ram4_clear.*)
                0x10000000                . = ALIGN (0x4)
                0x10000000                __ram4_noinit__ = .
 *(.ram4)
 *(.ram4.*)
                0x10000000                . = ALIGN (0x4)
                0x10000000                __ram4_free__ = .

.ram5_init      0x40024000        0x0 load address 0x08001bd8
                0x08001bd8                __ram5_init_text__ = LOADADDR (.ram5_init)
                0x40024000                __ram5_init__ = .
 *(.ram5_init)
 *(.ram5_init.*)
                0x40024000                . = ALIGN (0x4)

.ram5           0x40024000        0x0 load address 0x08001bd8
                0x40024000                __ram5_clear__ = .
 *(.ram5_clear)
 *(.ram5_clear.*)
                0x40024000                . = ALIGN (0x4)
                0x40024000                __ram5_noinit__ = .
 *(.ram5)
 *(.ram5.*)
                0x40024000                . = ALIGN (0x4)
                0x40024000                __ram5_free__ = .

.ram6_init      0x00000000        0x0 load address 0x08001bd8
                0x08001bd8                __ram6_init_text__ = LOADADDR (.ram6_init)
                0x00000000                __ram6_init__ = .
 *(.ram6_init)
 *(.ram6_init.*)
                0x00000000                . = ALIGN (0x4)

.ram6           0x00000000        0x0 load address 0x08001bd8
                0x00000000                __ram6_clear__ = .
 *(.ram6_clear)
 *(.ram6_clear.*)
                0x00000000                . = ALIGN (0x4)
                0x00000000                __ram6_noinit__ = .
 *(.ram6)
 *(.ram6.*)
                0x00000000                . = ALIGN (0x4)
                0x00000000                __ram6_free__ = .

.ram7_init      0x00000000        0x0 load address 0x08001bd8
                0x08001bd8                __ram7_init_text__ = LOADADDR (.ram7_init)
                0x00000000                __ram7_init__ = .
 *(.ram7_init)
 *(.ram7_init.*)
                0x00000000                . = ALIGN (0x4)

.ram7           0x00000000        0x0 load address 0x08001bd8
                0x00000000                __ram7_clear__ = .
 *(.ram7_clear)
 *(.ram7_clear.*)
                0x00000000                . = ALIGN (0x4)
                0x00000000                __ram7_noinit__ = .
 *(.ram7)
 *(.ram7.*)
                0x00000000                . = ALIGN (0x4)
                0x00000000                __ram7_free__ = .

.flash0         0x08001bd8        0x0
                0x08001bd8                __flash0_init__ = .
 *(.flash0_init)
 *(.flash0_init.*)
                0x08001bd8                __flash0_free__ = .

.flash1         0x00000000        0x0
                0x00000000                __flash1_init__ = .
 *(.flash1_init)
 *(.flash1_init.*)
                0x00000000                __flash1_free__ = .

.flash2         0x00000000        0x0
                0x00000000                __flash2_init__ = .
 *(.flash2_init)
 *(.flash2_init.*)
                0x00000000                __flash2_free__ = .

.flash3         0x00000000        0x0
                0x00000000                __flash3_init__ = .
 *(.flash3_init)
 *(.flash3_init.*)
                0x00000000                __flash3_free__ = .

.flash4         0x00000000        0x0
                0x00000000                __flash4_init__ = .
 *(.flash4_init)
 *(.flash4_init.*)
                0x00000000                __flash4_free__ = .

.flash5         0x00000000        0x0
                0x00000000                __flash5_init__ = .
 *(.flash5_init)
 *(.flash5_init.*)
                0x00000000                __flash5_free__ = .

.flash6         0x00000000        0x0
                0x00000000                __flash6_init__ = .
 *(.flash6_init)
 *(.flash6_init.*)
                0x00000000                __flash6_free__ = .

.flash7         0x00000000        0x0
                0x00000000                __flash7_init__ = .
 *(.flash7_init)
 *(.flash7_init.*)
                0x00000000                __flash7_free__ = .

.heap           0x20000c98    0x1f368
                0x20000c98                . = ALIGN (0x8)
                0x20000c98                __heap_base__ = .
                0x20020000                . = (ORIGIN (HEAP_RAM) + LENGTH (HEAP_RAM))
 *fill*         0x20000c98    0x1f368 
                0x20020000                __heap_end__ = .
                0x00000400                __process_stack_size__ = 0x400
                0x00000400                __main_stack_size__ = 0x400
START GROUP
LOAD c:/chibistudio/tools/gnu tools arm embedded/9.0 2019q4/bin/../lib/gcc/arm-none-eabi/9.2.1/thumb/v7e-m/nofp\libgcc.a
LOAD c:/chibistudio/tools/gnu tools arm embedded/9.0 2019q4/bin/../lib/gcc/arm-none-eabi/9.2.1/../../../../arm-none-eabi/lib/thumb/v7e-m/nofp\libg.a
LOAD c:/chibistudio/tools/gnu tools arm embedded/9.0 2019q4/bin/../lib/gcc/arm-none-eabi/9.2.1/../../../../arm-none-eabi/lib/thumb/v7e-m/nofp\libc.a
END GROUP
OUTPUT(build/ch.elf elf32-littlearm)

.ARM.attributes
                0x00000000       0x2d
 .ARM.attributes
                0x00000000       0x21 ./build/obj/crt0_v7m.o
 .ARM.attributes
                0x00000021       0x21 ./build/obj/vectors.o
 .ARM.attributes
                0x00000042       0x21 ./build/obj/chcoreasm_v7m.o
 .ARM.attributes
                0x00000063       0x2c C:\Users\kunal\AppData\Local\Temp\ch.elf.IvIH02.ltrans0.ltrans.o
 .ARM.attributes
                0x0000008f       0x1c c:/chibistudio/tools/gnu tools arm embedded/9.0 2019q4/bin/../lib/gcc/arm-none-eabi/9.2.1/../../../../arm-none-eabi/lib/thumb/v7e-m/nofp\libg.a(lib_a-memcpy.o)

.comment        0x00000000       0x79
 .comment       0x00000000       0x79 C:\Users\kunal\AppData\Local\Temp\ch.elf.IvIH02.ltrans0.ltrans.o
                                 0x7a (size before relaxing)

.debug_line     0x00000000     0xba6e
 .debug_line    0x00000000       0xcd ./build/obj/crt0_v7m.o
 .debug_line    0x000000cd       0x77 ./build/obj/vectors.o
 .debug_line    0x00000144       0x91 ./build/obj/chcoreasm_v7m.o
 .debug_line    0x000001d5     0x3b86 C:\Users\kunal\AppData\Local\Temp\ch.elf.IvIH02.ltrans0.ltrans.o
 .debug_line    0x00003d5b      0x1ad C:\Users\kunal\AppData\Local\Temp\ccWE3vs1.debug.temp.o
 .debug_line    0x00003f08      0x46b C:\Users\kunal\AppData\Local\Temp\ccmAq976.debug.temp.o
 .debug_line    0x00004373      0x48d C:\Users\kunal\AppData\Local\Temp\ccWgXcSc.debug.temp.o
 .debug_line    0x00004800      0x4c3 C:\Users\kunal\AppData\Local\Temp\cce4PTGi.debug.temp.o
 .debug_line    0x00004cc3      0x4b1 C:\Users\kunal\AppData\Local\Temp\cci2zXzo.debug.temp.o
 .debug_line    0x00005174      0x480 C:\Users\kunal\AppData\Local\Temp\ccGeW7uu.debug.temp.o
 .debug_line    0x000055f4      0x4f7 C:\Users\kunal\AppData\Local\Temp\cc8urjgE.debug.temp.o
 .debug_line    0x00005aeb      0x481 C:\Users\kunal\AppData\Local\Temp\ccwh4KiJ.debug.temp.o
 .debug_line    0x00005f6c      0x44e C:\Users\kunal\AppData\Local\Temp\ccExOAsO.debug.temp.o
 .debug_line    0x000063ba      0x455 C:\Users\kunal\AppData\Local\Temp\cca4SfIT.debug.temp.o
 .debug_line    0x0000680f      0x453 C:\Users\kunal\AppData\Local\Temp\ccMD9C5Y.debug.temp.o
 .debug_line    0x00006c62      0x479 C:\Users\kunal\AppData\Local\Temp\ccie8CUg.debug.temp.o
 .debug_line    0x000070db      0x4a2 C:\Users\kunal\AppData\Local\Temp\ccOEfDFl.debug.temp.o
 .debug_line    0x0000757d      0x469 C:\Users\kunal\AppData\Local\Temp\ccWqQPjp.debug.temp.o
 .debug_line    0x000079e6      0x496 C:\Users\kunal\AppData\Local\Temp\ccGekt7s.debug.temp.o
 .debug_line    0x00007e7c      0x3a3 C:\Users\kunal\AppData\Local\Temp\ccai8XhE.debug.temp.o
 .debug_line    0x0000821f      0x379 C:\Users\kunal\AppData\Local\Temp\cceGjdA0.debug.temp.o
 .debug_line    0x00008598      0x378 C:\Users\kunal\AppData\Local\Temp\cc48QWi8.debug.temp.o
 .debug_line    0x00008910      0x39c C:\Users\kunal\AppData\Local\Temp\ccKUsSVe.debug.temp.o
 .debug_line    0x00008cac      0x35d C:\Users\kunal\AppData\Local\Temp\ccWG43El.debug.temp.o
 .debug_line    0x00009009      0x36f C:\Users\kunal\AppData\Local\Temp\ccYz6vvs.debug.temp.o
 .debug_line    0x00009378      0x3a2 C:\Users\kunal\AppData\Local\Temp\ccKM0Yrz.debug.temp.o
 .debug_line    0x0000971a      0x36d C:\Users\kunal\AppData\Local\Temp\ccqkJevM.debug.temp.o
 .debug_line    0x00009a87      0x37e C:\Users\kunal\AppData\Local\Temp\ccInsnOY.debug.temp.o
 .debug_line    0x00009e05      0x390 C:\Users\kunal\AppData\Local\Temp\cc0sMmxb.debug.temp.o
 .debug_line    0x0000a195      0x374 C:\Users\kunal\AppData\Local\Temp\ccAH67cs.debug.temp.o
 .debug_line    0x0000a509      0x376 C:\Users\kunal\AppData\Local\Temp\ccWUxmtC.debug.temp.o
 .debug_line    0x0000a87f      0x375 C:\Users\kunal\AppData\Local\Temp\ccewqYRM.debug.temp.o
 .debug_line    0x0000abf4      0x3c1 C:\Users\kunal\AppData\Local\Temp\cc6ZHc7r.debug.temp.o
 .debug_line    0x0000afb5      0x389 C:\Users\kunal\AppData\Local\Temp\cccT4WEL.debug.temp.o
 .debug_line    0x0000b33e      0x730 C:\Users\kunal\AppData\Local\Temp\cc64xfmv.debug.temp.o

.debug_info     0x00000000    0x28461
 .debug_info    0x00000000       0x26 ./build/obj/crt0_v7m.o
 .debug_info    0x00000026       0x26 ./build/obj/vectors.o
 .debug_info    0x0000004c       0x26 ./build/obj/chcoreasm_v7m.o
 .debug_info    0x00000072     0x4450 C:\Users\kunal\AppData\Local\Temp\ch.elf.IvIH02.ltrans0.ltrans.o
 .debug_info    0x000044c2      0x35d C:\Users\kunal\AppData\Local\Temp\ccWE3vs1.debug.temp.o
                0x000044c2                crt1.c.dea9f22a
 .debug_info    0x0000481f     0x1089 C:\Users\kunal\AppData\Local\Temp\ccmAq976.debug.temp.o
                0x0000481f                hal.c.6d548a83
 .debug_info    0x000058a8     0x12e6 C:\Users\kunal\AppData\Local\Temp\ccWgXcSc.debug.temp.o
                0x000058a8                hal_st.c.b4a6b731
 .debug_info    0x00006b8e     0x20c7 C:\Users\kunal\AppData\Local\Temp\cce4PTGi.debug.temp.o
                0x00006b8e                hal_buffers.c.5bdb4948
 .debug_info    0x00008c55     0x1ee0 C:\Users\kunal\AppData\Local\Temp\cci2zXzo.debug.temp.o
                0x00008c55                hal_queues.c.77ec8f37
 .debug_info    0x0000ab35     0x144c C:\Users\kunal\AppData\Local\Temp\ccGeW7uu.debug.temp.o
                0x0000ab35                hal_flash.c.5b3fdf7c
 .debug_info    0x0000bf81     0x12a2 C:\Users\kunal\AppData\Local\Temp\cc8urjgE.debug.temp.o
                0x0000bf81                hal_pal.c.cfb3bd26
 .debug_info    0x0000d223     0x155f C:\Users\kunal\AppData\Local\Temp\ccwh4KiJ.debug.temp.o
                0x0000d223                hal_serial.c.c300ca2f
 .debug_info    0x0000e782     0x13f5 C:\Users\kunal\AppData\Local\Temp\ccExOAsO.debug.temp.o
                0x0000e782                nvic.c.077e72fe
 .debug_info    0x0000fb77     0x12ad C:\Users\kunal\AppData\Local\Temp\cca4SfIT.debug.temp.o
                0x0000fb77                stm32_isr.c.8405a7c1
 .debug_info    0x00010e24     0x1518 C:\Users\kunal\AppData\Local\Temp\ccMD9C5Y.debug.temp.o
                0x00010e24                hal_lld.c.1228e708
 .debug_info    0x0001233c     0x1231 C:\Users\kunal\AppData\Local\Temp\ccie8CUg.debug.temp.o
                0x0001233c                hal_pal_lld.c.aca1d410
 .debug_info    0x0001356d     0x1491 C:\Users\kunal\AppData\Local\Temp\ccOEfDFl.debug.temp.o
                0x0001356d                hal_st_lld.c.64ade72e
 .debug_info    0x000149fe     0x14b5 C:\Users\kunal\AppData\Local\Temp\ccWqQPjp.debug.temp.o
                0x000149fe                hal_serial_lld.c.35abc322
 .debug_info    0x00015eb3     0x147e C:\Users\kunal\AppData\Local\Temp\ccGekt7s.debug.temp.o
                0x00015eb3                board.c.bf9f3ea3
 .debug_info    0x00017331     0x1091 C:\Users\kunal\AppData\Local\Temp\ccai8XhE.debug.temp.o
                0x00017331                chsys.c.d3211273
 .debug_info    0x000183c2      0xc8d C:\Users\kunal\AppData\Local\Temp\cceGjdA0.debug.temp.o
                0x000183c2                chvt.c.c52ff8d7
 .debug_info    0x0001904f      0xe14 C:\Users\kunal\AppData\Local\Temp\cc48QWi8.debug.temp.o
                0x0001904f                chschd.c.2535bb97
 .debug_info    0x00019e63     0x13c1 C:\Users\kunal\AppData\Local\Temp\ccKUsSVe.debug.temp.o
                0x00019e63                chthreads.c.eda7df00
 .debug_info    0x0001b224      0xd4d C:\Users\kunal\AppData\Local\Temp\ccWG43El.debug.temp.o
                0x0001b224                chtm.c.0e9e9f76
 .debug_info    0x0001bf71      0xb93 C:\Users\kunal\AppData\Local\Temp\ccYz6vvs.debug.temp.o
                0x0001bf71                chstats.c.888c136f
 .debug_info    0x0001cb04     0x14fc C:\Users\kunal\AppData\Local\Temp\ccKM0Yrz.debug.temp.o
                0x0001cb04                chregistry.c.ee0952ad
 .debug_info    0x0001e000      0xe49 C:\Users\kunal\AppData\Local\Temp\ccqkJevM.debug.temp.o
                0x0001e000                chmtx.c.3914b267
 .debug_info    0x0001ee49     0x105f C:\Users\kunal\AppData\Local\Temp\ccInsnOY.debug.temp.o
                0x0001ee49                chevents.c.a6776ff0
 .debug_info    0x0001fea8      0xdce C:\Users\kunal\AppData\Local\Temp\cc0sMmxb.debug.temp.o
                0x0001fea8                chdynamic.c.c26a58d4
 .debug_info    0x00020c76      0xcf5 C:\Users\kunal\AppData\Local\Temp\ccAH67cs.debug.temp.o
                0x00020c76                chmemcore.c.f19b3da5
 .debug_info    0x0002196b      0xdeb C:\Users\kunal\AppData\Local\Temp\ccWUxmtC.debug.temp.o
                0x0002196b                chmemheaps.c.c6728895
 .debug_info    0x00022756      0xea0 C:\Users\kunal\AppData\Local\Temp\ccewqYRM.debug.temp.o
                0x00022756                chmempools.c.f420b94b
 .debug_info    0x000235f6     0x1da8 C:\Users\kunal\AppData\Local\Temp\cc6ZHc7r.debug.temp.o
                0x000235f6                chfactory.c.fe04c3ab
 .debug_info    0x0002539e     0x1c0e C:\Users\kunal\AppData\Local\Temp\cccT4WEL.debug.temp.o
                0x0002539e                chcore_v7m.c.fbcabac2
 .debug_info    0x00026fac     0x14b5 C:\Users\kunal\AppData\Local\Temp\cc64xfmv.debug.temp.o
                0x00026fac                main.c.e8cad770

.debug_abbrev   0x00000000     0x4a54
 .debug_abbrev  0x00000000       0x14 ./build/obj/crt0_v7m.o
 .debug_abbrev  0x00000014       0x14 ./build/obj/vectors.o
 .debug_abbrev  0x00000028       0x14 ./build/obj/chcoreasm_v7m.o
 .debug_abbrev  0x0000003c      0x2dd C:\Users\kunal\AppData\Local\Temp\ch.elf.IvIH02.ltrans0.ltrans.o
 .debug_abbrev  0x00000319       0xff C:\Users\kunal\AppData\Local\Temp\ccWE3vs1.debug.temp.o
 .debug_abbrev  0x00000418      0x1ba C:\Users\kunal\AppData\Local\Temp\ccmAq976.debug.temp.o
 .debug_abbrev  0x000005d2      0x240 C:\Users\kunal\AppData\Local\Temp\ccWgXcSc.debug.temp.o
 .debug_abbrev  0x00000812      0x308 C:\Users\kunal\AppData\Local\Temp\cce4PTGi.debug.temp.o
 .debug_abbrev  0x00000b1a      0x31b C:\Users\kunal\AppData\Local\Temp\cci2zXzo.debug.temp.o
 .debug_abbrev  0x00000e35      0x20a C:\Users\kunal\AppData\Local\Temp\ccGeW7uu.debug.temp.o
 .debug_abbrev  0x0000103f      0x20e C:\Users\kunal\AppData\Local\Temp\cc8urjgE.debug.temp.o
 .debug_abbrev  0x0000124d      0x28b C:\Users\kunal\AppData\Local\Temp\ccwh4KiJ.debug.temp.o
 .debug_abbrev  0x000014d8      0x221 C:\Users\kunal\AppData\Local\Temp\ccExOAsO.debug.temp.o
 .debug_abbrev  0x000016f9      0x1b4 C:\Users\kunal\AppData\Local\Temp\cca4SfIT.debug.temp.o
 .debug_abbrev  0x000018ad      0x1c7 C:\Users\kunal\AppData\Local\Temp\ccMD9C5Y.debug.temp.o
 .debug_abbrev  0x00001a74      0x1ff C:\Users\kunal\AppData\Local\Temp\ccie8CUg.debug.temp.o
 .debug_abbrev  0x00001c73      0x209 C:\Users\kunal\AppData\Local\Temp\ccOEfDFl.debug.temp.o
 .debug_abbrev  0x00001e7c      0x271 C:\Users\kunal\AppData\Local\Temp\ccWqQPjp.debug.temp.o
 .debug_abbrev  0x000020ed      0x209 C:\Users\kunal\AppData\Local\Temp\ccGekt7s.debug.temp.o
 .debug_abbrev  0x000022f6      0x314 C:\Users\kunal\AppData\Local\Temp\ccai8XhE.debug.temp.o
 .debug_abbrev  0x0000260a      0x252 C:\Users\kunal\AppData\Local\Temp\cceGjdA0.debug.temp.o
 .debug_abbrev  0x0000285c      0x2ad C:\Users\kunal\AppData\Local\Temp\cc48QWi8.debug.temp.o
 .debug_abbrev  0x00002b09      0x2af C:\Users\kunal\AppData\Local\Temp\ccKUsSVe.debug.temp.o
 .debug_abbrev  0x00002db8      0x1e0 C:\Users\kunal\AppData\Local\Temp\ccWG43El.debug.temp.o
 .debug_abbrev  0x00002f98      0x1cf C:\Users\kunal\AppData\Local\Temp\ccYz6vvs.debug.temp.o
 .debug_abbrev  0x00003167      0x2ae C:\Users\kunal\AppData\Local\Temp\ccKM0Yrz.debug.temp.o
 .debug_abbrev  0x00003415      0x28f C:\Users\kunal\AppData\Local\Temp\ccqkJevM.debug.temp.o
 .debug_abbrev  0x000036a4      0x284 C:\Users\kunal\AppData\Local\Temp\ccInsnOY.debug.temp.o
 .debug_abbrev  0x00003928      0x20b C:\Users\kunal\AppData\Local\Temp\cc0sMmxb.debug.temp.o
 .debug_abbrev  0x00003b33      0x22d C:\Users\kunal\AppData\Local\Temp\ccAH67cs.debug.temp.o
 .debug_abbrev  0x00003d60      0x270 C:\Users\kunal\AppData\Local\Temp\ccWUxmtC.debug.temp.o
 .debug_abbrev  0x00003fd0      0x273 C:\Users\kunal\AppData\Local\Temp\ccewqYRM.debug.temp.o
 .debug_abbrev  0x00004243      0x2f5 C:\Users\kunal\AppData\Local\Temp\cc6ZHc7r.debug.temp.o
 .debug_abbrev  0x00004538      0x2e9 C:\Users\kunal\AppData\Local\Temp\cccT4WEL.debug.temp.o
 .debug_abbrev  0x00004821      0x233 C:\Users\kunal\AppData\Local\Temp\cc64xfmv.debug.temp.o

.debug_aranges  0x00000000      0x210
 .debug_aranges
                0x00000000       0x20 ./build/obj/crt0_v7m.o
 .debug_aranges
                0x00000020       0x20 ./build/obj/vectors.o
 .debug_aranges
                0x00000040       0x20 ./build/obj/chcoreasm_v7m.o
 .debug_aranges
                0x00000060      0x1b0 C:\Users\kunal\AppData\Local\Temp\ch.elf.IvIH02.ltrans0.ltrans.o

.debug_str      0x00000000     0x3caf
 .debug_str     0x00000000       0x9d ./build/obj/crt0_v7m.o
 .debug_str     0x0000009d       0x42 ./build/obj/vectors.o
                                 0x9c (size before relaxing)
 .debug_str     0x000000df       0x46 ./build/obj/chcoreasm_v7m.o
                                 0xa0 (size before relaxing)
 .debug_str     0x00000125      0x14f C:\Users\kunal\AppData\Local\Temp\ch.elf.IvIH02.ltrans0.ltrans.o
                                0x1a2 (size before relaxing)
 .debug_str     0x00000274      0x44a C:\Users\kunal\AppData\Local\Temp\ccWE3vs1.debug.temp.o
                                0x4f7 (size before relaxing)
 .debug_str     0x000006be      0x6bf C:\Users\kunal\AppData\Local\Temp\ccmAq976.debug.temp.o
                                0x9a9 (size before relaxing)
 .debug_str     0x00000d7d      0x136 C:\Users\kunal\AppData\Local\Temp\ccWgXcSc.debug.temp.o
                                0xaac (size before relaxing)
 .debug_str     0x00000eb3      0x6da C:\Users\kunal\AppData\Local\Temp\cce4PTGi.debug.temp.o
                               0x10a6 (size before relaxing)
 .debug_str     0x0000158d       0xcf C:\Users\kunal\AppData\Local\Temp\cci2zXzo.debug.temp.o
                                0xf1e (size before relaxing)
 .debug_str     0x0000165c      0x27e C:\Users\kunal\AppData\Local\Temp\ccGeW7uu.debug.temp.o
                                0xc0f (size before relaxing)
 .debug_str     0x000018da       0xce C:\Users\kunal\AppData\Local\Temp\cc8urjgE.debug.temp.o
                                0xa57 (size before relaxing)
 .debug_str     0x000019a8      0x13b C:\Users\kunal\AppData\Local\Temp\ccwh4KiJ.debug.temp.o
                                0xb32 (size before relaxing)
 .debug_str     0x00001ae3      0x143 C:\Users\kunal\AppData\Local\Temp\ccExOAsO.debug.temp.o
                                0xac2 (size before relaxing)
 .debug_str     0x00001c26      0x53f C:\Users\kunal\AppData\Local\Temp\cca4SfIT.debug.temp.o
                                0xeb5 (size before relaxing)
 .debug_str     0x00002165      0x189 C:\Users\kunal\AppData\Local\Temp\ccMD9C5Y.debug.temp.o
                                0xb8f (size before relaxing)
 .debug_str     0x000022ee       0x8f C:\Users\kunal\AppData\Local\Temp\ccie8CUg.debug.temp.o
                                0xa73 (size before relaxing)
 .debug_str     0x0000237d       0xf4 C:\Users\kunal\AppData\Local\Temp\ccOEfDFl.debug.temp.o
                                0xbf2 (size before relaxing)
 .debug_str     0x00002471       0xab C:\Users\kunal\AppData\Local\Temp\ccWqQPjp.debug.temp.o
                                0xc0f (size before relaxing)
 .debug_str     0x0000251c       0xd4 C:\Users\kunal\AppData\Local\Temp\ccGekt7s.debug.temp.o
                                0xbc2 (size before relaxing)
 .debug_str     0x000025f0      0x30b C:\Users\kunal\AppData\Local\Temp\ccai8XhE.debug.temp.o
                                0xb59 (size before relaxing)
 .debug_str     0x000028fb       0x70 C:\Users\kunal\AppData\Local\Temp\cceGjdA0.debug.temp.o
                                0x88c (size before relaxing)
 .debug_str     0x0000296b      0x150 C:\Users\kunal\AppData\Local\Temp\cc48QWi8.debug.temp.o
                                0x96f (size before relaxing)
 .debug_str     0x00002abb      0x291 C:\Users\kunal\AppData\Local\Temp\ccKUsSVe.debug.temp.o
                                0xafe (size before relaxing)
 .debug_str     0x00002d4c       0x8f C:\Users\kunal\AppData\Local\Temp\ccWG43El.debug.temp.o
                                0x8de (size before relaxing)
 .debug_str     0x00002ddb       0xc9 C:\Users\kunal\AppData\Local\Temp\ccYz6vvs.debug.temp.o
                                0x89c (size before relaxing)
 .debug_str     0x00002ea4       0xa9 C:\Users\kunal\AppData\Local\Temp\ccKM0Yrz.debug.temp.o
                                0xc64 (size before relaxing)
 .debug_str     0x00002f4d       0xc1 C:\Users\kunal\AppData\Local\Temp\ccqkJevM.debug.temp.o
                                0x8cd (size before relaxing)
 .debug_str     0x0000300e      0x1a5 C:\Users\kunal\AppData\Local\Temp\ccInsnOY.debug.temp.o
                                0x9d7 (size before relaxing)
 .debug_str     0x000031b3       0xa2 C:\Users\kunal\AppData\Local\Temp\cc0sMmxb.debug.temp.o
                                0x8b0 (size before relaxing)
 .debug_str     0x00003255       0xa6 C:\Users\kunal\AppData\Local\Temp\ccAH67cs.debug.temp.o
                                0x87b (size before relaxing)
 .debug_str     0x000032fb       0xa4 C:\Users\kunal\AppData\Local\Temp\ccWUxmtC.debug.temp.o
                                0x890 (size before relaxing)
 .debug_str     0x0000339f      0x144 C:\Users\kunal\AppData\Local\Temp\ccewqYRM.debug.temp.o
                                0x92c (size before relaxing)
 .debug_str     0x000034e3      0x3ea C:\Users\kunal\AppData\Local\Temp\cc6ZHc7r.debug.temp.o
                               0x1023 (size before relaxing)
 .debug_str     0x000038cd      0x143 C:\Users\kunal\AppData\Local\Temp\cccT4WEL.debug.temp.o
                               0x1357 (size before relaxing)
 .debug_str     0x00003a10      0x29f C:\Users\kunal\AppData\Local\Temp\cc64xfmv.debug.temp.o
                                0xc93 (size before relaxing)

.debug_loc      0x00000000     0x3130
 .debug_loc     0x00000000     0x3130 C:\Users\kunal\AppData\Local\Temp\ch.elf.IvIH02.ltrans0.ltrans.o

.debug_ranges   0x00000000     0x29b0
 .debug_ranges  0x00000000     0x29b0 C:\Users\kunal\AppData\Local\Temp\ch.elf.IvIH02.ltrans0.ltrans.o

.debug_frame    0x00000000      0x558
 .debug_frame   0x00000000      0x558 C:\Users\kunal\AppData\Local\Temp\ch.elf.IvIH02.ltrans0.ltrans.o

Cross Reference Table

Symbol                                            File
BusFault_Handler                                  ./build/obj/vectors.o
DebugMon_Handler                                  ./build/obj/vectors.o
HardFault_Handler                                 ./build/obj/vectors.o
MemManage_Handler                                 ./build/obj/vectors.o
NMI_Handler                                       ./build/obj/vectors.o
PendSV_Handler                                    ./build/obj/vectors.o
Reset_Handler                                     ./build/obj/vectors.o
SD2                                               ./build/obj/hal_serial_lld.o (symbol from plugin)
                                                  ./build/obj/main.o (symbol from plugin)
SD4                                               ./build/obj/hal_serial_lld.o (symbol from plugin)
                                                  ./build/obj/main.o (symbol from plugin)
SVC_Handler                                       C:\Users\kunal\AppData\Local\Temp\ch.elf.IvIH02.ltrans0.ltrans.o
                                                  ./build/obj/chcore_v7m.o (symbol from plugin)
                                                  ./build/obj/vectors.o
SysTick_Handler                                   ./build/obj/vectors.o
SystemCoreClock                                   ./build/obj/hal_lld.o (symbol from plugin)
UsageFault_Handler                                ./build/obj/vectors.o
Vector100                                         ./build/obj/vectors.o
Vector104                                         ./build/obj/vectors.o
Vector108                                         ./build/obj/vectors.o
Vector10C                                         ./build/obj/vectors.o
Vector110                                         C:\Users\kunal\AppData\Local\Temp\ch.elf.IvIH02.ltrans0.ltrans.o
                                                  ./build/obj/hal_serial_lld.o (symbol from plugin)
                                                  ./build/obj/vectors.o
Vector114                                         ./build/obj/vectors.o
Vector118                                         ./build/obj/vectors.o
Vector11C                                         ./build/obj/vectors.o
Vector120                                         ./build/obj/vectors.o
Vector124                                         ./build/obj/vectors.o
Vector128                                         ./build/obj/vectors.o
Vector12C                                         ./build/obj/vectors.o
Vector130                                         ./build/obj/vectors.o
Vector134                                         ./build/obj/vectors.o
Vector138                                         ./build/obj/vectors.o
Vector13C                                         ./build/obj/vectors.o
Vector140                                         ./build/obj/vectors.o
Vector144                                         ./build/obj/vectors.o
Vector148                                         ./build/obj/vectors.o
Vector14C                                         ./build/obj/vectors.o
Vector150                                         ./build/obj/vectors.o
Vector154                                         ./build/obj/vectors.o
Vector158                                         ./build/obj/vectors.o
Vector15C                                         ./build/obj/vectors.o
Vector160                                         ./build/obj/vectors.o
Vector164                                         ./build/obj/vectors.o
Vector168                                         ./build/obj/vectors.o
Vector16C                                         ./build/obj/vectors.o
Vector170                                         ./build/obj/vectors.o
Vector174                                         ./build/obj/vectors.o
Vector178                                         ./build/obj/vectors.o
Vector17C                                         ./build/obj/vectors.o
Vector180                                         ./build/obj/vectors.o
Vector184                                         ./build/obj/vectors.o
Vector188                                         ./build/obj/vectors.o
Vector18C                                         ./build/obj/vectors.o
Vector190                                         ./build/obj/vectors.o
Vector194                                         ./build/obj/vectors.o
Vector198                                         ./build/obj/vectors.o
Vector19C                                         ./build/obj/vectors.o
Vector1A0                                         ./build/obj/vectors.o
Vector1A4                                         ./build/obj/vectors.o
Vector1A8                                         ./build/obj/vectors.o
Vector1AC                                         ./build/obj/vectors.o
Vector1B0                                         ./build/obj/vectors.o
Vector1B4                                         ./build/obj/vectors.o
Vector1B8                                         ./build/obj/vectors.o
Vector1BC                                         ./build/obj/vectors.o
Vector1C                                          ./build/obj/vectors.o
Vector1C0                                         ./build/obj/vectors.o
Vector1C4                                         ./build/obj/vectors.o
Vector1C8                                         ./build/obj/vectors.o
Vector1CC                                         ./build/obj/vectors.o
Vector1D0                                         ./build/obj/vectors.o
Vector1D4                                         ./build/obj/vectors.o
Vector1D8                                         ./build/obj/vectors.o
Vector1DC                                         ./build/obj/vectors.o
Vector20                                          ./build/obj/vectors.o
Vector24                                          ./build/obj/vectors.o
Vector28                                          ./build/obj/vectors.o
Vector34                                          ./build/obj/vectors.o
Vector40                                          ./build/obj/vectors.o
Vector44                                          ./build/obj/vectors.o
Vector48                                          ./build/obj/vectors.o
Vector4C                                          ./build/obj/vectors.o
Vector50                                          ./build/obj/vectors.o
Vector54                                          ./build/obj/vectors.o
Vector58                                          ./build/obj/vectors.o
Vector5C                                          ./build/obj/vectors.o
Vector60                                          ./build/obj/vectors.o
Vector64                                          ./build/obj/vectors.o
Vector68                                          ./build/obj/vectors.o
Vector6C                                          ./build/obj/vectors.o
Vector70                                          ./build/obj/vectors.o
Vector74                                          ./build/obj/vectors.o
Vector78                                          ./build/obj/vectors.o
Vector7C                                          ./build/obj/vectors.o
Vector80                                          ./build/obj/vectors.o
Vector84                                          ./build/obj/vectors.o
Vector88                                          ./build/obj/vectors.o
Vector8C                                          ./build/obj/vectors.o
Vector90                                          ./build/obj/vectors.o
Vector94                                          ./build/obj/vectors.o
Vector98                                          ./build/obj/vectors.o
Vector9C                                          ./build/obj/vectors.o
VectorA0                                          ./build/obj/vectors.o
VectorA4                                          ./build/obj/vectors.o
VectorA8                                          ./build/obj/vectors.o
VectorAC                                          ./build/obj/vectors.o
VectorB0                                          C:\Users\kunal\AppData\Local\Temp\ch.elf.IvIH02.ltrans0.ltrans.o
                                                  ./build/obj/hal_st_lld.o (symbol from plugin)
                                                  ./build/obj/vectors.o
VectorB4                                          ./build/obj/vectors.o
VectorB8                                          ./build/obj/vectors.o
VectorBC                                          ./build/obj/vectors.o
VectorC0                                          ./build/obj/vectors.o
VectorC4                                          ./build/obj/vectors.o
VectorC8                                          ./build/obj/vectors.o
VectorCC                                          ./build/obj/vectors.o
VectorD0                                          ./build/obj/vectors.o
VectorD4                                          ./build/obj/vectors.o
VectorD8                                          C:\Users\kunal\AppData\Local\Temp\ch.elf.IvIH02.ltrans0.ltrans.o
                                                  ./build/obj/hal_serial_lld.o (symbol from plugin)
                                                  ./build/obj/vectors.o
VectorDC                                          ./build/obj/vectors.o
VectorE0                                          ./build/obj/vectors.o
VectorE4                                          ./build/obj/vectors.o
VectorE8                                          ./build/obj/vectors.o
VectorEC                                          ./build/obj/vectors.o
VectorF0                                          ./build/obj/vectors.o
VectorF4                                          ./build/obj/vectors.o
VectorF8                                          ./build/obj/vectors.o
VectorFC                                          ./build/obj/vectors.o
__bss_base__                                      ./build/obj/ch_test.o (symbol from plugin)
                                                  ./build/obj/crt0_v7m.o
__bss_end__                                       ./build/obj/ch_test.o (symbol from plugin)
                                                  ./build/obj/crt0_v7m.o
__ch_delegate_fn0                                 ./build/obj/chdelegates.o (symbol from plugin)
                                                  ./build/obj/oslib_test_sequence_005.o (symbol from plugin)
__ch_delegate_fn1                                 ./build/obj/chdelegates.o (symbol from plugin)
                                                  ./build/obj/oslib_test_sequence_005.o (symbol from plugin)
__ch_delegate_fn2                                 ./build/obj/chdelegates.o (symbol from plugin)
                                                  ./build/obj/oslib_test_sequence_005.o (symbol from plugin)
__ch_delegate_fn3                                 ./build/obj/chdelegates.o (symbol from plugin)
                                                  ./build/obj/oslib_test_sequence_005.o (symbol from plugin)
__ch_delegate_fn4                                 ./build/obj/chdelegates.o (symbol from plugin)
                                                  ./build/obj/oslib_test_sequence_005.o (symbol from plugin)
__core_init                                       C:\Users\kunal\AppData\Local\Temp\ch.elf.IvIH02.ltrans0.ltrans.o
                                                  ./build/obj/crt1.o (symbol from plugin)
                                                  ./build/obj/crt0_v7m.o
__data_base__                                     ./build/obj/ch_test.o (symbol from plugin)
                                                  ./build/obj/crt0_v7m.o
__data_end__                                      ./build/obj/ch_test.o (symbol from plugin)
                                                  ./build/obj/crt0_v7m.o
__default_exit                                    C:\Users\kunal\AppData\Local\Temp\ch.elf.IvIH02.ltrans0.ltrans.o
                                                  ./build/obj/crt1.o (symbol from plugin)
                                                  ./build/obj/crt0_v7m.o
__early_init                                      C:\Users\kunal\AppData\Local\Temp\ch.elf.IvIH02.ltrans0.ltrans.o
                                                  ./build/obj/board.o (symbol from plugin)
                                                  ./build/obj/crt1.o (symbol from plugin)
                                                  ./build/obj/crt0_v7m.o
__fini_array_base__                               ./build/obj/crt0_v7m.o
__fini_array_end__                                ./build/obj/crt0_v7m.o
__heap_base__                                     C:\Users\kunal\AppData\Local\Temp\ch.elf.IvIH02.ltrans0.ltrans.o
                                                  ./build/obj/chmemcore.o (symbol from plugin)
__heap_end__                                      C:\Users\kunal\AppData\Local\Temp\ch.elf.IvIH02.ltrans0.ltrans.o
                                                  ./build/obj/chmemcore.o (symbol from plugin)
__init_array_base__                               ./build/obj/crt0_v7m.o
__init_array_end__                                ./build/obj/crt0_v7m.o
__init_ram_areas                                  C:\Users\kunal\AppData\Local\Temp\ch.elf.IvIH02.ltrans0.ltrans.o
                                                  ./build/obj/crt1.o (symbol from plugin)
                                                  ./build/obj/crt0_v7m.o
__late_init                                       C:\Users\kunal\AppData\Local\Temp\ch.elf.IvIH02.ltrans0.ltrans.o
                                                  ./build/obj/crt1.o (symbol from plugin)
                                                  ./build/obj/crt0_v7m.o
__main_stack_base__                               ./build/obj/crt0_v7m.o
__main_stack_end__                                ./build/obj/vectors.o
                                                  ./build/obj/crt0_v7m.o
__process_stack_base__                            ./build/obj/crt0_v7m.o
__process_stack_end__                             ./build/obj/crt0_v7m.o
__ram0_clear__                                    C:\Users\kunal\AppData\Local\Temp\ch.elf.IvIH02.ltrans0.ltrans.o
                                                  ./build/obj/crt1.o (symbol from plugin)
__ram0_init__                                     C:\Users\kunal\AppData\Local\Temp\ch.elf.IvIH02.ltrans0.ltrans.o
                                                  ./build/obj/crt1.o (symbol from plugin)
__ram0_init_text__                                C:\Users\kunal\AppData\Local\Temp\ch.elf.IvIH02.ltrans0.ltrans.o
                                                  ./build/obj/crt1.o (symbol from plugin)
__ram0_noinit__                                   C:\Users\kunal\AppData\Local\Temp\ch.elf.IvIH02.ltrans0.ltrans.o
                                                  ./build/obj/crt1.o (symbol from plugin)
__ram1_clear__                                    C:\Users\kunal\AppData\Local\Temp\ch.elf.IvIH02.ltrans0.ltrans.o
                                                  ./build/obj/crt1.o (symbol from plugin)
__ram1_init__                                     C:\Users\kunal\AppData\Local\Temp\ch.elf.IvIH02.ltrans0.ltrans.o
                                                  ./build/obj/crt1.o (symbol from plugin)
__ram1_init_text__                                C:\Users\kunal\AppData\Local\Temp\ch.elf.IvIH02.ltrans0.ltrans.o
                                                  ./build/obj/crt1.o (symbol from plugin)
__ram1_noinit__                                   C:\Users\kunal\AppData\Local\Temp\ch.elf.IvIH02.ltrans0.ltrans.o
                                                  ./build/obj/crt1.o (symbol from plugin)
__ram2_clear__                                    C:\Users\kunal\AppData\Local\Temp\ch.elf.IvIH02.ltrans0.ltrans.o
                                                  ./build/obj/crt1.o (symbol from plugin)
__ram2_init__                                     C:\Users\kunal\AppData\Local\Temp\ch.elf.IvIH02.ltrans0.ltrans.o
                                                  ./build/obj/crt1.o (symbol from plugin)
__ram2_init_text__                                C:\Users\kunal\AppData\Local\Temp\ch.elf.IvIH02.ltrans0.ltrans.o
                                                  ./build/obj/crt1.o (symbol from plugin)
__ram2_noinit__                                   C:\Users\kunal\AppData\Local\Temp\ch.elf.IvIH02.ltrans0.ltrans.o
                                                  ./build/obj/crt1.o (symbol from plugin)
__ram3_clear__                                    C:\Users\kunal\AppData\Local\Temp\ch.elf.IvIH02.ltrans0.ltrans.o
                                                  ./build/obj/crt1.o (symbol from plugin)
__ram3_init__                                     C:\Users\kunal\AppData\Local\Temp\ch.elf.IvIH02.ltrans0.ltrans.o
                                                  ./build/obj/crt1.o (symbol from plugin)
__ram3_init_text__                                C:\Users\kunal\AppData\Local\Temp\ch.elf.IvIH02.ltrans0.ltrans.o
                                                  ./build/obj/crt1.o (symbol from plugin)
__ram3_noinit__                                   C:\Users\kunal\AppData\Local\Temp\ch.elf.IvIH02.ltrans0.ltrans.o
                                                  ./build/obj/crt1.o (symbol from plugin)
__ram4_clear__                                    C:\Users\kunal\AppData\Local\Temp\ch.elf.IvIH02.ltrans0.ltrans.o
                                                  ./build/obj/crt1.o (symbol from plugin)
__ram4_init__                                     C:\Users\kunal\AppData\Local\Temp\ch.elf.IvIH02.ltrans0.ltrans.o
                                                  ./build/obj/crt1.o (symbol from plugin)
__ram4_init_text__                                C:\Users\kunal\AppData\Local\Temp\ch.elf.IvIH02.ltrans0.ltrans.o
                                                  ./build/obj/crt1.o (symbol from plugin)
__ram4_noinit__                                   C:\Users\kunal\AppData\Local\Temp\ch.elf.IvIH02.ltrans0.ltrans.o
                                                  ./build/obj/crt1.o (symbol from plugin)
__ram5_clear__                                    C:\Users\kunal\AppData\Local\Temp\ch.elf.IvIH02.ltrans0.ltrans.o
                                                  ./build/obj/crt1.o (symbol from plugin)
__ram5_init__                                     C:\Users\kunal\AppData\Local\Temp\ch.elf.IvIH02.ltrans0.ltrans.o
                                                  ./build/obj/crt1.o (symbol from plugin)
__ram5_init_text__                                C:\Users\kunal\AppData\Local\Temp\ch.elf.IvIH02.ltrans0.ltrans.o
                                                  ./build/obj/crt1.o (symbol from plugin)
__ram5_noinit__                                   C:\Users\kunal\AppData\Local\Temp\ch.elf.IvIH02.ltrans0.ltrans.o
                                                  ./build/obj/crt1.o (symbol from plugin)
__ram6_clear__                                    C:\Users\kunal\AppData\Local\Temp\ch.elf.IvIH02.ltrans0.ltrans.o
                                                  ./build/obj/crt1.o (symbol from plugin)
__ram6_init__                                     C:\Users\kunal\AppData\Local\Temp\ch.elf.IvIH02.ltrans0.ltrans.o
                                                  ./build/obj/crt1.o (symbol from plugin)
__ram6_init_text__                                C:\Users\kunal\AppData\Local\Temp\ch.elf.IvIH02.ltrans0.ltrans.o
                                                  ./build/obj/crt1.o (symbol from plugin)
__ram6_noinit__                                   C:\Users\kunal\AppData\Local\Temp\ch.elf.IvIH02.ltrans0.ltrans.o
                                                  ./build/obj/crt1.o (symbol from plugin)
__ram7_clear__                                    C:\Users\kunal\AppData\Local\Temp\ch.elf.IvIH02.ltrans0.ltrans.o
                                                  ./build/obj/crt1.o (symbol from plugin)
__ram7_init__                                     C:\Users\kunal\AppData\Local\Temp\ch.elf.IvIH02.ltrans0.ltrans.o
                                                  ./build/obj/crt1.o (symbol from plugin)
__ram7_init_text__                                C:\Users\kunal\AppData\Local\Temp\ch.elf.IvIH02.ltrans0.ltrans.o
                                                  ./build/obj/crt1.o (symbol from plugin)
__ram7_noinit__                                   C:\Users\kunal\AppData\Local\Temp\ch.elf.IvIH02.ltrans0.ltrans.o
                                                  ./build/obj/crt1.o (symbol from plugin)
__rodata_base__                                   ./build/obj/ch_test.o (symbol from plugin)
__rodata_end__                                    ./build/obj/ch_test.o (symbol from plugin)
__text_base__                                     ./build/obj/ch_test.o (symbol from plugin)
__text_end__                                      ./build/obj/ch_test.o (symbol from plugin)
__textdata_base__                                 ./build/obj/crt0_v7m.o
_core_init                                        ./build/obj/chmemcore.o (symbol from plugin)
                                                  ./build/obj/chsys.o (symbol from plugin)
_crt0_entry                                       ./build/obj/crt0_v7m.o
                                                  ./build/obj/vectors.o
_factory_init                                     ./build/obj/chfactory.o (symbol from plugin)
                                                  ./build/obj/chsys.o (symbol from plugin)
_heap_init                                        ./build/obj/chmemheaps.o (symbol from plugin)
                                                  ./build/obj/chsys.o (symbol from plugin)
_pal_lld_init                                     ./build/obj/hal_pal_lld.o (symbol from plugin)
                                                  ./build/obj/hal.o (symbol from plugin)
_pal_lld_setgroupmode                             ./build/obj/hal_pal_lld.o (symbol from plugin)
                                                  ./build/obj/main.o (symbol from plugin)
                                                  ./build/obj/hal_pal.o (symbol from plugin)
_port_exit_from_isr                               ./build/obj/chcoreasm_v7m.o
                                                  C:\Users\kunal\AppData\Local\Temp\ch.elf.IvIH02.ltrans0.ltrans.o
                                                  ./build/obj/chcore_v7m.o (symbol from plugin)
_port_irq_epilogue                                ./build/obj/chcore_v7m.o (symbol from plugin)
                                                  ./build/obj/hal_serial_lld.o (symbol from plugin)
                                                  ./build/obj/hal_st_lld.o (symbol from plugin)
_port_switch                                      ./build/obj/chcoreasm_v7m.o
                                                  C:\Users\kunal\AppData\Local\Temp\ch.elf.IvIH02.ltrans0.ltrans.o
                                                  ./build/obj/chschd.o (symbol from plugin)
_port_switch_from_isr                             ./build/obj/chcoreasm_v7m.o
                                                  C:\Users\kunal\AppData\Local\Temp\ch.elf.IvIH02.ltrans0.ltrans.o
                                                  ./build/obj/chcore_v7m.o (symbol from plugin)
_port_thread_start                                ./build/obj/chcoreasm_v7m.o
                                                  C:\Users\kunal\AppData\Local\Temp\ch.elf.IvIH02.ltrans0.ltrans.o
                                                  ./build/obj/chthreads.o (symbol from plugin)
_scheduler_init                                   ./build/obj/chschd.o (symbol from plugin)
                                                  ./build/obj/chsys.o (symbol from plugin)
_stats_ctxswc                                     ./build/obj/chstats.o (symbol from plugin)
                                                  ./build/obj/chschd.o (symbol from plugin)
_stats_increase_irq                               ./build/obj/chstats.o (symbol from plugin)
                                                  ./build/obj/hal_serial_lld.o (symbol from plugin)
                                                  ./build/obj/hal_st_lld.o (symbol from plugin)
_stats_init                                       ./build/obj/chstats.o (symbol from plugin)
                                                  ./build/obj/chsys.o (symbol from plugin)
_stats_start_measure_crit_isr                     ./build/obj/chstats.o (symbol from plugin)
                                                  ./build/obj/rt_test_sequence_002.o (symbol from plugin)
                                                  ./build/obj/chschd.o (symbol from plugin)
                                                  ./build/obj/chsys.o (symbol from plugin)
                                                  ./build/obj/hal_serial_lld.o (symbol from plugin)
                                                  ./build/obj/hal_st_lld.o (symbol from plugin)
_stats_start_measure_crit_thd                     C:\Users\kunal\AppData\Local\Temp\ch.elf.IvIH02.ltrans0.ltrans.o
                                                  ./build/obj/chstats.o (symbol from plugin)
                                                  ./build/obj/oslib_test_sequence_006.o (symbol from plugin)
                                                  ./build/obj/oslib_test_sequence_002.o (symbol from plugin)
                                                  ./build/obj/rt_test_sequence_011.o (symbol from plugin)
                                                  ./build/obj/rt_test_sequence_009.o (symbol from plugin)
                                                  ./build/obj/rt_test_sequence_008.o (symbol from plugin)
                                                  ./build/obj/rt_test_sequence_007.o (symbol from plugin)
                                                  ./build/obj/rt_test_sequence_006.o (symbol from plugin)
                                                  ./build/obj/rt_test_sequence_005.o (symbol from plugin)
                                                  ./build/obj/rt_test_sequence_004.o (symbol from plugin)
                                                  ./build/obj/rt_test_sequence_002.o (symbol from plugin)
                                                  ./build/obj/rt_test_root.o (symbol from plugin)
                                                  ./build/obj/ch_test.o (symbol from plugin)
                                                  ./build/obj/chdelegates.o (symbol from plugin)
                                                  ./build/obj/chobjcaches.o (symbol from plugin)
                                                  ./build/obj/chpipes.o (symbol from plugin)
                                                  ./build/obj/chmempools.o (symbol from plugin)
                                                  ./build/obj/chmemcore.o (symbol from plugin)
                                                  ./build/obj/chmboxes.o (symbol from plugin)
                                                  ./build/obj/chdynamic.o (symbol from plugin)
                                                  ./build/obj/chmsg.o (symbol from plugin)
                                                  ./build/obj/chevents.o (symbol from plugin)
                                                  ./build/obj/chcond.o (symbol from plugin)
                                                  ./build/obj/chmtx.o (symbol from plugin)
                                                  ./build/obj/chsem.o (symbol from plugin)
                                                  ./build/obj/chregistry.o (symbol from plugin)
                                                  ./build/obj/chthreads.o (symbol from plugin)
                                                  ./build/obj/chsys.o (symbol from plugin)
                                                  ./build/obj/hal_serial.o (symbol from plugin)
                                                  ./build/obj/hal_queues.o (symbol from plugin)
                                                  ./build/obj/hal_buffers.o (symbol from plugin)
                                                  ./build/obj/chcoreasm_v7m.o
_stats_stop_measure_crit_isr                      ./build/obj/chstats.o (symbol from plugin)
                                                  ./build/obj/rt_test_sequence_002.o (symbol from plugin)
                                                  ./build/obj/chschd.o (symbol from plugin)
                                                  ./build/obj/chsys.o (symbol from plugin)
                                                  ./build/obj/hal_serial_lld.o (symbol from plugin)
                                                  ./build/obj/hal_st_lld.o (symbol from plugin)
_stats_stop_measure_crit_thd                      C:\Users\kunal\AppData\Local\Temp\ch.elf.IvIH02.ltrans0.ltrans.o
                                                  ./build/obj/chstats.o (symbol from plugin)
                                                  ./build/obj/oslib_test_sequence_006.o (symbol from plugin)
                                                  ./build/obj/oslib_test_sequence_002.o (symbol from plugin)
                                                  ./build/obj/rt_test_sequence_011.o (symbol from plugin)
                                                  ./build/obj/rt_test_sequence_009.o (symbol from plugin)
                                                  ./build/obj/rt_test_sequence_008.o (symbol from plugin)
                                                  ./build/obj/rt_test_sequence_007.o (symbol from plugin)
                                                  ./build/obj/rt_test_sequence_006.o (symbol from plugin)
                                                  ./build/obj/rt_test_sequence_005.o (symbol from plugin)
                                                  ./build/obj/rt_test_sequence_004.o (symbol from plugin)
                                                  ./build/obj/rt_test_sequence_002.o (symbol from plugin)
                                                  ./build/obj/rt_test_root.o (symbol from plugin)
                                                  ./build/obj/ch_test.o (symbol from plugin)
                                                  ./build/obj/chdelegates.o (symbol from plugin)
                                                  ./build/obj/chobjcaches.o (symbol from plugin)
                                                  ./build/obj/chpipes.o (symbol from plugin)
                                                  ./build/obj/chmempools.o (symbol from plugin)
                                                  ./build/obj/chmemcore.o (symbol from plugin)
                                                  ./build/obj/chmboxes.o (symbol from plugin)
                                                  ./build/obj/chdynamic.o (symbol from plugin)
                                                  ./build/obj/chmsg.o (symbol from plugin)
                                                  ./build/obj/chevents.o (symbol from plugin)
                                                  ./build/obj/chcond.o (symbol from plugin)
                                                  ./build/obj/chmtx.o (symbol from plugin)
                                                  ./build/obj/chsem.o (symbol from plugin)
                                                  ./build/obj/chregistry.o (symbol from plugin)
                                                  ./build/obj/chthreads.o (symbol from plugin)
                                                  ./build/obj/chsys.o (symbol from plugin)
                                                  ./build/obj/hal_serial.o (symbol from plugin)
                                                  ./build/obj/hal_queues.o (symbol from plugin)
                                                  ./build/obj/hal_buffers.o (symbol from plugin)
                                                  ./build/obj/chcoreasm_v7m.o
_test_assert                                      ./build/obj/ch_test.o (symbol from plugin)
                                                  ./build/obj/oslib_test_sequence_009.o (symbol from plugin)
                                                  ./build/obj/oslib_test_sequence_008.o (symbol from plugin)
                                                  ./build/obj/oslib_test_sequence_007.o (symbol from plugin)
                                                  ./build/obj/oslib_test_sequence_006.o (symbol from plugin)
                                                  ./build/obj/oslib_test_sequence_005.o (symbol from plugin)
                                                  ./build/obj/oslib_test_sequence_003.o (symbol from plugin)
                                                  ./build/obj/oslib_test_sequence_002.o (symbol from plugin)
                                                  ./build/obj/rt_test_sequence_010.o (symbol from plugin)
                                                  ./build/obj/rt_test_sequence_009.o (symbol from plugin)
                                                  ./build/obj/rt_test_sequence_007.o (symbol from plugin)
                                                  ./build/obj/rt_test_sequence_006.o (symbol from plugin)
                                                  ./build/obj/rt_test_sequence_005.o (symbol from plugin)
                                                  ./build/obj/rt_test_sequence_004.o (symbol from plugin)
                                                  ./build/obj/rt_test_sequence_003.o (symbol from plugin)
                                                  ./build/obj/rt_test_sequence_002.o (symbol from plugin)
_test_assert_sequence                             ./build/obj/ch_test.o (symbol from plugin)
                                                  ./build/obj/oslib_test_sequence_006.o (symbol from plugin)
                                                  ./build/obj/oslib_test_sequence_005.o (symbol from plugin)
                                                  ./build/obj/oslib_test_sequence_004.o (symbol from plugin)
                                                  ./build/obj/oslib_test_sequence_002.o (symbol from plugin)
                                                  ./build/obj/rt_test_sequence_010.o (symbol from plugin)
                                                  ./build/obj/rt_test_sequence_009.o (symbol from plugin)
                                                  ./build/obj/rt_test_sequence_008.o (symbol from plugin)
                                                  ./build/obj/rt_test_sequence_007.o (symbol from plugin)
                                                  ./build/obj/rt_test_sequence_006.o (symbol from plugin)
                                                  ./build/obj/rt_test_sequence_004.o (symbol from plugin)
_test_assert_time_window                          ./build/obj/ch_test.o (symbol from plugin)
                                                  ./build/obj/rt_test_sequence_009.o (symbol from plugin)
                                                  ./build/obj/rt_test_sequence_006.o (symbol from plugin)
                                                  ./build/obj/rt_test_sequence_005.o (symbol from plugin)
                                                  ./build/obj/rt_test_sequence_004.o (symbol from plugin)
_test_fail                                        ./build/obj/ch_test.o (symbol from plugin)
_thread_init                                      ./build/obj/chthreads.o (symbol from plugin)
                                                  ./build/obj/chsys.o (symbol from plugin)
_thread_memfill                                   ./build/obj/chthreads.o (symbol from plugin)
                                                  ./build/obj/chdynamic.o (symbol from plugin)
_tm_init                                          ./build/obj/chtm.o (symbol from plugin)
                                                  ./build/obj/chsys.o (symbol from plugin)
_unhandled_exception                              ./build/obj/vectors.o
_vectors                                          ./build/obj/vectors.o
                                                  ./build/obj/crt0_v7m.o
_vt_init                                          ./build/obj/chvt.o (symbol from plugin)
                                                  ./build/obj/chsys.o (symbol from plugin)
board.c.bf9f3ea3                                  C:\Users\kunal\AppData\Local\Temp\ccGekt7s.debug.temp.o
                                                  C:\Users\kunal\AppData\Local\Temp\ch.elf.IvIH02.ltrans0.ltrans.o
boardInit                                         ./build/obj/board.o (symbol from plugin)
                                                  ./build/obj/hal.o (symbol from plugin)
ch                                                ./build/obj/chschd.o (symbol from plugin)
                                                  ./build/obj/main.o (symbol from plugin)